[2026-05-04 10:15:49] [DEBUG] === DÉBUT DE L'EXÉCUTION ===
--------------------------------------------------------------------------------
[2026-05-04 10:15:49] [DEBUG] Utilisateur connecté
Array
(
    [user_id] => 1
)

--------------------------------------------------------------------------------
[2026-05-04 10:15:49] [DEBUG] Données reçues
Array
(
    [table_id] => excelTable-salle_ffc0f5174af0c735ee1cd15562a996b7
    [salle_id] => 370
    [data] => Array
        (
            [0] => Array
                (
                    [id] => 2712
                    [type_materiel] => TEST
                    [numero_serie] => test
                    [version_firmware] => test
                    [adresse_ip] => 192.168.10.52
                    [adresse_mac] => 00:11:22:33:44:55
                    [date_fin_maintenance] => 2026-04-28
                    [reference] => 
                    [usage_materiel] => 
                    [marque] => EPSON
                    [modele] => ES-PU2010W-UST
                    [ancien_firmware] => test 2
                    [masque] => 255.255.255.0
                    [passerelle] => 192.168.1.1
                    [login] => admin
                    [password] => test1234
                    [ip_primaire] => gsd
                    [mac_primaire] => dfhdshds
                    [ip_secondaire] => dhdhsdh
                    [mac_secondaire] => dhsdhsdh
                    [stream_aes67_recu] => sdhssh
                    [stream_aes67_transmis] => sdhhds
                    [ssid] => dhhds
                    [type_cryptage] => dhdh
                    [password_wifi] => dhhdhh
                    [libelle_pa_salle] => dshsdh
                    [numero_port_switch] => dssh
                    [vlan] => dhh
                    [date_fin_garantie] => 2026-04-30
                    [date_derniere_inter] => 2026-05-01
                    [commentaire] => dhdshsdhs
                    [url_github] => https://www.test.mg
                )

        )

)

--------------------------------------------------------------------------------
[2026-05-04 10:15:49] [DEBUG] Instanciation du contrôleur ExcelController
--------------------------------------------------------------------------------
[2026-05-04 10:15:49] [DEBUG] Tentative de connexion BDD
--------------------------------------------------------------------------------
[2026-05-04 10:15:49] [DEBUG] Connexion BDD réussie
--------------------------------------------------------------------------------
[2026-05-04 10:15:49] [DEBUG] Initialisation d'ExcelModel
--------------------------------------------------------------------------------
[2026-05-04 10:15:49] [DEBUG] Table configurée: materiel
--------------------------------------------------------------------------------
[2026-05-04 10:15:49] [DEBUG] Traitement des données - 1 élément(s)
--------------------------------------------------------------------------------
[2026-05-04 10:15:49] [DEBUG] processExcelUpdate - 1 lignes à traiter
--------------------------------------------------------------------------------
[2026-05-04 10:15:49] [DEBUG] updateMultipleMateriel - Début du traitement
Array
(
    [total_items] => 1
    [is_associative] => 
)

--------------------------------------------------------------------------------
[2026-05-04 10:15:49] [DEBUG] Traitement de la ligne 1
Array
(
    [0] => id
    [1] => type_materiel
    [2] => numero_serie
    [3] => version_firmware
    [4] => adresse_ip
    [5] => adresse_mac
    [6] => date_fin_maintenance
    [7] => reference
    [8] => usage_materiel
    [9] => marque
    [10] => modele
    [11] => ancien_firmware
    [12] => masque
    [13] => passerelle
    [14] => login
    [15] => password
    [16] => ip_primaire
    [17] => mac_primaire
    [18] => ip_secondaire
    [19] => mac_secondaire
    [20] => stream_aes67_recu
    [21] => stream_aes67_transmis
    [22] => ssid
    [23] => type_cryptage
    [24] => password_wifi
    [25] => libelle_pa_salle
    [26] => numero_port_switch
    [27] => vlan
    [28] => date_fin_garantie
    [29] => date_derniere_inter
    [30] => commentaire
    [31] => url_github
)

--------------------------------------------------------------------------------
[2026-05-04 10:15:49] [DEBUG] Ligne 2712 - Données préparées
Array
(
    [fields_count] => 29
    [fields] => Array
        (
            [0] => marque
            [1] => modele
            [2] => type_materiel
            [3] => numero_serie
            [4] => version_firmware
            [5] => adresse_ip
            [6] => adresse_mac
            [7] => date_fin_maintenance
            [8] => ancien_firmware
            [9] => masque
            [10] => passerelle
            [11] => login
            [12] => password
            [13] => ip_primaire
            [14] => mac_primaire
            [15] => ip_secondaire
            [16] => mac_secondaire
            [17] => stream_aes67_recu
            [18] => stream_aes67_transmis
            [19] => ssid
            [20] => type_cryptage
            [21] => password_wifi
            [22] => libelle_pa_salle
            [23] => numero_port_switch
            [24] => vlan
            [25] => date_fin_garantie
            [26] => date_derniere_inter
            [27] => commentaire
            [28] => url_github
        )

)

--------------------------------------------------------------------------------
[2026-05-04 10:15:49] [DEBUG] Ligne 2712 - Mise à jour réussie
--------------------------------------------------------------------------------
[2026-05-04 10:15:49] [DEBUG] updateMultipleMateriel - Résultat final
Array
(
    [updated] => 1
    [errors] => Array
        (
        )

    [total] => 1
)

--------------------------------------------------------------------------------
[2026-05-04 10:15:49] [DEBUG] processExcelUpdate terminé
Array
(
    [updated] => 1
    [errors] => Array
        (
        )

    [total] => 1
)

--------------------------------------------------------------------------------
[2026-05-04 10:15:49] [DEBUG] Résultat du traitement
Array
(
    [updated] => 1
    [errors] => Array
        (
        )

    [total] => 1
)

--------------------------------------------------------------------------------
[2026-05-04 10:15:49] [DEBUG] Réponse envoyée
Array
(
    [status] => success
    [message] => 1 ligne(s) mise(s) à jour
    [updated] => 1
    [total_rows] => 1
    [errors] => Array
        (
        )

)

--------------------------------------------------------------------------------
[2026-05-04 10:15:49] [DEBUG] === FIN DE L'EXÉCUTION ===
--------------------------------------------------------------------------------
[2026-05-04 10:16:03] [DEBUG] === DÉBUT DE L'EXÉCUTION ===
--------------------------------------------------------------------------------
[2026-05-04 10:16:03] [DEBUG] Utilisateur connecté
Array
(
    [user_id] => 1
)

--------------------------------------------------------------------------------
[2026-05-04 10:16:03] [DEBUG] Données reçues
Array
(
    [table_id] => excelTable-salle_ffc0f5174af0c735ee1cd15562a996b7
    [salle_id] => 370
    [data] => Array
        (
            [0] => Array
                (
                    [id] => 2712
                    [type_materiel] => TEST TEST
                    [numero_serie] => test
                    [version_firmware] => test
                    [adresse_ip] => 192.168.10.52
                    [adresse_mac] => 00:11:22:33:44:55
                    [date_fin_maintenance] => 2026-04-28
                    [reference] => 
                    [usage_materiel] => 
                    [marque] => EPSON
                    [modele] => ES-PU2010W-UST
                    [ancien_firmware] => test 2
                    [masque] => 255.255.255.0
                    [passerelle] => 192.168.1.1
                    [login] => admin
                    [password] => test1234
                    [ip_primaire] => gsd
                    [mac_primaire] => dfhdshds
                    [ip_secondaire] => dhdhsdh
                    [mac_secondaire] => dhsdhsdh
                    [stream_aes67_recu] => sdhssh
                    [stream_aes67_transmis] => sdhhds
                    [ssid] => dhhds
                    [type_cryptage] => dhdh
                    [password_wifi] => dhhdhh
                    [libelle_pa_salle] => dshsdh
                    [numero_port_switch] => dssh
                    [vlan] => dhh
                    [date_fin_garantie] => 2026-04-30
                    [date_derniere_inter] => 2026-05-01
                    [commentaire] => dhdshsdhs
                    [url_github] => https://www.test.mg
                )

        )

)

--------------------------------------------------------------------------------
[2026-05-04 10:16:03] [DEBUG] Instanciation du contrôleur ExcelController
--------------------------------------------------------------------------------
[2026-05-04 10:16:03] [DEBUG] Tentative de connexion BDD
--------------------------------------------------------------------------------
[2026-05-04 10:16:03] [DEBUG] Connexion BDD réussie
--------------------------------------------------------------------------------
[2026-05-04 10:16:03] [DEBUG] Initialisation d'ExcelModel
--------------------------------------------------------------------------------
[2026-05-04 10:16:03] [DEBUG] Table configurée: materiel
--------------------------------------------------------------------------------
[2026-05-04 10:16:03] [DEBUG] Traitement des données - 1 élément(s)
--------------------------------------------------------------------------------
[2026-05-04 10:16:03] [DEBUG] processExcelUpdate - 1 lignes à traiter
--------------------------------------------------------------------------------
[2026-05-04 10:16:03] [DEBUG] updateMultipleMateriel - Début du traitement
Array
(
    [total_items] => 1
    [is_associative] => 
)

--------------------------------------------------------------------------------
[2026-05-04 10:16:03] [DEBUG] Traitement de la ligne 1
Array
(
    [0] => id
    [1] => type_materiel
    [2] => numero_serie
    [3] => version_firmware
    [4] => adresse_ip
    [5] => adresse_mac
    [6] => date_fin_maintenance
    [7] => reference
    [8] => usage_materiel
    [9] => marque
    [10] => modele
    [11] => ancien_firmware
    [12] => masque
    [13] => passerelle
    [14] => login
    [15] => password
    [16] => ip_primaire
    [17] => mac_primaire
    [18] => ip_secondaire
    [19] => mac_secondaire
    [20] => stream_aes67_recu
    [21] => stream_aes67_transmis
    [22] => ssid
    [23] => type_cryptage
    [24] => password_wifi
    [25] => libelle_pa_salle
    [26] => numero_port_switch
    [27] => vlan
    [28] => date_fin_garantie
    [29] => date_derniere_inter
    [30] => commentaire
    [31] => url_github
)

--------------------------------------------------------------------------------
[2026-05-04 10:16:03] [DEBUG] Ligne 2712 - Données préparées
Array
(
    [fields_count] => 29
    [fields] => Array
        (
            [0] => marque
            [1] => modele
            [2] => type_materiel
            [3] => numero_serie
            [4] => version_firmware
            [5] => adresse_ip
            [6] => adresse_mac
            [7] => date_fin_maintenance
            [8] => ancien_firmware
            [9] => masque
            [10] => passerelle
            [11] => login
            [12] => password
            [13] => ip_primaire
            [14] => mac_primaire
            [15] => ip_secondaire
            [16] => mac_secondaire
            [17] => stream_aes67_recu
            [18] => stream_aes67_transmis
            [19] => ssid
            [20] => type_cryptage
            [21] => password_wifi
            [22] => libelle_pa_salle
            [23] => numero_port_switch
            [24] => vlan
            [25] => date_fin_garantie
            [26] => date_derniere_inter
            [27] => commentaire
            [28] => url_github
        )

)

--------------------------------------------------------------------------------
[2026-05-04 10:16:03] [DEBUG] Ligne 2712 - Mise à jour réussie
--------------------------------------------------------------------------------
[2026-05-04 10:16:03] [DEBUG] updateMultipleMateriel - Résultat final
Array
(
    [updated] => 1
    [errors] => Array
        (
        )

    [total] => 1
)

--------------------------------------------------------------------------------
[2026-05-04 10:16:03] [DEBUG] processExcelUpdate terminé
Array
(
    [updated] => 1
    [errors] => Array
        (
        )

    [total] => 1
)

--------------------------------------------------------------------------------
[2026-05-04 10:16:03] [DEBUG] Résultat du traitement
Array
(
    [updated] => 1
    [errors] => Array
        (
        )

    [total] => 1
)

--------------------------------------------------------------------------------
[2026-05-04 10:16:03] [DEBUG] Réponse envoyée
Array
(
    [status] => success
    [message] => 1 ligne(s) mise(s) à jour
    [updated] => 1
    [total_rows] => 1
    [errors] => Array
        (
        )

)

--------------------------------------------------------------------------------
[2026-05-04 10:16:03] [DEBUG] === FIN DE L'EXÉCUTION ===
--------------------------------------------------------------------------------
[2026-05-04 10:16:14] [DEBUG] === DÉBUT DE L'EXÉCUTION ===
--------------------------------------------------------------------------------
[2026-05-04 10:16:14] [DEBUG] Utilisateur connecté
Array
(
    [user_id] => 1
)

--------------------------------------------------------------------------------
[2026-05-04 10:16:14] [DEBUG] Données reçues
Array
(
    [table_id] => excelTable-salle_ffc0f5174af0c735ee1cd15562a996b7
    [salle_id] => 370
    [data] => Array
        (
            [0] => Array
                (
                    [id] => 2712
                    [type_materiel] => TEST TEST sdfss
                    [numero_serie] => test
                    [version_firmware] => test
                    [adresse_ip] => 192.168.10.52
                    [adresse_mac] => 00:11:22:33:44:55
                    [date_fin_maintenance] => 2026-04-28
                    [reference] => 
                    [usage_materiel] => 
                    [marque] => EPSON
                    [modele] => ES-PU2010W-UST
                    [ancien_firmware] => test 2
                    [masque] => 255.255.255.0
                    [passerelle] => 192.168.1.1
                    [login] => admin
                    [password] => test1234
                    [ip_primaire] => gsd
                    [mac_primaire] => dfhdshds
                    [ip_secondaire] => dhdhsdh
                    [mac_secondaire] => dhsdhsdh
                    [stream_aes67_recu] => sdhssh
                    [stream_aes67_transmis] => sdhhds
                    [ssid] => dhhds
                    [type_cryptage] => dhdh
                    [password_wifi] => dhhdhh
                    [libelle_pa_salle] => dshsdh
                    [numero_port_switch] => dssh
                    [vlan] => dhh
                    [date_fin_garantie] => 2026-04-30
                    [date_derniere_inter] => 2026-05-01
                    [commentaire] => dhdshsdhs
                    [url_github] => https://www.test.mg
                )

        )

)

--------------------------------------------------------------------------------
[2026-05-04 10:16:14] [DEBUG] Instanciation du contrôleur ExcelController
--------------------------------------------------------------------------------
[2026-05-04 10:16:14] [DEBUG] Tentative de connexion BDD
--------------------------------------------------------------------------------
[2026-05-04 10:16:14] [DEBUG] Connexion BDD réussie
--------------------------------------------------------------------------------
[2026-05-04 10:16:14] [DEBUG] Initialisation d'ExcelModel
--------------------------------------------------------------------------------
[2026-05-04 10:16:14] [DEBUG] Table configurée: materiel
--------------------------------------------------------------------------------
[2026-05-04 10:16:14] [DEBUG] Traitement des données - 1 élément(s)
--------------------------------------------------------------------------------
[2026-05-04 10:16:14] [DEBUG] processExcelUpdate - 1 lignes à traiter
--------------------------------------------------------------------------------
[2026-05-04 10:16:14] [DEBUG] updateMultipleMateriel - Début du traitement
Array
(
    [total_items] => 1
    [is_associative] => 
)

--------------------------------------------------------------------------------
[2026-05-04 10:16:14] [DEBUG] Traitement de la ligne 1
Array
(
    [0] => id
    [1] => type_materiel
    [2] => numero_serie
    [3] => version_firmware
    [4] => adresse_ip
    [5] => adresse_mac
    [6] => date_fin_maintenance
    [7] => reference
    [8] => usage_materiel
    [9] => marque
    [10] => modele
    [11] => ancien_firmware
    [12] => masque
    [13] => passerelle
    [14] => login
    [15] => password
    [16] => ip_primaire
    [17] => mac_primaire
    [18] => ip_secondaire
    [19] => mac_secondaire
    [20] => stream_aes67_recu
    [21] => stream_aes67_transmis
    [22] => ssid
    [23] => type_cryptage
    [24] => password_wifi
    [25] => libelle_pa_salle
    [26] => numero_port_switch
    [27] => vlan
    [28] => date_fin_garantie
    [29] => date_derniere_inter
    [30] => commentaire
    [31] => url_github
)

--------------------------------------------------------------------------------
[2026-05-04 10:16:14] [DEBUG] Ligne 2712 - Données préparées
Array
(
    [fields_count] => 29
    [fields] => Array
        (
            [0] => marque
            [1] => modele
            [2] => type_materiel
            [3] => numero_serie
            [4] => version_firmware
            [5] => adresse_ip
            [6] => adresse_mac
            [7] => date_fin_maintenance
            [8] => ancien_firmware
            [9] => masque
            [10] => passerelle
            [11] => login
            [12] => password
            [13] => ip_primaire
            [14] => mac_primaire
            [15] => ip_secondaire
            [16] => mac_secondaire
            [17] => stream_aes67_recu
            [18] => stream_aes67_transmis
            [19] => ssid
            [20] => type_cryptage
            [21] => password_wifi
            [22] => libelle_pa_salle
            [23] => numero_port_switch
            [24] => vlan
            [25] => date_fin_garantie
            [26] => date_derniere_inter
            [27] => commentaire
            [28] => url_github
        )

)

--------------------------------------------------------------------------------
[2026-05-04 10:16:14] [DEBUG] Ligne 2712 - Mise à jour réussie
--------------------------------------------------------------------------------
[2026-05-04 10:16:14] [DEBUG] updateMultipleMateriel - Résultat final
Array
(
    [updated] => 1
    [errors] => Array
        (
        )

    [total] => 1
)

--------------------------------------------------------------------------------
[2026-05-04 10:16:14] [DEBUG] processExcelUpdate terminé
Array
(
    [updated] => 1
    [errors] => Array
        (
        )

    [total] => 1
)

--------------------------------------------------------------------------------
[2026-05-04 10:16:14] [DEBUG] Résultat du traitement
Array
(
    [updated] => 1
    [errors] => Array
        (
        )

    [total] => 1
)

--------------------------------------------------------------------------------
[2026-05-04 10:16:14] [DEBUG] Réponse envoyée
Array
(
    [status] => success
    [message] => 1 ligne(s) mise(s) à jour
    [updated] => 1
    [total_rows] => 1
    [errors] => Array
        (
        )

)

--------------------------------------------------------------------------------
[2026-05-04 10:16:14] [DEBUG] === FIN DE L'EXÉCUTION ===
--------------------------------------------------------------------------------
[2026-05-04 10:16:39] [DEBUG] === DÉBUT DE L'EXÉCUTION ===
--------------------------------------------------------------------------------
[2026-05-04 10:16:39] [DEBUG] Utilisateur connecté
Array
(
    [user_id] => 1
)

--------------------------------------------------------------------------------
[2026-05-04 10:16:39] [DEBUG] Données reçues
Array
(
    [table_id] => excelTable-salle_83a46bfe648f73d92a85c9a549b0bb67
    [salle_id] => 
    [data] => Array
        (
            [0] => Array
                (
                    [id] => 2713
                    [type_materiel] => Type Test
                    [numero_serie] => sdndsfdfgd
                    [version_firmware] => dfgdgf
                    [adresse_ip] => dfgdgf
                    [adresse_mac] => dfgd
                    [date_fin_maintenance] => gfdgd
                    [reference] => 
                    [usage_materiel] => 
                    [marque] => Marque Test
                    [modele] => Modèle Test
                    [ancien_firmware] => 
                    [masque] => 
                    [passerelle] => 
                    [login] => 
                    [password] => 
                    [ip_primaire] => 
                    [mac_primaire] => 
                    [ip_secondaire] => 
                    [mac_secondaire] => 
                    [stream_aes67_recu] => 
                    [stream_aes67_transmis] => 
                    [ssid] => 
                    [type_cryptage] => 
                    [password_wifi] => 
                    [libelle_pa_salle] => 
                    [numero_port_switch] => 
                    [vlan] => 
                    [date_fin_garantie] => 
                    [date_derniere_inter] => 
                    [commentaire] => 
                    [url_github] => 
                )

        )

)

--------------------------------------------------------------------------------
[2026-05-04 10:16:39] [DEBUG] Instanciation du contrôleur ExcelController
--------------------------------------------------------------------------------
[2026-05-04 10:16:39] [DEBUG] Tentative de connexion BDD
--------------------------------------------------------------------------------
[2026-05-04 10:16:39] [DEBUG] Connexion BDD réussie
--------------------------------------------------------------------------------
[2026-05-04 10:16:39] [DEBUG] Initialisation d'ExcelModel
--------------------------------------------------------------------------------
[2026-05-04 10:16:39] [DEBUG] Table configurée: materiel
--------------------------------------------------------------------------------
[2026-05-04 10:16:39] [DEBUG] Traitement des données - 1 élément(s)
--------------------------------------------------------------------------------
[2026-05-04 10:16:39] [DEBUG] processExcelUpdate - 1 lignes à traiter
--------------------------------------------------------------------------------
[2026-05-04 10:16:39] [DEBUG] updateMultipleMateriel - Début du traitement
Array
(
    [total_items] => 1
    [is_associative] => 
)

--------------------------------------------------------------------------------
[2026-05-04 10:16:39] [DEBUG] Traitement de la ligne 1
Array
(
    [0] => id
    [1] => type_materiel
    [2] => numero_serie
    [3] => version_firmware
    [4] => adresse_ip
    [5] => adresse_mac
    [6] => date_fin_maintenance
    [7] => reference
    [8] => usage_materiel
    [9] => marque
    [10] => modele
    [11] => ancien_firmware
    [12] => masque
    [13] => passerelle
    [14] => login
    [15] => password
    [16] => ip_primaire
    [17] => mac_primaire
    [18] => ip_secondaire
    [19] => mac_secondaire
    [20] => stream_aes67_recu
    [21] => stream_aes67_transmis
    [22] => ssid
    [23] => type_cryptage
    [24] => password_wifi
    [25] => libelle_pa_salle
    [26] => numero_port_switch
    [27] => vlan
    [28] => date_fin_garantie
    [29] => date_derniere_inter
    [30] => commentaire
    [31] => url_github
)

--------------------------------------------------------------------------------
[2026-05-04 10:16:39] [DEBUG] Ligne 2713 - Données préparées
Array
(
    [fields_count] => 7
    [fields] => Array
        (
            [0] => marque
            [1] => modele
            [2] => type_materiel
            [3] => numero_serie
            [4] => version_firmware
            [5] => adresse_ip
            [6] => adresse_mac
        )

)

--------------------------------------------------------------------------------
[2026-05-04 10:16:39] [DEBUG] Ligne 2713 - Mise à jour réussie
--------------------------------------------------------------------------------
[2026-05-04 10:16:39] [DEBUG] updateMultipleMateriel - Résultat final
Array
(
    [updated] => 1
    [errors] => Array
        (
        )

    [total] => 1
)

--------------------------------------------------------------------------------
[2026-05-04 10:16:39] [DEBUG] processExcelUpdate terminé
Array
(
    [updated] => 1
    [errors] => Array
        (
        )

    [total] => 1
)

--------------------------------------------------------------------------------
[2026-05-04 10:16:39] [DEBUG] Résultat du traitement
Array
(
    [updated] => 1
    [errors] => Array
        (
        )

    [total] => 1
)

--------------------------------------------------------------------------------
[2026-05-04 10:16:39] [DEBUG] Réponse envoyée
Array
(
    [status] => success
    [message] => 1 ligne(s) mise(s) à jour
    [updated] => 1
    [total_rows] => 1
    [errors] => Array
        (
        )

)

--------------------------------------------------------------------------------
[2026-05-04 10:16:39] [DEBUG] === FIN DE L'EXÉCUTION ===
--------------------------------------------------------------------------------
