[2026-06-10 08:03:26] === DÉBUT ===
--------------------------------------------------------------------------------
[2026-06-10 08:03:26] Input reçu
Array
(
    [raw_length] => 13554
    [has_data] => 1
)

--------------------------------------------------------------------------------
[2026-06-10 08:03:26] Connexion BDD OK
--------------------------------------------------------------------------------
[2026-06-10 08:03:26] Traitement ID: 72
--------------------------------------------------------------------------------
[2026-06-10 08:03:26] SQL
Array
(
    [sql] => UPDATE materiel SET marque = :marque, modele = :modele, type_materiel = :type_materiel, numero_serie = :numero_serie, adresse_ip = :adresse_ip, adresse_mac = :adresse_mac, masque = :masque, passerelle = :passerelle WHERE id = :id
    [params] => Array
        (
            [0] => :marque
            [1] => :modele
            [2] => :type_materiel
            [3] => :numero_serie
            [4] => :adresse_ip
            [5] => :adresse_mac
            [6] => :masque
            [7] => :passerelle
            [8] => :id
        )

)

--------------------------------------------------------------------------------
[2026-06-10 08:03:26] Mise à jour réussie ID: 72
--------------------------------------------------------------------------------
[2026-06-10 08:03:26] Traitement ID: 62
--------------------------------------------------------------------------------
[2026-06-10 08:03:26] SQL
Array
(
    [sql] => UPDATE materiel SET marque = :marque, modele = :modele, type_materiel = :type_materiel, numero_serie = :numero_serie, adresse_ip = :adresse_ip, masque = :masque, passerelle = :passerelle WHERE id = :id
    [params] => Array
        (
            [0] => :marque
            [1] => :modele
            [2] => :type_materiel
            [3] => :numero_serie
            [4] => :adresse_ip
            [5] => :masque
            [6] => :passerelle
            [7] => :id
        )

)

--------------------------------------------------------------------------------
[2026-06-10 08:03:26] Mise à jour réussie ID: 62
--------------------------------------------------------------------------------
[2026-06-10 08:03:26] Traitement ID: 66
--------------------------------------------------------------------------------
[2026-06-10 08:03:26] SQL
Array
(
    [sql] => UPDATE materiel SET marque = :marque, modele = :modele, type_materiel = :type_materiel, numero_serie = :numero_serie, version_firmware = :version_firmware, adresse_ip = :adresse_ip, adresse_mac = :adresse_mac, masque = :masque, passerelle = :passerelle WHERE id = :id
    [params] => Array
        (
            [0] => :marque
            [1] => :modele
            [2] => :type_materiel
            [3] => :numero_serie
            [4] => :version_firmware
            [5] => :adresse_ip
            [6] => :adresse_mac
            [7] => :masque
            [8] => :passerelle
            [9] => :id
        )

)

--------------------------------------------------------------------------------
[2026-06-10 08:03:26] Mise à jour réussie ID: 66
--------------------------------------------------------------------------------
[2026-06-10 08:03:26] Traitement ID: 67
--------------------------------------------------------------------------------
[2026-06-10 08:03:26] SQL
Array
(
    [sql] => UPDATE materiel SET marque = :marque, modele = :modele, numero_serie = :numero_serie, version_firmware = :version_firmware, adresse_ip = :adresse_ip, adresse_mac = :adresse_mac, masque = :masque, passerelle = :passerelle, login = :login, password = :password WHERE id = :id
    [params] => Array
        (
            [0] => :marque
            [1] => :modele
            [2] => :numero_serie
            [3] => :version_firmware
            [4] => :adresse_ip
            [5] => :adresse_mac
            [6] => :masque
            [7] => :passerelle
            [8] => :login
            [9] => :password
            [10] => :id
        )

)

--------------------------------------------------------------------------------
[2026-06-10 08:03:26] Mise à jour réussie ID: 67
--------------------------------------------------------------------------------
[2026-06-10 08:03:26] Traitement ID: 76
--------------------------------------------------------------------------------
[2026-06-10 08:03:26] SQL
Array
(
    [sql] => UPDATE materiel SET marque = :marque, modele = :modele, type_materiel = :type_materiel, numero_serie = :numero_serie, version_firmware = :version_firmware, adresse_ip = :adresse_ip, adresse_mac = :adresse_mac, ancien_firmware = :ancien_firmware, masque = :masque, passerelle = :passerelle, password_wifi = :password_wifi WHERE id = :id
    [params] => Array
        (
            [0] => :marque
            [1] => :modele
            [2] => :type_materiel
            [3] => :numero_serie
            [4] => :version_firmware
            [5] => :adresse_ip
            [6] => :adresse_mac
            [7] => :ancien_firmware
            [8] => :masque
            [9] => :passerelle
            [10] => :password_wifi
            [11] => :id
        )

)

--------------------------------------------------------------------------------
[2026-06-10 08:03:26] Mise à jour réussie ID: 76
--------------------------------------------------------------------------------
[2026-06-10 08:03:26] Traitement ID: 308
--------------------------------------------------------------------------------
[2026-06-10 08:03:26] SQL
Array
(
    [sql] => UPDATE materiel SET marque = :marque, modele = :modele, type_materiel = :type_materiel, numero_serie = :numero_serie, version_firmware = :version_firmware, adresse_ip = :adresse_ip, adresse_mac = :adresse_mac, masque = :masque, passerelle = :passerelle, password = :password, ssid = :ssid, password_wifi = :password_wifi WHERE id = :id
    [params] => Array
        (
            [0] => :marque
            [1] => :modele
            [2] => :type_materiel
            [3] => :numero_serie
            [4] => :version_firmware
            [5] => :adresse_ip
            [6] => :adresse_mac
            [7] => :masque
            [8] => :passerelle
            [9] => :password
            [10] => :ssid
            [11] => :password_wifi
            [12] => :id
        )

)

--------------------------------------------------------------------------------
[2026-06-10 08:03:26] Mise à jour réussie ID: 308
--------------------------------------------------------------------------------
[2026-06-10 08:03:26] Traitement ID: 63
--------------------------------------------------------------------------------
[2026-06-10 08:03:26] SQL
Array
(
    [sql] => UPDATE materiel SET marque = :marque, modele = :modele, type_materiel = :type_materiel, numero_serie = :numero_serie, version_firmware = :version_firmware, adresse_ip = :adresse_ip, adresse_mac = :adresse_mac, masque = :masque, passerelle = :passerelle, login = :login, password = :password, password_wifi = :password_wifi WHERE id = :id
    [params] => Array
        (
            [0] => :marque
            [1] => :modele
            [2] => :type_materiel
            [3] => :numero_serie
            [4] => :version_firmware
            [5] => :adresse_ip
            [6] => :adresse_mac
            [7] => :masque
            [8] => :passerelle
            [9] => :login
            [10] => :password
            [11] => :password_wifi
            [12] => :id
        )

)

--------------------------------------------------------------------------------
[2026-06-10 08:03:26] Mise à jour réussie ID: 63
--------------------------------------------------------------------------------
[2026-06-10 08:03:26] Traitement ID: 75
--------------------------------------------------------------------------------
[2026-06-10 08:03:26] SQL
Array
(
    [sql] => UPDATE materiel SET marque = :marque, modele = :modele, type_materiel = :type_materiel, numero_serie = :numero_serie, version_firmware = :version_firmware, adresse_ip = :adresse_ip, adresse_mac = :adresse_mac, masque = :masque, passerelle = :passerelle WHERE id = :id
    [params] => Array
        (
            [0] => :marque
            [1] => :modele
            [2] => :type_materiel
            [3] => :numero_serie
            [4] => :version_firmware
            [5] => :adresse_ip
            [6] => :adresse_mac
            [7] => :masque
            [8] => :passerelle
            [9] => :id
        )

)

--------------------------------------------------------------------------------
[2026-06-10 08:03:26] Mise à jour réussie ID: 75
--------------------------------------------------------------------------------
[2026-06-10 08:03:26] Traitement ID: 60
--------------------------------------------------------------------------------
[2026-06-10 08:03:26] SQL
Array
(
    [sql] => UPDATE materiel SET marque = :marque, modele = :modele, type_materiel = :type_materiel, numero_serie = :numero_serie, version_firmware = :version_firmware, adresse_ip = :adresse_ip, adresse_mac = :adresse_mac, masque = :masque, passerelle = :passerelle WHERE id = :id
    [params] => Array
        (
            [0] => :marque
            [1] => :modele
            [2] => :type_materiel
            [3] => :numero_serie
            [4] => :version_firmware
            [5] => :adresse_ip
            [6] => :adresse_mac
            [7] => :masque
            [8] => :passerelle
            [9] => :id
        )

)

--------------------------------------------------------------------------------
[2026-06-10 08:03:26] Mise à jour réussie ID: 60
--------------------------------------------------------------------------------
[2026-06-10 08:03:26] Traitement ID: 61
--------------------------------------------------------------------------------
[2026-06-10 08:03:26] SQL
Array
(
    [sql] => UPDATE materiel SET marque = :marque, modele = :modele, type_materiel = :type_materiel, numero_serie = :numero_serie, adresse_ip = :adresse_ip, adresse_mac = :adresse_mac, masque = :masque, passerelle = :passerelle WHERE id = :id
    [params] => Array
        (
            [0] => :marque
            [1] => :modele
            [2] => :type_materiel
            [3] => :numero_serie
            [4] => :adresse_ip
            [5] => :adresse_mac
            [6] => :masque
            [7] => :passerelle
            [8] => :id
        )

)

--------------------------------------------------------------------------------
[2026-06-10 08:03:26] Mise à jour réussie ID: 61
--------------------------------------------------------------------------------
[2026-06-10 08:03:26] Traitement ID: 71
--------------------------------------------------------------------------------
[2026-06-10 08:03:26] SQL
Array
(
    [sql] => UPDATE materiel SET marque = :marque, modele = :modele, type_materiel = :type_materiel, adresse_ip = :adresse_ip, adresse_mac = :adresse_mac, masque = :masque, passerelle = :passerelle WHERE id = :id
    [params] => Array
        (
            [0] => :marque
            [1] => :modele
            [2] => :type_materiel
            [3] => :adresse_ip
            [4] => :adresse_mac
            [5] => :masque
            [6] => :passerelle
            [7] => :id
        )

)

--------------------------------------------------------------------------------
[2026-06-10 08:03:26] Mise à jour réussie ID: 71
--------------------------------------------------------------------------------
[2026-06-10 08:03:26] Traitement ID: 68
--------------------------------------------------------------------------------
[2026-06-10 08:03:26] SQL
Array
(
    [sql] => UPDATE materiel SET marque = :marque, modele = :modele, type_materiel = :type_materiel, numero_serie = :numero_serie, adresse_ip = :adresse_ip, adresse_mac = :adresse_mac, masque = :masque, passerelle = :passerelle WHERE id = :id
    [params] => Array
        (
            [0] => :marque
            [1] => :modele
            [2] => :type_materiel
            [3] => :numero_serie
            [4] => :adresse_ip
            [5] => :adresse_mac
            [6] => :masque
            [7] => :passerelle
            [8] => :id
        )

)

--------------------------------------------------------------------------------
[2026-06-10 08:03:26] Mise à jour réussie ID: 68
--------------------------------------------------------------------------------
[2026-06-10 08:03:26] Traitement ID: 69
--------------------------------------------------------------------------------
[2026-06-10 08:03:26] SQL
Array
(
    [sql] => UPDATE materiel SET marque = :marque, modele = :modele, type_materiel = :type_materiel, numero_serie = :numero_serie, adresse_ip = :adresse_ip, adresse_mac = :adresse_mac, masque = :masque, passerelle = :passerelle WHERE id = :id
    [params] => Array
        (
            [0] => :marque
            [1] => :modele
            [2] => :type_materiel
            [3] => :numero_serie
            [4] => :adresse_ip
            [5] => :adresse_mac
            [6] => :masque
            [7] => :passerelle
            [8] => :id
        )

)

--------------------------------------------------------------------------------
[2026-06-10 08:03:26] Mise à jour réussie ID: 69
--------------------------------------------------------------------------------
[2026-06-10 08:03:26] Traitement ID: 70
--------------------------------------------------------------------------------
[2026-06-10 08:03:26] SQL
Array
(
    [sql] => UPDATE materiel SET marque = :marque, modele = :modele, type_materiel = :type_materiel, numero_serie = :numero_serie, adresse_ip = :adresse_ip, adresse_mac = :adresse_mac, masque = :masque, passerelle = :passerelle WHERE id = :id
    [params] => Array
        (
            [0] => :marque
            [1] => :modele
            [2] => :type_materiel
            [3] => :numero_serie
            [4] => :adresse_ip
            [5] => :adresse_mac
            [6] => :masque
            [7] => :passerelle
            [8] => :id
        )

)

--------------------------------------------------------------------------------
[2026-06-10 08:03:26] Mise à jour réussie ID: 70
--------------------------------------------------------------------------------
[2026-06-10 08:03:26] Traitement ID: 74
--------------------------------------------------------------------------------
[2026-06-10 08:03:26] SQL
Array
(
    [sql] => UPDATE materiel SET marque = :marque, modele = :modele, type_materiel = :type_materiel, numero_serie = :numero_serie, adresse_ip = :adresse_ip, masque = :masque, passerelle = :passerelle WHERE id = :id
    [params] => Array
        (
            [0] => :marque
            [1] => :modele
            [2] => :type_materiel
            [3] => :numero_serie
            [4] => :adresse_ip
            [5] => :masque
            [6] => :passerelle
            [7] => :id
        )

)

--------------------------------------------------------------------------------
[2026-06-10 08:03:26] Mise à jour réussie ID: 74
--------------------------------------------------------------------------------
[2026-06-10 08:03:26] Traitement ID: 73
--------------------------------------------------------------------------------
[2026-06-10 08:03:26] SQL
Array
(
    [sql] => UPDATE materiel SET marque = :marque, modele = :modele, type_materiel = :type_materiel, adresse_ip = :adresse_ip, masque = :masque, passerelle = :passerelle WHERE id = :id
    [params] => Array
        (
            [0] => :marque
            [1] => :modele
            [2] => :type_materiel
            [3] => :adresse_ip
            [4] => :masque
            [5] => :passerelle
            [6] => :id
        )

)

--------------------------------------------------------------------------------
[2026-06-10 08:03:26] Mise à jour réussie ID: 73
--------------------------------------------------------------------------------
[2026-06-10 08:03:26] Traitement ID: 64
--------------------------------------------------------------------------------
[2026-06-10 08:03:26] SQL
Array
(
    [sql] => UPDATE materiel SET marque = :marque, modele = :modele, type_materiel = :type_materiel, numero_serie = :numero_serie, version_firmware = :version_firmware, adresse_ip = :adresse_ip, adresse_mac = :adresse_mac, masque = :masque, passerelle = :passerelle, login = :login, password = :password WHERE id = :id
    [params] => Array
        (
            [0] => :marque
            [1] => :modele
            [2] => :type_materiel
            [3] => :numero_serie
            [4] => :version_firmware
            [5] => :adresse_ip
            [6] => :adresse_mac
            [7] => :masque
            [8] => :passerelle
            [9] => :login
            [10] => :password
            [11] => :id
        )

)

--------------------------------------------------------------------------------
[2026-06-10 08:03:26] Mise à jour réussie ID: 64
--------------------------------------------------------------------------------
[2026-06-10 08:03:26] Traitement ID: 202
--------------------------------------------------------------------------------
[2026-06-10 08:03:26] SQL
Array
(
    [sql] => UPDATE materiel SET marque = :marque, modele = :modele, numero_serie = :numero_serie WHERE id = :id
    [params] => Array
        (
            [0] => :marque
            [1] => :modele
            [2] => :numero_serie
            [3] => :id
        )

)

--------------------------------------------------------------------------------
[2026-06-10 08:03:26] Mise à jour réussie ID: 202
--------------------------------------------------------------------------------
[2026-06-10 08:03:26] Traitement ID: 65
--------------------------------------------------------------------------------
[2026-06-10 08:03:26] SQL
Array
(
    [sql] => UPDATE materiel SET marque = :marque, modele = :modele, type_materiel = :type_materiel, numero_serie = :numero_serie, adresse_ip = :adresse_ip, adresse_mac = :adresse_mac, masque = :masque, passerelle = :passerelle, login = :login, password = :password WHERE id = :id
    [params] => Array
        (
            [0] => :marque
            [1] => :modele
            [2] => :type_materiel
            [3] => :numero_serie
            [4] => :adresse_ip
            [5] => :adresse_mac
            [6] => :masque
            [7] => :passerelle
            [8] => :login
            [9] => :password
            [10] => :id
        )

)

--------------------------------------------------------------------------------
[2026-06-10 08:03:26] Mise à jour réussie ID: 65
--------------------------------------------------------------------------------
[2026-06-10 08:03:26] Réponse
Array
(
    [status] => success
    [message] => 19 ligne(s) mise(s) à jour
    [updated] => 19
    [total_rows] => 19
    [errors] => Array
        (
        )

)

--------------------------------------------------------------------------------
[2026-06-10 08:03:26] === FIN ===
--------------------------------------------------------------------------------
[2026-06-10 08:03:26] === DÉBUT ===
--------------------------------------------------------------------------------
[2026-06-10 08:03:26] Input reçu
Array
(
    [raw_length] => 8140
    [has_data] => 1
)

--------------------------------------------------------------------------------
[2026-06-10 08:03:26] Connexion BDD OK
--------------------------------------------------------------------------------
[2026-06-10 08:03:26] Traitement ID: 2706
--------------------------------------------------------------------------------
[2026-06-10 08:03:26] SQL
Array
(
    [sql] => UPDATE materiel SET marque = :marque, modele = :modele, type_materiel = :type_materiel, adresse_ip = :adresse_ip WHERE id = :id
    [params] => Array
        (
            [0] => :marque
            [1] => :modele
            [2] => :type_materiel
            [3] => :adresse_ip
            [4] => :id
        )

)

--------------------------------------------------------------------------------
[2026-06-10 08:03:26] Mise à jour réussie ID: 2706
--------------------------------------------------------------------------------
[2026-06-10 08:03:26] Traitement ID: 2697
--------------------------------------------------------------------------------
[2026-06-10 08:03:26] SQL
Array
(
    [sql] => UPDATE materiel SET marque = :marque, modele = :modele, type_materiel = :type_materiel, adresse_ip = :adresse_ip, login = :login, password = :password WHERE id = :id
    [params] => Array
        (
            [0] => :marque
            [1] => :modele
            [2] => :type_materiel
            [3] => :adresse_ip
            [4] => :login
            [5] => :password
            [6] => :id
        )

)

--------------------------------------------------------------------------------
[2026-06-10 08:03:26] Mise à jour réussie ID: 2697
--------------------------------------------------------------------------------
[2026-06-10 08:03:26] Traitement ID: 2700
--------------------------------------------------------------------------------
[2026-06-10 08:03:26] SQL
Array
(
    [sql] => UPDATE materiel SET marque = :marque, modele = :modele, type_materiel = :type_materiel, adresse_ip = :adresse_ip, login = :login, password = :password WHERE id = :id
    [params] => Array
        (
            [0] => :marque
            [1] => :modele
            [2] => :type_materiel
            [3] => :adresse_ip
            [4] => :login
            [5] => :password
            [6] => :id
        )

)

--------------------------------------------------------------------------------
[2026-06-10 08:03:26] Mise à jour réussie ID: 2700
--------------------------------------------------------------------------------
[2026-06-10 08:03:26] Traitement ID: 2698
--------------------------------------------------------------------------------
[2026-06-10 08:03:26] SQL
Array
(
    [sql] => UPDATE materiel SET marque = :marque, modele = :modele, type_materiel = :type_materiel, adresse_ip = :adresse_ip, login = :login, password = :password WHERE id = :id
    [params] => Array
        (
            [0] => :marque
            [1] => :modele
            [2] => :type_materiel
            [3] => :adresse_ip
            [4] => :login
            [5] => :password
            [6] => :id
        )

)

--------------------------------------------------------------------------------
[2026-06-10 08:03:26] Mise à jour réussie ID: 2698
--------------------------------------------------------------------------------
[2026-06-10 08:03:26] Traitement ID: 2699
--------------------------------------------------------------------------------
[2026-06-10 08:03:26] SQL
Array
(
    [sql] => UPDATE materiel SET marque = :marque, modele = :modele, type_materiel = :type_materiel, adresse_ip = :adresse_ip WHERE id = :id
    [params] => Array
        (
            [0] => :marque
            [1] => :modele
            [2] => :type_materiel
            [3] => :adresse_ip
            [4] => :id
        )

)

--------------------------------------------------------------------------------
[2026-06-10 08:03:26] Mise à jour réussie ID: 2699
--------------------------------------------------------------------------------
[2026-06-10 08:03:26] Traitement ID: 2707
--------------------------------------------------------------------------------
[2026-06-10 08:03:26] SQL
Array
(
    [sql] => UPDATE materiel SET marque = :marque, modele = :modele, type_materiel = :type_materiel, adresse_ip = :adresse_ip, login = :login, password = :password WHERE id = :id
    [params] => Array
        (
            [0] => :marque
            [1] => :modele
            [2] => :type_materiel
            [3] => :adresse_ip
            [4] => :login
            [5] => :password
            [6] => :id
        )

)

--------------------------------------------------------------------------------
[2026-06-10 08:03:26] Mise à jour réussie ID: 2707
--------------------------------------------------------------------------------
[2026-06-10 08:03:26] Traitement ID: 2708
--------------------------------------------------------------------------------
[2026-06-10 08:03:26] SQL
Array
(
    [sql] => UPDATE materiel SET marque = :marque, modele = :modele, type_materiel = :type_materiel, adresse_ip = :adresse_ip WHERE id = :id
    [params] => Array
        (
            [0] => :marque
            [1] => :modele
            [2] => :type_materiel
            [3] => :adresse_ip
            [4] => :id
        )

)

--------------------------------------------------------------------------------
[2026-06-10 08:03:26] Mise à jour réussie ID: 2708
--------------------------------------------------------------------------------
[2026-06-10 08:03:26] Traitement ID: 2701
--------------------------------------------------------------------------------
[2026-06-10 08:03:26] SQL
Array
(
    [sql] => UPDATE materiel SET marque = :marque, modele = :modele, type_materiel = :type_materiel, adresse_ip = :adresse_ip, login = :login, password = :password WHERE id = :id
    [params] => Array
        (
            [0] => :marque
            [1] => :modele
            [2] => :type_materiel
            [3] => :adresse_ip
            [4] => :login
            [5] => :password
            [6] => :id
        )

)

--------------------------------------------------------------------------------
[2026-06-10 08:03:26] Mise à jour réussie ID: 2701
--------------------------------------------------------------------------------
[2026-06-10 08:03:26] Traitement ID: 2702
--------------------------------------------------------------------------------
[2026-06-10 08:03:26] SQL
Array
(
    [sql] => UPDATE materiel SET marque = :marque, modele = :modele, type_materiel = :type_materiel, adresse_ip = :adresse_ip, login = :login, password = :password WHERE id = :id
    [params] => Array
        (
            [0] => :marque
            [1] => :modele
            [2] => :type_materiel
            [3] => :adresse_ip
            [4] => :login
            [5] => :password
            [6] => :id
        )

)

--------------------------------------------------------------------------------
[2026-06-10 08:03:26] Mise à jour réussie ID: 2702
--------------------------------------------------------------------------------
[2026-06-10 08:03:26] Traitement ID: 2704
--------------------------------------------------------------------------------
[2026-06-10 08:03:26] SQL
Array
(
    [sql] => UPDATE materiel SET marque = :marque, modele = :modele, type_materiel = :type_materiel, adresse_ip = :adresse_ip WHERE id = :id
    [params] => Array
        (
            [0] => :marque
            [1] => :modele
            [2] => :type_materiel
            [3] => :adresse_ip
            [4] => :id
        )

)

--------------------------------------------------------------------------------
[2026-06-10 08:03:26] Mise à jour réussie ID: 2704
--------------------------------------------------------------------------------
[2026-06-10 08:03:26] Traitement ID: 2705
--------------------------------------------------------------------------------
[2026-06-10 08:03:26] SQL
Array
(
    [sql] => UPDATE materiel SET marque = :marque, modele = :modele, type_materiel = :type_materiel, adresse_ip = :adresse_ip WHERE id = :id
    [params] => Array
        (
            [0] => :marque
            [1] => :modele
            [2] => :type_materiel
            [3] => :adresse_ip
            [4] => :id
        )

)

--------------------------------------------------------------------------------
[2026-06-10 08:03:26] Mise à jour réussie ID: 2705
--------------------------------------------------------------------------------
[2026-06-10 08:03:26] Traitement ID: 2703
--------------------------------------------------------------------------------
[2026-06-10 08:03:26] SQL
Array
(
    [sql] => UPDATE materiel SET marque = :marque, modele = :modele, type_materiel = :type_materiel, adresse_ip = :adresse_ip WHERE id = :id
    [params] => Array
        (
            [0] => :marque
            [1] => :modele
            [2] => :type_materiel
            [3] => :adresse_ip
            [4] => :id
        )

)

--------------------------------------------------------------------------------
[2026-06-10 08:03:26] Mise à jour réussie ID: 2703
--------------------------------------------------------------------------------
[2026-06-10 08:03:26] Réponse
Array
(
    [status] => success
    [message] => 12 ligne(s) mise(s) à jour
    [updated] => 12
    [total_rows] => 12
    [errors] => Array
        (
        )

)

--------------------------------------------------------------------------------
[2026-06-10 08:03:26] === FIN ===
--------------------------------------------------------------------------------
[2026-06-10 08:04:40] === DÉBUT ===
--------------------------------------------------------------------------------
[2026-06-10 08:04:40] Input reçu
Array
(
    [raw_length] => 8140
    [has_data] => 1
)

--------------------------------------------------------------------------------
[2026-06-10 08:04:40] Connexion BDD OK
--------------------------------------------------------------------------------
[2026-06-10 08:04:40] Traitement ID: 2706
--------------------------------------------------------------------------------
[2026-06-10 08:04:40] SQL
Array
(
    [sql] => UPDATE materiel SET marque = :marque, modele = :modele, type_materiel = :type_materiel, adresse_ip = :adresse_ip WHERE id = :id
    [params] => Array
        (
            [0] => :marque
            [1] => :modele
            [2] => :type_materiel
            [3] => :adresse_ip
            [4] => :id
        )

)

--------------------------------------------------------------------------------
[2026-06-10 08:04:40] Mise à jour réussie ID: 2706
--------------------------------------------------------------------------------
[2026-06-10 08:04:40] Traitement ID: 2697
--------------------------------------------------------------------------------
[2026-06-10 08:04:40] SQL
Array
(
    [sql] => UPDATE materiel SET marque = :marque, modele = :modele, type_materiel = :type_materiel, adresse_ip = :adresse_ip, login = :login, password = :password WHERE id = :id
    [params] => Array
        (
            [0] => :marque
            [1] => :modele
            [2] => :type_materiel
            [3] => :adresse_ip
            [4] => :login
            [5] => :password
            [6] => :id
        )

)

--------------------------------------------------------------------------------
[2026-06-10 08:04:40] Mise à jour réussie ID: 2697
--------------------------------------------------------------------------------
[2026-06-10 08:04:40] Traitement ID: 2700
--------------------------------------------------------------------------------
[2026-06-10 08:04:40] SQL
Array
(
    [sql] => UPDATE materiel SET marque = :marque, modele = :modele, type_materiel = :type_materiel, adresse_ip = :adresse_ip, login = :login, password = :password WHERE id = :id
    [params] => Array
        (
            [0] => :marque
            [1] => :modele
            [2] => :type_materiel
            [3] => :adresse_ip
            [4] => :login
            [5] => :password
            [6] => :id
        )

)

--------------------------------------------------------------------------------
[2026-06-10 08:04:40] Mise à jour réussie ID: 2700
--------------------------------------------------------------------------------
[2026-06-10 08:04:40] Traitement ID: 2698
--------------------------------------------------------------------------------
[2026-06-10 08:04:40] SQL
Array
(
    [sql] => UPDATE materiel SET marque = :marque, modele = :modele, type_materiel = :type_materiel, adresse_ip = :adresse_ip, login = :login, password = :password WHERE id = :id
    [params] => Array
        (
            [0] => :marque
            [1] => :modele
            [2] => :type_materiel
            [3] => :adresse_ip
            [4] => :login
            [5] => :password
            [6] => :id
        )

)

--------------------------------------------------------------------------------
[2026-06-10 08:04:40] Mise à jour réussie ID: 2698
--------------------------------------------------------------------------------
[2026-06-10 08:04:40] Traitement ID: 2699
--------------------------------------------------------------------------------
[2026-06-10 08:04:40] SQL
Array
(
    [sql] => UPDATE materiel SET marque = :marque, modele = :modele, type_materiel = :type_materiel, adresse_ip = :adresse_ip WHERE id = :id
    [params] => Array
        (
            [0] => :marque
            [1] => :modele
            [2] => :type_materiel
            [3] => :adresse_ip
            [4] => :id
        )

)

--------------------------------------------------------------------------------
[2026-06-10 08:04:40] Mise à jour réussie ID: 2699
--------------------------------------------------------------------------------
[2026-06-10 08:04:40] Traitement ID: 2707
--------------------------------------------------------------------------------
[2026-06-10 08:04:40] SQL
Array
(
    [sql] => UPDATE materiel SET marque = :marque, modele = :modele, type_materiel = :type_materiel, adresse_ip = :adresse_ip, login = :login, password = :password WHERE id = :id
    [params] => Array
        (
            [0] => :marque
            [1] => :modele
            [2] => :type_materiel
            [3] => :adresse_ip
            [4] => :login
            [5] => :password
            [6] => :id
        )

)

--------------------------------------------------------------------------------
[2026-06-10 08:04:40] Mise à jour réussie ID: 2707
--------------------------------------------------------------------------------
[2026-06-10 08:04:40] Traitement ID: 2708
--------------------------------------------------------------------------------
[2026-06-10 08:04:40] SQL
Array
(
    [sql] => UPDATE materiel SET marque = :marque, modele = :modele, type_materiel = :type_materiel, adresse_ip = :adresse_ip WHERE id = :id
    [params] => Array
        (
            [0] => :marque
            [1] => :modele
            [2] => :type_materiel
            [3] => :adresse_ip
            [4] => :id
        )

)

--------------------------------------------------------------------------------
[2026-06-10 08:04:40] Mise à jour réussie ID: 2708
--------------------------------------------------------------------------------
[2026-06-10 08:04:40] Traitement ID: 2701
--------------------------------------------------------------------------------
[2026-06-10 08:04:40] SQL
Array
(
    [sql] => UPDATE materiel SET marque = :marque, modele = :modele, type_materiel = :type_materiel, adresse_ip = :adresse_ip, login = :login, password = :password WHERE id = :id
    [params] => Array
        (
            [0] => :marque
            [1] => :modele
            [2] => :type_materiel
            [3] => :adresse_ip
            [4] => :login
            [5] => :password
            [6] => :id
        )

)

--------------------------------------------------------------------------------
[2026-06-10 08:04:40] Mise à jour réussie ID: 2701
--------------------------------------------------------------------------------
[2026-06-10 08:04:40] Traitement ID: 2702
--------------------------------------------------------------------------------
[2026-06-10 08:04:40] SQL
Array
(
    [sql] => UPDATE materiel SET marque = :marque, modele = :modele, type_materiel = :type_materiel, adresse_ip = :adresse_ip, login = :login, password = :password WHERE id = :id
    [params] => Array
        (
            [0] => :marque
            [1] => :modele
            [2] => :type_materiel
            [3] => :adresse_ip
            [4] => :login
            [5] => :password
            [6] => :id
        )

)

--------------------------------------------------------------------------------
[2026-06-10 08:04:40] Mise à jour réussie ID: 2702
--------------------------------------------------------------------------------
[2026-06-10 08:04:40] Traitement ID: 2704
--------------------------------------------------------------------------------
[2026-06-10 08:04:40] SQL
Array
(
    [sql] => UPDATE materiel SET marque = :marque, modele = :modele, type_materiel = :type_materiel, adresse_ip = :adresse_ip WHERE id = :id
    [params] => Array
        (
            [0] => :marque
            [1] => :modele
            [2] => :type_materiel
            [3] => :adresse_ip
            [4] => :id
        )

)

--------------------------------------------------------------------------------
[2026-06-10 08:04:40] Mise à jour réussie ID: 2704
--------------------------------------------------------------------------------
[2026-06-10 08:04:40] Traitement ID: 2705
--------------------------------------------------------------------------------
[2026-06-10 08:04:40] SQL
Array
(
    [sql] => UPDATE materiel SET marque = :marque, modele = :modele, type_materiel = :type_materiel, adresse_ip = :adresse_ip WHERE id = :id
    [params] => Array
        (
            [0] => :marque
            [1] => :modele
            [2] => :type_materiel
            [3] => :adresse_ip
            [4] => :id
        )

)

--------------------------------------------------------------------------------
[2026-06-10 08:04:40] Mise à jour réussie ID: 2705
--------------------------------------------------------------------------------
[2026-06-10 08:04:40] Traitement ID: 2703
--------------------------------------------------------------------------------
[2026-06-10 08:04:40] SQL
Array
(
    [sql] => UPDATE materiel SET marque = :marque, modele = :modele, type_materiel = :type_materiel, adresse_ip = :adresse_ip WHERE id = :id
    [params] => Array
        (
            [0] => :marque
            [1] => :modele
            [2] => :type_materiel
            [3] => :adresse_ip
            [4] => :id
        )

)

--------------------------------------------------------------------------------
[2026-06-10 08:04:40] Mise à jour réussie ID: 2703
--------------------------------------------------------------------------------
[2026-06-10 08:04:40] Réponse
Array
(
    [status] => success
    [message] => 12 ligne(s) mise(s) à jour
    [updated] => 12
    [total_rows] => 12
    [errors] => Array
        (
        )

)

--------------------------------------------------------------------------------
[2026-06-10 08:04:40] === FIN ===
--------------------------------------------------------------------------------
[2026-06-10 08:04:40] === DÉBUT ===
--------------------------------------------------------------------------------
[2026-06-10 08:04:40] Input reçu
Array
(
    [raw_length] => 13554
    [has_data] => 1
)

--------------------------------------------------------------------------------
[2026-06-10 08:04:40] Connexion BDD OK
--------------------------------------------------------------------------------
[2026-06-10 08:04:40] Traitement ID: 72
--------------------------------------------------------------------------------
[2026-06-10 08:04:40] SQL
Array
(
    [sql] => UPDATE materiel SET marque = :marque, modele = :modele, type_materiel = :type_materiel, numero_serie = :numero_serie, adresse_ip = :adresse_ip, adresse_mac = :adresse_mac, masque = :masque, passerelle = :passerelle WHERE id = :id
    [params] => Array
        (
            [0] => :marque
            [1] => :modele
            [2] => :type_materiel
            [3] => :numero_serie
            [4] => :adresse_ip
            [5] => :adresse_mac
            [6] => :masque
            [7] => :passerelle
            [8] => :id
        )

)

--------------------------------------------------------------------------------
[2026-06-10 08:04:40] Mise à jour réussie ID: 72
--------------------------------------------------------------------------------
[2026-06-10 08:04:40] Traitement ID: 62
--------------------------------------------------------------------------------
[2026-06-10 08:04:40] SQL
Array
(
    [sql] => UPDATE materiel SET marque = :marque, modele = :modele, type_materiel = :type_materiel, numero_serie = :numero_serie, adresse_ip = :adresse_ip, masque = :masque, passerelle = :passerelle WHERE id = :id
    [params] => Array
        (
            [0] => :marque
            [1] => :modele
            [2] => :type_materiel
            [3] => :numero_serie
            [4] => :adresse_ip
            [5] => :masque
            [6] => :passerelle
            [7] => :id
        )

)

--------------------------------------------------------------------------------
[2026-06-10 08:04:40] Mise à jour réussie ID: 62
--------------------------------------------------------------------------------
[2026-06-10 08:04:40] Traitement ID: 66
--------------------------------------------------------------------------------
[2026-06-10 08:04:40] SQL
Array
(
    [sql] => UPDATE materiel SET marque = :marque, modele = :modele, type_materiel = :type_materiel, numero_serie = :numero_serie, version_firmware = :version_firmware, adresse_ip = :adresse_ip, adresse_mac = :adresse_mac, masque = :masque, passerelle = :passerelle WHERE id = :id
    [params] => Array
        (
            [0] => :marque
            [1] => :modele
            [2] => :type_materiel
            [3] => :numero_serie
            [4] => :version_firmware
            [5] => :adresse_ip
            [6] => :adresse_mac
            [7] => :masque
            [8] => :passerelle
            [9] => :id
        )

)

--------------------------------------------------------------------------------
[2026-06-10 08:04:40] Mise à jour réussie ID: 66
--------------------------------------------------------------------------------
[2026-06-10 08:04:40] Traitement ID: 67
--------------------------------------------------------------------------------
[2026-06-10 08:04:40] SQL
Array
(
    [sql] => UPDATE materiel SET marque = :marque, modele = :modele, numero_serie = :numero_serie, version_firmware = :version_firmware, adresse_ip = :adresse_ip, adresse_mac = :adresse_mac, masque = :masque, passerelle = :passerelle, login = :login, password = :password WHERE id = :id
    [params] => Array
        (
            [0] => :marque
            [1] => :modele
            [2] => :numero_serie
            [3] => :version_firmware
            [4] => :adresse_ip
            [5] => :adresse_mac
            [6] => :masque
            [7] => :passerelle
            [8] => :login
            [9] => :password
            [10] => :id
        )

)

--------------------------------------------------------------------------------
[2026-06-10 08:04:40] Mise à jour réussie ID: 67
--------------------------------------------------------------------------------
[2026-06-10 08:04:40] Traitement ID: 76
--------------------------------------------------------------------------------
[2026-06-10 08:04:40] SQL
Array
(
    [sql] => UPDATE materiel SET marque = :marque, modele = :modele, type_materiel = :type_materiel, numero_serie = :numero_serie, version_firmware = :version_firmware, adresse_ip = :adresse_ip, adresse_mac = :adresse_mac, ancien_firmware = :ancien_firmware, masque = :masque, passerelle = :passerelle, password_wifi = :password_wifi WHERE id = :id
    [params] => Array
        (
            [0] => :marque
            [1] => :modele
            [2] => :type_materiel
            [3] => :numero_serie
            [4] => :version_firmware
            [5] => :adresse_ip
            [6] => :adresse_mac
            [7] => :ancien_firmware
            [8] => :masque
            [9] => :passerelle
            [10] => :password_wifi
            [11] => :id
        )

)

--------------------------------------------------------------------------------
[2026-06-10 08:04:40] Mise à jour réussie ID: 76
--------------------------------------------------------------------------------
[2026-06-10 08:04:40] Traitement ID: 308
--------------------------------------------------------------------------------
[2026-06-10 08:04:40] SQL
Array
(
    [sql] => UPDATE materiel SET marque = :marque, modele = :modele, type_materiel = :type_materiel, numero_serie = :numero_serie, version_firmware = :version_firmware, adresse_ip = :adresse_ip, adresse_mac = :adresse_mac, masque = :masque, passerelle = :passerelle, password = :password, ssid = :ssid, password_wifi = :password_wifi WHERE id = :id
    [params] => Array
        (
            [0] => :marque
            [1] => :modele
            [2] => :type_materiel
            [3] => :numero_serie
            [4] => :version_firmware
            [5] => :adresse_ip
            [6] => :adresse_mac
            [7] => :masque
            [8] => :passerelle
            [9] => :password
            [10] => :ssid
            [11] => :password_wifi
            [12] => :id
        )

)

--------------------------------------------------------------------------------
[2026-06-10 08:04:40] Mise à jour réussie ID: 308
--------------------------------------------------------------------------------
[2026-06-10 08:04:40] Traitement ID: 63
--------------------------------------------------------------------------------
[2026-06-10 08:04:40] SQL
Array
(
    [sql] => UPDATE materiel SET marque = :marque, modele = :modele, type_materiel = :type_materiel, numero_serie = :numero_serie, version_firmware = :version_firmware, adresse_ip = :adresse_ip, adresse_mac = :adresse_mac, masque = :masque, passerelle = :passerelle, login = :login, password = :password, password_wifi = :password_wifi WHERE id = :id
    [params] => Array
        (
            [0] => :marque
            [1] => :modele
            [2] => :type_materiel
            [3] => :numero_serie
            [4] => :version_firmware
            [5] => :adresse_ip
            [6] => :adresse_mac
            [7] => :masque
            [8] => :passerelle
            [9] => :login
            [10] => :password
            [11] => :password_wifi
            [12] => :id
        )

)

--------------------------------------------------------------------------------
[2026-06-10 08:04:40] Mise à jour réussie ID: 63
--------------------------------------------------------------------------------
[2026-06-10 08:04:40] Traitement ID: 75
--------------------------------------------------------------------------------
[2026-06-10 08:04:40] SQL
Array
(
    [sql] => UPDATE materiel SET marque = :marque, modele = :modele, type_materiel = :type_materiel, numero_serie = :numero_serie, version_firmware = :version_firmware, adresse_ip = :adresse_ip, adresse_mac = :adresse_mac, masque = :masque, passerelle = :passerelle WHERE id = :id
    [params] => Array
        (
            [0] => :marque
            [1] => :modele
            [2] => :type_materiel
            [3] => :numero_serie
            [4] => :version_firmware
            [5] => :adresse_ip
            [6] => :adresse_mac
            [7] => :masque
            [8] => :passerelle
            [9] => :id
        )

)

--------------------------------------------------------------------------------
[2026-06-10 08:04:40] Mise à jour réussie ID: 75
--------------------------------------------------------------------------------
[2026-06-10 08:04:40] Traitement ID: 60
--------------------------------------------------------------------------------
[2026-06-10 08:04:40] SQL
Array
(
    [sql] => UPDATE materiel SET marque = :marque, modele = :modele, type_materiel = :type_materiel, numero_serie = :numero_serie, version_firmware = :version_firmware, adresse_ip = :adresse_ip, adresse_mac = :adresse_mac, masque = :masque, passerelle = :passerelle WHERE id = :id
    [params] => Array
        (
            [0] => :marque
            [1] => :modele
            [2] => :type_materiel
            [3] => :numero_serie
            [4] => :version_firmware
            [5] => :adresse_ip
            [6] => :adresse_mac
            [7] => :masque
            [8] => :passerelle
            [9] => :id
        )

)

--------------------------------------------------------------------------------
[2026-06-10 08:04:40] Mise à jour réussie ID: 60
--------------------------------------------------------------------------------
[2026-06-10 08:04:40] Traitement ID: 61
--------------------------------------------------------------------------------
[2026-06-10 08:04:40] SQL
Array
(
    [sql] => UPDATE materiel SET marque = :marque, modele = :modele, type_materiel = :type_materiel, numero_serie = :numero_serie, adresse_ip = :adresse_ip, adresse_mac = :adresse_mac, masque = :masque, passerelle = :passerelle WHERE id = :id
    [params] => Array
        (
            [0] => :marque
            [1] => :modele
            [2] => :type_materiel
            [3] => :numero_serie
            [4] => :adresse_ip
            [5] => :adresse_mac
            [6] => :masque
            [7] => :passerelle
            [8] => :id
        )

)

--------------------------------------------------------------------------------
[2026-06-10 08:04:40] Mise à jour réussie ID: 61
--------------------------------------------------------------------------------
[2026-06-10 08:04:40] Traitement ID: 71
--------------------------------------------------------------------------------
[2026-06-10 08:04:40] SQL
Array
(
    [sql] => UPDATE materiel SET marque = :marque, modele = :modele, type_materiel = :type_materiel, adresse_ip = :adresse_ip, adresse_mac = :adresse_mac, masque = :masque, passerelle = :passerelle WHERE id = :id
    [params] => Array
        (
            [0] => :marque
            [1] => :modele
            [2] => :type_materiel
            [3] => :adresse_ip
            [4] => :adresse_mac
            [5] => :masque
            [6] => :passerelle
            [7] => :id
        )

)

--------------------------------------------------------------------------------
[2026-06-10 08:04:40] Mise à jour réussie ID: 71
--------------------------------------------------------------------------------
[2026-06-10 08:04:40] Traitement ID: 68
--------------------------------------------------------------------------------
[2026-06-10 08:04:40] SQL
Array
(
    [sql] => UPDATE materiel SET marque = :marque, modele = :modele, type_materiel = :type_materiel, numero_serie = :numero_serie, adresse_ip = :adresse_ip, adresse_mac = :adresse_mac, masque = :masque, passerelle = :passerelle WHERE id = :id
    [params] => Array
        (
            [0] => :marque
            [1] => :modele
            [2] => :type_materiel
            [3] => :numero_serie
            [4] => :adresse_ip
            [5] => :adresse_mac
            [6] => :masque
            [7] => :passerelle
            [8] => :id
        )

)

--------------------------------------------------------------------------------
[2026-06-10 08:04:40] Mise à jour réussie ID: 68
--------------------------------------------------------------------------------
[2026-06-10 08:04:40] Traitement ID: 69
--------------------------------------------------------------------------------
[2026-06-10 08:04:40] SQL
Array
(
    [sql] => UPDATE materiel SET marque = :marque, modele = :modele, type_materiel = :type_materiel, numero_serie = :numero_serie, adresse_ip = :adresse_ip, adresse_mac = :adresse_mac, masque = :masque, passerelle = :passerelle WHERE id = :id
    [params] => Array
        (
            [0] => :marque
            [1] => :modele
            [2] => :type_materiel
            [3] => :numero_serie
            [4] => :adresse_ip
            [5] => :adresse_mac
            [6] => :masque
            [7] => :passerelle
            [8] => :id
        )

)

--------------------------------------------------------------------------------
[2026-06-10 08:04:40] Mise à jour réussie ID: 69
--------------------------------------------------------------------------------
[2026-06-10 08:04:40] Traitement ID: 70
--------------------------------------------------------------------------------
[2026-06-10 08:04:40] SQL
Array
(
    [sql] => UPDATE materiel SET marque = :marque, modele = :modele, type_materiel = :type_materiel, numero_serie = :numero_serie, adresse_ip = :adresse_ip, adresse_mac = :adresse_mac, masque = :masque, passerelle = :passerelle WHERE id = :id
    [params] => Array
        (
            [0] => :marque
            [1] => :modele
            [2] => :type_materiel
            [3] => :numero_serie
            [4] => :adresse_ip
            [5] => :adresse_mac
            [6] => :masque
            [7] => :passerelle
            [8] => :id
        )

)

--------------------------------------------------------------------------------
[2026-06-10 08:04:40] Mise à jour réussie ID: 70
--------------------------------------------------------------------------------
[2026-06-10 08:04:40] Traitement ID: 74
--------------------------------------------------------------------------------
[2026-06-10 08:04:40] SQL
Array
(
    [sql] => UPDATE materiel SET marque = :marque, modele = :modele, type_materiel = :type_materiel, numero_serie = :numero_serie, adresse_ip = :adresse_ip, masque = :masque, passerelle = :passerelle WHERE id = :id
    [params] => Array
        (
            [0] => :marque
            [1] => :modele
            [2] => :type_materiel
            [3] => :numero_serie
            [4] => :adresse_ip
            [5] => :masque
            [6] => :passerelle
            [7] => :id
        )

)

--------------------------------------------------------------------------------
[2026-06-10 08:04:40] Mise à jour réussie ID: 74
--------------------------------------------------------------------------------
[2026-06-10 08:04:40] Traitement ID: 73
--------------------------------------------------------------------------------
[2026-06-10 08:04:40] SQL
Array
(
    [sql] => UPDATE materiel SET marque = :marque, modele = :modele, type_materiel = :type_materiel, adresse_ip = :adresse_ip, masque = :masque, passerelle = :passerelle WHERE id = :id
    [params] => Array
        (
            [0] => :marque
            [1] => :modele
            [2] => :type_materiel
            [3] => :adresse_ip
            [4] => :masque
            [5] => :passerelle
            [6] => :id
        )

)

--------------------------------------------------------------------------------
[2026-06-10 08:04:40] Mise à jour réussie ID: 73
--------------------------------------------------------------------------------
[2026-06-10 08:04:40] Traitement ID: 64
--------------------------------------------------------------------------------
[2026-06-10 08:04:40] SQL
Array
(
    [sql] => UPDATE materiel SET marque = :marque, modele = :modele, type_materiel = :type_materiel, numero_serie = :numero_serie, version_firmware = :version_firmware, adresse_ip = :adresse_ip, adresse_mac = :adresse_mac, masque = :masque, passerelle = :passerelle, login = :login, password = :password WHERE id = :id
    [params] => Array
        (
            [0] => :marque
            [1] => :modele
            [2] => :type_materiel
            [3] => :numero_serie
            [4] => :version_firmware
            [5] => :adresse_ip
            [6] => :adresse_mac
            [7] => :masque
            [8] => :passerelle
            [9] => :login
            [10] => :password
            [11] => :id
        )

)

--------------------------------------------------------------------------------
[2026-06-10 08:04:40] Mise à jour réussie ID: 64
--------------------------------------------------------------------------------
[2026-06-10 08:04:40] Traitement ID: 202
--------------------------------------------------------------------------------
[2026-06-10 08:04:40] SQL
Array
(
    [sql] => UPDATE materiel SET marque = :marque, modele = :modele, numero_serie = :numero_serie WHERE id = :id
    [params] => Array
        (
            [0] => :marque
            [1] => :modele
            [2] => :numero_serie
            [3] => :id
        )

)

--------------------------------------------------------------------------------
[2026-06-10 08:04:40] Mise à jour réussie ID: 202
--------------------------------------------------------------------------------
[2026-06-10 08:04:40] Traitement ID: 65
--------------------------------------------------------------------------------
[2026-06-10 08:04:40] SQL
Array
(
    [sql] => UPDATE materiel SET marque = :marque, modele = :modele, type_materiel = :type_materiel, numero_serie = :numero_serie, adresse_ip = :adresse_ip, adresse_mac = :adresse_mac, masque = :masque, passerelle = :passerelle, login = :login, password = :password WHERE id = :id
    [params] => Array
        (
            [0] => :marque
            [1] => :modele
            [2] => :type_materiel
            [3] => :numero_serie
            [4] => :adresse_ip
            [5] => :adresse_mac
            [6] => :masque
            [7] => :passerelle
            [8] => :login
            [9] => :password
            [10] => :id
        )

)

--------------------------------------------------------------------------------
[2026-06-10 08:04:40] Mise à jour réussie ID: 65
--------------------------------------------------------------------------------
[2026-06-10 08:04:40] Réponse
Array
(
    [status] => success
    [message] => 19 ligne(s) mise(s) à jour
    [updated] => 19
    [total_rows] => 19
    [errors] => Array
        (
        )

)

--------------------------------------------------------------------------------
[2026-06-10 08:04:40] === FIN ===
--------------------------------------------------------------------------------
[2026-06-10 12:01:56] === DÉBUT ===
--------------------------------------------------------------------------------
[2026-06-10 12:01:56] Input reçu
Array
(
    [raw_length] => 13554
    [has_data] => 1
)

--------------------------------------------------------------------------------
[2026-06-10 12:01:56] Connexion BDD OK
--------------------------------------------------------------------------------
[2026-06-10 12:01:56] Traitement ID: 72
--------------------------------------------------------------------------------
[2026-06-10 12:01:56] SQL
Array
(
    [sql] => UPDATE materiel SET marque = :marque, modele = :modele, type_materiel = :type_materiel, numero_serie = :numero_serie, adresse_ip = :adresse_ip, adresse_mac = :adresse_mac, masque = :masque, passerelle = :passerelle WHERE id = :id
    [params] => Array
        (
            [0] => :marque
            [1] => :modele
            [2] => :type_materiel
            [3] => :numero_serie
            [4] => :adresse_ip
            [5] => :adresse_mac
            [6] => :masque
            [7] => :passerelle
            [8] => :id
        )

)

--------------------------------------------------------------------------------
[2026-06-10 12:01:56] Mise à jour réussie ID: 72
--------------------------------------------------------------------------------
[2026-06-10 12:01:56] Traitement ID: 62
--------------------------------------------------------------------------------
[2026-06-10 12:01:56] SQL
Array
(
    [sql] => UPDATE materiel SET marque = :marque, modele = :modele, type_materiel = :type_materiel, numero_serie = :numero_serie, adresse_ip = :adresse_ip, masque = :masque, passerelle = :passerelle WHERE id = :id
    [params] => Array
        (
            [0] => :marque
            [1] => :modele
            [2] => :type_materiel
            [3] => :numero_serie
            [4] => :adresse_ip
            [5] => :masque
            [6] => :passerelle
            [7] => :id
        )

)

--------------------------------------------------------------------------------
[2026-06-10 12:01:56] Mise à jour réussie ID: 62
--------------------------------------------------------------------------------
[2026-06-10 12:01:56] Traitement ID: 66
--------------------------------------------------------------------------------
[2026-06-10 12:01:56] SQL
Array
(
    [sql] => UPDATE materiel SET marque = :marque, modele = :modele, type_materiel = :type_materiel, numero_serie = :numero_serie, version_firmware = :version_firmware, adresse_ip = :adresse_ip, adresse_mac = :adresse_mac, masque = :masque, passerelle = :passerelle WHERE id = :id
    [params] => Array
        (
            [0] => :marque
            [1] => :modele
            [2] => :type_materiel
            [3] => :numero_serie
            [4] => :version_firmware
            [5] => :adresse_ip
            [6] => :adresse_mac
            [7] => :masque
            [8] => :passerelle
            [9] => :id
        )

)

--------------------------------------------------------------------------------
[2026-06-10 12:01:56] Mise à jour réussie ID: 66
--------------------------------------------------------------------------------
[2026-06-10 12:01:56] Traitement ID: 67
--------------------------------------------------------------------------------
[2026-06-10 12:01:56] SQL
Array
(
    [sql] => UPDATE materiel SET marque = :marque, modele = :modele, numero_serie = :numero_serie, version_firmware = :version_firmware, adresse_ip = :adresse_ip, adresse_mac = :adresse_mac, masque = :masque, passerelle = :passerelle, login = :login, password = :password WHERE id = :id
    [params] => Array
        (
            [0] => :marque
            [1] => :modele
            [2] => :numero_serie
            [3] => :version_firmware
            [4] => :adresse_ip
            [5] => :adresse_mac
            [6] => :masque
            [7] => :passerelle
            [8] => :login
            [9] => :password
            [10] => :id
        )

)

--------------------------------------------------------------------------------
[2026-06-10 12:01:56] Mise à jour réussie ID: 67
--------------------------------------------------------------------------------
[2026-06-10 12:01:56] Traitement ID: 76
--------------------------------------------------------------------------------
[2026-06-10 12:01:56] SQL
Array
(
    [sql] => UPDATE materiel SET marque = :marque, modele = :modele, type_materiel = :type_materiel, numero_serie = :numero_serie, version_firmware = :version_firmware, adresse_ip = :adresse_ip, adresse_mac = :adresse_mac, ancien_firmware = :ancien_firmware, masque = :masque, passerelle = :passerelle, password_wifi = :password_wifi WHERE id = :id
    [params] => Array
        (
            [0] => :marque
            [1] => :modele
            [2] => :type_materiel
            [3] => :numero_serie
            [4] => :version_firmware
            [5] => :adresse_ip
            [6] => :adresse_mac
            [7] => :ancien_firmware
            [8] => :masque
            [9] => :passerelle
            [10] => :password_wifi
            [11] => :id
        )

)

--------------------------------------------------------------------------------
[2026-06-10 12:01:56] Mise à jour réussie ID: 76
--------------------------------------------------------------------------------
[2026-06-10 12:01:56] Traitement ID: 308
--------------------------------------------------------------------------------
[2026-06-10 12:01:56] SQL
Array
(
    [sql] => UPDATE materiel SET marque = :marque, modele = :modele, type_materiel = :type_materiel, numero_serie = :numero_serie, version_firmware = :version_firmware, adresse_ip = :adresse_ip, adresse_mac = :adresse_mac, masque = :masque, passerelle = :passerelle, password = :password, ssid = :ssid, password_wifi = :password_wifi WHERE id = :id
    [params] => Array
        (
            [0] => :marque
            [1] => :modele
            [2] => :type_materiel
            [3] => :numero_serie
            [4] => :version_firmware
            [5] => :adresse_ip
            [6] => :adresse_mac
            [7] => :masque
            [8] => :passerelle
            [9] => :password
            [10] => :ssid
            [11] => :password_wifi
            [12] => :id
        )

)

--------------------------------------------------------------------------------
[2026-06-10 12:01:56] Mise à jour réussie ID: 308
--------------------------------------------------------------------------------
[2026-06-10 12:01:56] Traitement ID: 63
--------------------------------------------------------------------------------
[2026-06-10 12:01:56] SQL
Array
(
    [sql] => UPDATE materiel SET marque = :marque, modele = :modele, type_materiel = :type_materiel, numero_serie = :numero_serie, version_firmware = :version_firmware, adresse_ip = :adresse_ip, adresse_mac = :adresse_mac, masque = :masque, passerelle = :passerelle, login = :login, password = :password, password_wifi = :password_wifi WHERE id = :id
    [params] => Array
        (
            [0] => :marque
            [1] => :modele
            [2] => :type_materiel
            [3] => :numero_serie
            [4] => :version_firmware
            [5] => :adresse_ip
            [6] => :adresse_mac
            [7] => :masque
            [8] => :passerelle
            [9] => :login
            [10] => :password
            [11] => :password_wifi
            [12] => :id
        )

)

--------------------------------------------------------------------------------
[2026-06-10 12:01:56] Mise à jour réussie ID: 63
--------------------------------------------------------------------------------
[2026-06-10 12:01:56] Traitement ID: 75
--------------------------------------------------------------------------------
[2026-06-10 12:01:56] SQL
Array
(
    [sql] => UPDATE materiel SET marque = :marque, modele = :modele, type_materiel = :type_materiel, numero_serie = :numero_serie, version_firmware = :version_firmware, adresse_ip = :adresse_ip, adresse_mac = :adresse_mac, masque = :masque, passerelle = :passerelle WHERE id = :id
    [params] => Array
        (
            [0] => :marque
            [1] => :modele
            [2] => :type_materiel
            [3] => :numero_serie
            [4] => :version_firmware
            [5] => :adresse_ip
            [6] => :adresse_mac
            [7] => :masque
            [8] => :passerelle
            [9] => :id
        )

)

--------------------------------------------------------------------------------
[2026-06-10 12:01:56] Mise à jour réussie ID: 75
--------------------------------------------------------------------------------
[2026-06-10 12:01:56] Traitement ID: 60
--------------------------------------------------------------------------------
[2026-06-10 12:01:56] SQL
Array
(
    [sql] => UPDATE materiel SET marque = :marque, modele = :modele, type_materiel = :type_materiel, numero_serie = :numero_serie, version_firmware = :version_firmware, adresse_ip = :adresse_ip, adresse_mac = :adresse_mac, masque = :masque, passerelle = :passerelle WHERE id = :id
    [params] => Array
        (
            [0] => :marque
            [1] => :modele
            [2] => :type_materiel
            [3] => :numero_serie
            [4] => :version_firmware
            [5] => :adresse_ip
            [6] => :adresse_mac
            [7] => :masque
            [8] => :passerelle
            [9] => :id
        )

)

--------------------------------------------------------------------------------
[2026-06-10 12:01:56] Mise à jour réussie ID: 60
--------------------------------------------------------------------------------
[2026-06-10 12:01:56] Traitement ID: 61
--------------------------------------------------------------------------------
[2026-06-10 12:01:56] SQL
Array
(
    [sql] => UPDATE materiel SET marque = :marque, modele = :modele, type_materiel = :type_materiel, numero_serie = :numero_serie, adresse_ip = :adresse_ip, adresse_mac = :adresse_mac, masque = :masque, passerelle = :passerelle WHERE id = :id
    [params] => Array
        (
            [0] => :marque
            [1] => :modele
            [2] => :type_materiel
            [3] => :numero_serie
            [4] => :adresse_ip
            [5] => :adresse_mac
            [6] => :masque
            [7] => :passerelle
            [8] => :id
        )

)

--------------------------------------------------------------------------------
[2026-06-10 12:01:56] Mise à jour réussie ID: 61
--------------------------------------------------------------------------------
[2026-06-10 12:01:56] Traitement ID: 71
--------------------------------------------------------------------------------
[2026-06-10 12:01:56] SQL
Array
(
    [sql] => UPDATE materiel SET marque = :marque, modele = :modele, type_materiel = :type_materiel, adresse_ip = :adresse_ip, adresse_mac = :adresse_mac, masque = :masque, passerelle = :passerelle WHERE id = :id
    [params] => Array
        (
            [0] => :marque
            [1] => :modele
            [2] => :type_materiel
            [3] => :adresse_ip
            [4] => :adresse_mac
            [5] => :masque
            [6] => :passerelle
            [7] => :id
        )

)

--------------------------------------------------------------------------------
[2026-06-10 12:01:56] Mise à jour réussie ID: 71
--------------------------------------------------------------------------------
[2026-06-10 12:01:56] Traitement ID: 68
--------------------------------------------------------------------------------
[2026-06-10 12:01:56] SQL
Array
(
    [sql] => UPDATE materiel SET marque = :marque, modele = :modele, type_materiel = :type_materiel, numero_serie = :numero_serie, adresse_ip = :adresse_ip, adresse_mac = :adresse_mac, masque = :masque, passerelle = :passerelle WHERE id = :id
    [params] => Array
        (
            [0] => :marque
            [1] => :modele
            [2] => :type_materiel
            [3] => :numero_serie
            [4] => :adresse_ip
            [5] => :adresse_mac
            [6] => :masque
            [7] => :passerelle
            [8] => :id
        )

)

--------------------------------------------------------------------------------
[2026-06-10 12:01:56] Mise à jour réussie ID: 68
--------------------------------------------------------------------------------
[2026-06-10 12:01:56] Traitement ID: 69
--------------------------------------------------------------------------------
[2026-06-10 12:01:56] SQL
Array
(
    [sql] => UPDATE materiel SET marque = :marque, modele = :modele, type_materiel = :type_materiel, numero_serie = :numero_serie, adresse_ip = :adresse_ip, adresse_mac = :adresse_mac, masque = :masque, passerelle = :passerelle WHERE id = :id
    [params] => Array
        (
            [0] => :marque
            [1] => :modele
            [2] => :type_materiel
            [3] => :numero_serie
            [4] => :adresse_ip
            [5] => :adresse_mac
            [6] => :masque
            [7] => :passerelle
            [8] => :id
        )

)

--------------------------------------------------------------------------------
[2026-06-10 12:01:56] Mise à jour réussie ID: 69
--------------------------------------------------------------------------------
[2026-06-10 12:01:56] Traitement ID: 70
--------------------------------------------------------------------------------
[2026-06-10 12:01:56] SQL
Array
(
    [sql] => UPDATE materiel SET marque = :marque, modele = :modele, type_materiel = :type_materiel, numero_serie = :numero_serie, adresse_ip = :adresse_ip, adresse_mac = :adresse_mac, masque = :masque, passerelle = :passerelle WHERE id = :id
    [params] => Array
        (
            [0] => :marque
            [1] => :modele
            [2] => :type_materiel
            [3] => :numero_serie
            [4] => :adresse_ip
            [5] => :adresse_mac
            [6] => :masque
            [7] => :passerelle
            [8] => :id
        )

)

--------------------------------------------------------------------------------
[2026-06-10 12:01:56] Mise à jour réussie ID: 70
--------------------------------------------------------------------------------
[2026-06-10 12:01:56] Traitement ID: 74
--------------------------------------------------------------------------------
[2026-06-10 12:01:56] SQL
Array
(
    [sql] => UPDATE materiel SET marque = :marque, modele = :modele, type_materiel = :type_materiel, numero_serie = :numero_serie, adresse_ip = :adresse_ip, masque = :masque, passerelle = :passerelle WHERE id = :id
    [params] => Array
        (
            [0] => :marque
            [1] => :modele
            [2] => :type_materiel
            [3] => :numero_serie
            [4] => :adresse_ip
            [5] => :masque
            [6] => :passerelle
            [7] => :id
        )

)

--------------------------------------------------------------------------------
[2026-06-10 12:01:56] Mise à jour réussie ID: 74
--------------------------------------------------------------------------------
[2026-06-10 12:01:56] Traitement ID: 73
--------------------------------------------------------------------------------
[2026-06-10 12:01:56] SQL
Array
(
    [sql] => UPDATE materiel SET marque = :marque, modele = :modele, type_materiel = :type_materiel, adresse_ip = :adresse_ip, masque = :masque, passerelle = :passerelle WHERE id = :id
    [params] => Array
        (
            [0] => :marque
            [1] => :modele
            [2] => :type_materiel
            [3] => :adresse_ip
            [4] => :masque
            [5] => :passerelle
            [6] => :id
        )

)

--------------------------------------------------------------------------------
[2026-06-10 12:01:56] Mise à jour réussie ID: 73
--------------------------------------------------------------------------------
[2026-06-10 12:01:56] Traitement ID: 64
--------------------------------------------------------------------------------
[2026-06-10 12:01:56] SQL
Array
(
    [sql] => UPDATE materiel SET marque = :marque, modele = :modele, type_materiel = :type_materiel, numero_serie = :numero_serie, version_firmware = :version_firmware, adresse_ip = :adresse_ip, adresse_mac = :adresse_mac, masque = :masque, passerelle = :passerelle, login = :login, password = :password WHERE id = :id
    [params] => Array
        (
            [0] => :marque
            [1] => :modele
            [2] => :type_materiel
            [3] => :numero_serie
            [4] => :version_firmware
            [5] => :adresse_ip
            [6] => :adresse_mac
            [7] => :masque
            [8] => :passerelle
            [9] => :login
            [10] => :password
            [11] => :id
        )

)

--------------------------------------------------------------------------------
[2026-06-10 12:01:56] Mise à jour réussie ID: 64
--------------------------------------------------------------------------------
[2026-06-10 12:01:56] Traitement ID: 202
--------------------------------------------------------------------------------
[2026-06-10 12:01:56] SQL
Array
(
    [sql] => UPDATE materiel SET marque = :marque, modele = :modele, numero_serie = :numero_serie WHERE id = :id
    [params] => Array
        (
            [0] => :marque
            [1] => :modele
            [2] => :numero_serie
            [3] => :id
        )

)

--------------------------------------------------------------------------------
[2026-06-10 12:01:56] Mise à jour réussie ID: 202
--------------------------------------------------------------------------------
[2026-06-10 12:01:56] Traitement ID: 65
--------------------------------------------------------------------------------
[2026-06-10 12:01:56] SQL
Array
(
    [sql] => UPDATE materiel SET marque = :marque, modele = :modele, type_materiel = :type_materiel, numero_serie = :numero_serie, adresse_ip = :adresse_ip, adresse_mac = :adresse_mac, masque = :masque, passerelle = :passerelle, login = :login, password = :password WHERE id = :id
    [params] => Array
        (
            [0] => :marque
            [1] => :modele
            [2] => :type_materiel
            [3] => :numero_serie
            [4] => :adresse_ip
            [5] => :adresse_mac
            [6] => :masque
            [7] => :passerelle
            [8] => :login
            [9] => :password
            [10] => :id
        )

)

--------------------------------------------------------------------------------
[2026-06-10 12:01:56] Mise à jour réussie ID: 65
--------------------------------------------------------------------------------
[2026-06-10 12:01:56] Réponse
Array
(
    [status] => success
    [message] => 19 ligne(s) mise(s) à jour
    [updated] => 19
    [total_rows] => 19
    [errors] => Array
        (
        )

)

--------------------------------------------------------------------------------
[2026-06-10 12:01:56] === FIN ===
--------------------------------------------------------------------------------
[2026-06-10 12:01:56] === DÉBUT ===
--------------------------------------------------------------------------------
[2026-06-10 12:01:56] Input reçu
Array
(
    [raw_length] => 8780
    [has_data] => 1
)

--------------------------------------------------------------------------------
[2026-06-10 12:01:56] Connexion BDD OK
--------------------------------------------------------------------------------
[2026-06-10 12:01:56] Traitement ID: 2706
--------------------------------------------------------------------------------
[2026-06-10 12:01:56] SQL
Array
(
    [sql] => UPDATE materiel SET marque = :marque, modele = :modele, type_materiel = :type_materiel, adresse_ip = :adresse_ip WHERE id = :id
    [params] => Array
        (
            [0] => :marque
            [1] => :modele
            [2] => :type_materiel
            [3] => :adresse_ip
            [4] => :id
        )

)

--------------------------------------------------------------------------------
[2026-06-10 12:01:56] Mise à jour réussie ID: 2706
--------------------------------------------------------------------------------
[2026-06-10 12:01:56] Traitement ID: 2697
--------------------------------------------------------------------------------
[2026-06-10 12:01:56] SQL
Array
(
    [sql] => UPDATE materiel SET marque = :marque, modele = :modele, type_materiel = :type_materiel, adresse_ip = :adresse_ip, login = :login, password = :password WHERE id = :id
    [params] => Array
        (
            [0] => :marque
            [1] => :modele
            [2] => :type_materiel
            [3] => :adresse_ip
            [4] => :login
            [5] => :password
            [6] => :id
        )

)

--------------------------------------------------------------------------------
[2026-06-10 12:01:56] Mise à jour réussie ID: 2697
--------------------------------------------------------------------------------
[2026-06-10 12:01:56] Traitement ID: 2700
--------------------------------------------------------------------------------
[2026-06-10 12:01:56] SQL
Array
(
    [sql] => UPDATE materiel SET marque = :marque, modele = :modele, type_materiel = :type_materiel, adresse_ip = :adresse_ip, login = :login, password = :password WHERE id = :id
    [params] => Array
        (
            [0] => :marque
            [1] => :modele
            [2] => :type_materiel
            [3] => :adresse_ip
            [4] => :login
            [5] => :password
            [6] => :id
        )

)

--------------------------------------------------------------------------------
[2026-06-10 12:01:56] Mise à jour réussie ID: 2700
--------------------------------------------------------------------------------
[2026-06-10 12:01:56] Traitement ID: 2698
--------------------------------------------------------------------------------
[2026-06-10 12:01:56] SQL
Array
(
    [sql] => UPDATE materiel SET marque = :marque, modele = :modele, type_materiel = :type_materiel, adresse_ip = :adresse_ip, login = :login, password = :password WHERE id = :id
    [params] => Array
        (
            [0] => :marque
            [1] => :modele
            [2] => :type_materiel
            [3] => :adresse_ip
            [4] => :login
            [5] => :password
            [6] => :id
        )

)

--------------------------------------------------------------------------------
[2026-06-10 12:01:56] Mise à jour réussie ID: 2698
--------------------------------------------------------------------------------
[2026-06-10 12:01:56] Traitement ID: 2699
--------------------------------------------------------------------------------
[2026-06-10 12:01:56] SQL
Array
(
    [sql] => UPDATE materiel SET marque = :marque, modele = :modele, type_materiel = :type_materiel, adresse_ip = :adresse_ip WHERE id = :id
    [params] => Array
        (
            [0] => :marque
            [1] => :modele
            [2] => :type_materiel
            [3] => :adresse_ip
            [4] => :id
        )

)

--------------------------------------------------------------------------------
[2026-06-10 12:01:56] Mise à jour réussie ID: 2699
--------------------------------------------------------------------------------
[2026-06-10 12:01:56] Traitement ID: 2707
--------------------------------------------------------------------------------
[2026-06-10 12:01:56] SQL
Array
(
    [sql] => UPDATE materiel SET marque = :marque, modele = :modele, type_materiel = :type_materiel, adresse_ip = :adresse_ip, login = :login, password = :password WHERE id = :id
    [params] => Array
        (
            [0] => :marque
            [1] => :modele
            [2] => :type_materiel
            [3] => :adresse_ip
            [4] => :login
            [5] => :password
            [6] => :id
        )

)

--------------------------------------------------------------------------------
[2026-06-10 12:01:56] Mise à jour réussie ID: 2707
--------------------------------------------------------------------------------
[2026-06-10 12:01:56] Traitement ID: 2708
--------------------------------------------------------------------------------
[2026-06-10 12:01:56] SQL
Array
(
    [sql] => UPDATE materiel SET marque = :marque, modele = :modele, type_materiel = :type_materiel, adresse_ip = :adresse_ip WHERE id = :id
    [params] => Array
        (
            [0] => :marque
            [1] => :modele
            [2] => :type_materiel
            [3] => :adresse_ip
            [4] => :id
        )

)

--------------------------------------------------------------------------------
[2026-06-10 12:01:56] Mise à jour réussie ID: 2708
--------------------------------------------------------------------------------
[2026-06-10 12:01:56] Traitement ID: 2701
--------------------------------------------------------------------------------
[2026-06-10 12:01:56] SQL
Array
(
    [sql] => UPDATE materiel SET marque = :marque, modele = :modele, type_materiel = :type_materiel, adresse_ip = :adresse_ip, login = :login, password = :password WHERE id = :id
    [params] => Array
        (
            [0] => :marque
            [1] => :modele
            [2] => :type_materiel
            [3] => :adresse_ip
            [4] => :login
            [5] => :password
            [6] => :id
        )

)

--------------------------------------------------------------------------------
[2026-06-10 12:01:56] Mise à jour réussie ID: 2701
--------------------------------------------------------------------------------
[2026-06-10 12:01:56] Traitement ID: 2702
--------------------------------------------------------------------------------
[2026-06-10 12:01:56] SQL
Array
(
    [sql] => UPDATE materiel SET marque = :marque, modele = :modele, type_materiel = :type_materiel, adresse_ip = :adresse_ip, login = :login, password = :password WHERE id = :id
    [params] => Array
        (
            [0] => :marque
            [1] => :modele
            [2] => :type_materiel
            [3] => :adresse_ip
            [4] => :login
            [5] => :password
            [6] => :id
        )

)

--------------------------------------------------------------------------------
[2026-06-10 12:01:56] Mise à jour réussie ID: 2702
--------------------------------------------------------------------------------
[2026-06-10 12:01:56] Traitement ID: 2704
--------------------------------------------------------------------------------
[2026-06-10 12:01:56] SQL
Array
(
    [sql] => UPDATE materiel SET marque = :marque, modele = :modele, type_materiel = :type_materiel, adresse_ip = :adresse_ip WHERE id = :id
    [params] => Array
        (
            [0] => :marque
            [1] => :modele
            [2] => :type_materiel
            [3] => :adresse_ip
            [4] => :id
        )

)

--------------------------------------------------------------------------------
[2026-06-10 12:01:56] Mise à jour réussie ID: 2704
--------------------------------------------------------------------------------
[2026-06-10 12:01:56] Traitement ID: 2705
--------------------------------------------------------------------------------
[2026-06-10 12:01:56] SQL
Array
(
    [sql] => UPDATE materiel SET marque = :marque, modele = :modele, type_materiel = :type_materiel, adresse_ip = :adresse_ip WHERE id = :id
    [params] => Array
        (
            [0] => :marque
            [1] => :modele
            [2] => :type_materiel
            [3] => :adresse_ip
            [4] => :id
        )

)

--------------------------------------------------------------------------------
[2026-06-10 12:01:56] Mise à jour réussie ID: 2705
--------------------------------------------------------------------------------
[2026-06-10 12:01:56] Traitement ID: 2703
--------------------------------------------------------------------------------
[2026-06-10 12:01:56] SQL
Array
(
    [sql] => UPDATE materiel SET marque = :marque, modele = :modele, type_materiel = :type_materiel, adresse_ip = :adresse_ip WHERE id = :id
    [params] => Array
        (
            [0] => :marque
            [1] => :modele
            [2] => :type_materiel
            [3] => :adresse_ip
            [4] => :id
        )

)

--------------------------------------------------------------------------------
[2026-06-10 12:01:56] Mise à jour réussie ID: 2703
--------------------------------------------------------------------------------
[2026-06-10 12:01:56] Traitement ID: 3427
--------------------------------------------------------------------------------
[2026-06-10 12:01:56] SQL
Array
(
    [sql] => UPDATE materiel SET marque = :marque, modele = :modele, type_materiel = :type_materiel WHERE id = :id
    [params] => Array
        (
            [0] => :marque
            [1] => :modele
            [2] => :type_materiel
            [3] => :id
        )

)

--------------------------------------------------------------------------------
[2026-06-10 12:01:56] Mise à jour réussie ID: 3427
--------------------------------------------------------------------------------
[2026-06-10 12:01:56] Réponse
Array
(
    [status] => success
    [message] => 13 ligne(s) mise(s) à jour
    [updated] => 13
    [total_rows] => 13
    [errors] => Array
        (
        )

)

--------------------------------------------------------------------------------
[2026-06-10 12:01:56] === FIN ===
--------------------------------------------------------------------------------
