[2026-09-30 09:17:49] === DÉBUT ===
--------------------------------------------------------------------------------
[2026-09-30 09:17:49] Input reçu
Array
(
    [raw_length] => 3470
    [has_data] => 1
)

--------------------------------------------------------------------------------
[2026-09-30 09:17:49] Connexion BDD OK
--------------------------------------------------------------------------------
[2026-09-30 09:17:49] Traitement ID: 1529
--------------------------------------------------------------------------------
[2026-09-30 09:17:49] SQL
Array
(
    [sql] => UPDATE materiel SET marque = :marque, modele = :modele, type_materiel = :type_materiel, numero_serie = :numero_serie, version_firmware = :version_firmware, adresse_ip = :adresse_ip, adresse_mac = :adresse_mac, usage_materiel = :usage_materiel WHERE id = :id
    [params] => Array
        (
            [0] => :marque
            [1] => :modele
            [2] => :type_materiel
            [3] => :numero_serie
            [4] => :version_firmware
            [5] => :adresse_ip
            [6] => :adresse_mac
            [7] => :usage_materiel
            [8] => :id
        )

)

--------------------------------------------------------------------------------
[2026-09-30 09:17:49] Mise à jour réussie ID: 1529
--------------------------------------------------------------------------------
[2026-09-30 09:17:49] Traitement ID: 1446
--------------------------------------------------------------------------------
[2026-09-30 09:17:49] SQL
Array
(
    [sql] => UPDATE materiel SET marque = :marque, modele = :modele, type_materiel = :type_materiel, numero_serie = :numero_serie, version_firmware = :version_firmware, adresse_ip = :adresse_ip, adresse_mac = :adresse_mac, usage_materiel = :usage_materiel, masque = :masque, login = :login, password = :password WHERE id = :id
    [params] => Array
        (
            [0] => :marque
            [1] => :modele
            [2] => :type_materiel
            [3] => :numero_serie
            [4] => :version_firmware
            [5] => :adresse_ip
            [6] => :adresse_mac
            [7] => :usage_materiel
            [8] => :masque
            [9] => :login
            [10] => :password
            [11] => :id
        )

)

--------------------------------------------------------------------------------
[2026-09-30 09:17:49] Mise à jour réussie ID: 1446
--------------------------------------------------------------------------------
[2026-09-30 09:17:49] Traitement ID: 1530
--------------------------------------------------------------------------------
[2026-09-30 09:17:49] SQL
Array
(
    [sql] => UPDATE materiel SET marque = :marque, modele = :modele, type_materiel = :type_materiel, numero_serie = :numero_serie, usage_materiel = :usage_materiel WHERE id = :id
    [params] => Array
        (
            [0] => :marque
            [1] => :modele
            [2] => :type_materiel
            [3] => :numero_serie
            [4] => :usage_materiel
            [5] => :id
        )

)

--------------------------------------------------------------------------------
[2026-09-30 09:17:49] Mise à jour réussie ID: 1530
--------------------------------------------------------------------------------
[2026-09-30 09:17:49] Traitement ID: 1531
--------------------------------------------------------------------------------
[2026-09-30 09:17:49] SQL
Array
(
    [sql] => UPDATE materiel SET marque = :marque, modele = :modele, type_materiel = :type_materiel, usage_materiel = :usage_materiel WHERE id = :id
    [params] => Array
        (
            [0] => :marque
            [1] => :modele
            [2] => :type_materiel
            [3] => :usage_materiel
            [4] => :id
        )

)

--------------------------------------------------------------------------------
[2026-09-30 09:17:49] Mise à jour réussie ID: 1531
--------------------------------------------------------------------------------
[2026-09-30 09:17:49] Traitement ID: 1532
--------------------------------------------------------------------------------
[2026-09-30 09:17:49] SQL
Array
(
    [sql] => UPDATE materiel SET marque = :marque, modele = :modele, type_materiel = :type_materiel, usage_materiel = :usage_materiel WHERE id = :id
    [params] => Array
        (
            [0] => :marque
            [1] => :modele
            [2] => :type_materiel
            [3] => :usage_materiel
            [4] => :id
        )

)

--------------------------------------------------------------------------------
[2026-09-30 09:17:49] Mise à jour réussie ID: 1532
--------------------------------------------------------------------------------
[2026-09-30 09:17:49] Réponse
Array
(
    [status] => success
    [message] => 5 ligne(s) mise(s) à jour
    [updated] => 5
    [total_rows] => 5
    [errors] => Array
        (
        )

)

--------------------------------------------------------------------------------
[2026-09-30 09:17:49] === FIN ===
--------------------------------------------------------------------------------
[2026-09-30 09:18:07] === DÉBUT ===
--------------------------------------------------------------------------------
[2026-09-30 09:18:07] Input reçu
Array
(
    [raw_length] => 3479
    [has_data] => 1
)

--------------------------------------------------------------------------------
[2026-09-30 09:18:07] Connexion BDD OK
--------------------------------------------------------------------------------
[2026-09-30 09:18:07] Traitement ID: 1529
--------------------------------------------------------------------------------
[2026-09-30 09:18:07] SQL
Array
(
    [sql] => UPDATE materiel SET marque = :marque, modele = :modele, type_materiel = :type_materiel, numero_serie = :numero_serie, version_firmware = :version_firmware, adresse_ip = :adresse_ip, adresse_mac = :adresse_mac, usage_materiel = :usage_materiel WHERE id = :id
    [params] => Array
        (
            [0] => :marque
            [1] => :modele
            [2] => :type_materiel
            [3] => :numero_serie
            [4] => :version_firmware
            [5] => :adresse_ip
            [6] => :adresse_mac
            [7] => :usage_materiel
            [8] => :id
        )

)

--------------------------------------------------------------------------------
[2026-09-30 09:18:07] Mise à jour réussie ID: 1529
--------------------------------------------------------------------------------
[2026-09-30 09:18:07] Traitement ID: 1446
--------------------------------------------------------------------------------
[2026-09-30 09:18:07] SQL
Array
(
    [sql] => UPDATE materiel SET marque = :marque, modele = :modele, type_materiel = :type_materiel, numero_serie = :numero_serie, version_firmware = :version_firmware, adresse_ip = :adresse_ip, adresse_mac = :adresse_mac, usage_materiel = :usage_materiel, masque = :masque, login = :login, password = :password WHERE id = :id
    [params] => Array
        (
            [0] => :marque
            [1] => :modele
            [2] => :type_materiel
            [3] => :numero_serie
            [4] => :version_firmware
            [5] => :adresse_ip
            [6] => :adresse_mac
            [7] => :usage_materiel
            [8] => :masque
            [9] => :login
            [10] => :password
            [11] => :id
        )

)

--------------------------------------------------------------------------------
[2026-09-30 09:18:07] Mise à jour réussie ID: 1446
--------------------------------------------------------------------------------
[2026-09-30 09:18:07] Traitement ID: 1530
--------------------------------------------------------------------------------
[2026-09-30 09:18:07] SQL
Array
(
    [sql] => UPDATE materiel SET marque = :marque, modele = :modele, type_materiel = :type_materiel, numero_serie = :numero_serie, usage_materiel = :usage_materiel WHERE id = :id
    [params] => Array
        (
            [0] => :marque
            [1] => :modele
            [2] => :type_materiel
            [3] => :numero_serie
            [4] => :usage_materiel
            [5] => :id
        )

)

--------------------------------------------------------------------------------
[2026-09-30 09:18:07] Mise à jour réussie ID: 1530
--------------------------------------------------------------------------------
[2026-09-30 09:18:07] Traitement ID: 1531
--------------------------------------------------------------------------------
[2026-09-30 09:18:07] SQL
Array
(
    [sql] => UPDATE materiel SET marque = :marque, modele = :modele, type_materiel = :type_materiel, numero_serie = :numero_serie, usage_materiel = :usage_materiel WHERE id = :id
    [params] => Array
        (
            [0] => :marque
            [1] => :modele
            [2] => :type_materiel
            [3] => :numero_serie
            [4] => :usage_materiel
            [5] => :id
        )

)

--------------------------------------------------------------------------------
[2026-09-30 09:18:07] Mise à jour réussie ID: 1531
--------------------------------------------------------------------------------
[2026-09-30 09:18:07] Traitement ID: 1532
--------------------------------------------------------------------------------
[2026-09-30 09:18:07] SQL
Array
(
    [sql] => UPDATE materiel SET marque = :marque, modele = :modele, type_materiel = :type_materiel, usage_materiel = :usage_materiel WHERE id = :id
    [params] => Array
        (
            [0] => :marque
            [1] => :modele
            [2] => :type_materiel
            [3] => :usage_materiel
            [4] => :id
        )

)

--------------------------------------------------------------------------------
[2026-09-30 09:18:07] Mise à jour réussie ID: 1532
--------------------------------------------------------------------------------
[2026-09-30 09:18:07] Réponse
Array
(
    [status] => success
    [message] => 5 ligne(s) mise(s) à jour
    [updated] => 5
    [total_rows] => 5
    [errors] => Array
        (
        )

)

--------------------------------------------------------------------------------
[2026-09-30 09:18:07] === FIN ===
--------------------------------------------------------------------------------
[2026-09-30 09:29:00] === DÉBUT ===
--------------------------------------------------------------------------------
[2026-09-30 09:29:00] Input reçu
Array
(
    [raw_length] => 3488
    [has_data] => 1
)

--------------------------------------------------------------------------------
[2026-09-30 09:29:00] Connexion BDD OK
--------------------------------------------------------------------------------
[2026-09-30 09:29:00] Traitement ID: 1529
--------------------------------------------------------------------------------
[2026-09-30 09:29:00] SQL
Array
(
    [sql] => UPDATE materiel SET marque = :marque, modele = :modele, type_materiel = :type_materiel, numero_serie = :numero_serie, version_firmware = :version_firmware, adresse_ip = :adresse_ip, adresse_mac = :adresse_mac, usage_materiel = :usage_materiel WHERE id = :id
    [params] => Array
        (
            [0] => :marque
            [1] => :modele
            [2] => :type_materiel
            [3] => :numero_serie
            [4] => :version_firmware
            [5] => :adresse_ip
            [6] => :adresse_mac
            [7] => :usage_materiel
            [8] => :id
        )

)

--------------------------------------------------------------------------------
[2026-09-30 09:29:00] Mise à jour réussie ID: 1529
--------------------------------------------------------------------------------
[2026-09-30 09:29:00] Traitement ID: 1446
--------------------------------------------------------------------------------
[2026-09-30 09:29:00] SQL
Array
(
    [sql] => UPDATE materiel SET marque = :marque, modele = :modele, type_materiel = :type_materiel, numero_serie = :numero_serie, version_firmware = :version_firmware, adresse_ip = :adresse_ip, adresse_mac = :adresse_mac, usage_materiel = :usage_materiel, masque = :masque, login = :login, password = :password WHERE id = :id
    [params] => Array
        (
            [0] => :marque
            [1] => :modele
            [2] => :type_materiel
            [3] => :numero_serie
            [4] => :version_firmware
            [5] => :adresse_ip
            [6] => :adresse_mac
            [7] => :usage_materiel
            [8] => :masque
            [9] => :login
            [10] => :password
            [11] => :id
        )

)

--------------------------------------------------------------------------------
[2026-09-30 09:29:00] Mise à jour réussie ID: 1446
--------------------------------------------------------------------------------
[2026-09-30 09:29:00] Traitement ID: 1530
--------------------------------------------------------------------------------
[2026-09-30 09:29:00] Traitement ID: 1531
--------------------------------------------------------------------------------
[2026-09-30 09:29:00] Traitement ID: 1532
--------------------------------------------------------------------------------
[2026-09-30 09:29:00] SQL
Array
(
    [sql] => UPDATE materiel SET marque = :marque, modele = :modele, type_materiel = :type_materiel, numero_serie = :numero_serie, usage_materiel = :usage_materiel WHERE id = :id
    [params] => Array
        (
            [0] => :marque
            [1] => :modele
            [2] => :type_materiel
            [3] => :numero_serie
            [4] => :usage_materiel
            [5] => :id
        )

)

--------------------------------------------------------------------------------
[2026-09-30 09:29:00] Mise à jour réussie ID: 1532
--------------------------------------------------------------------------------
[2026-09-30 09:29:00] Réponse
Array
(
    [status] => partial
    [message] => 3 ligne(s) mise(s) à jour
    [updated] => 3
    [total_rows] => 5
    [errors] => Array
        (
            [0] => Ligne 3 (ID 1530): le numéro de série « 18626742020 » existe déjà (sony FW50BZ30L)
            [1] => Ligne 4 (ID 1531): le numéro de série « 18626742020 » existe déjà (sony FW50BZ30L)
        )

)

--------------------------------------------------------------------------------
[2026-09-30 09:29:00] === FIN ===
--------------------------------------------------------------------------------
[2026-09-30 09:30:34] === DÉBUT ===
--------------------------------------------------------------------------------
[2026-09-30 09:30:34] Input reçu
Array
(
    [raw_length] => 3488
    [has_data] => 1
)

--------------------------------------------------------------------------------
[2026-09-30 09:30:34] Connexion BDD OK
--------------------------------------------------------------------------------
[2026-09-30 09:30:34] Traitement ID: 1529
--------------------------------------------------------------------------------
[2026-09-30 09:30:34] SQL
Array
(
    [sql] => UPDATE materiel SET marque = :marque, modele = :modele, type_materiel = :type_materiel, numero_serie = :numero_serie, version_firmware = :version_firmware, adresse_ip = :adresse_ip, adresse_mac = :adresse_mac, usage_materiel = :usage_materiel WHERE id = :id
    [params] => Array
        (
            [0] => :marque
            [1] => :modele
            [2] => :type_materiel
            [3] => :numero_serie
            [4] => :version_firmware
            [5] => :adresse_ip
            [6] => :adresse_mac
            [7] => :usage_materiel
            [8] => :id
        )

)

--------------------------------------------------------------------------------
[2026-09-30 09:30:34] Mise à jour réussie ID: 1529
--------------------------------------------------------------------------------
[2026-09-30 09:30:34] Traitement ID: 1446
--------------------------------------------------------------------------------
[2026-09-30 09:30:34] SQL
Array
(
    [sql] => UPDATE materiel SET marque = :marque, modele = :modele, type_materiel = :type_materiel, numero_serie = :numero_serie, version_firmware = :version_firmware, adresse_ip = :adresse_ip, adresse_mac = :adresse_mac, usage_materiel = :usage_materiel, masque = :masque, login = :login, password = :password WHERE id = :id
    [params] => Array
        (
            [0] => :marque
            [1] => :modele
            [2] => :type_materiel
            [3] => :numero_serie
            [4] => :version_firmware
            [5] => :adresse_ip
            [6] => :adresse_mac
            [7] => :usage_materiel
            [8] => :masque
            [9] => :login
            [10] => :password
            [11] => :id
        )

)

--------------------------------------------------------------------------------
[2026-09-30 09:30:34] Mise à jour réussie ID: 1446
--------------------------------------------------------------------------------
[2026-09-30 09:30:34] Traitement ID: 1530
--------------------------------------------------------------------------------
[2026-09-30 09:30:34] Traitement ID: 1531
--------------------------------------------------------------------------------
[2026-09-30 09:30:34] Traitement ID: 1532
--------------------------------------------------------------------------------
[2026-09-30 09:30:34] SQL
Array
(
    [sql] => UPDATE materiel SET marque = :marque, modele = :modele, type_materiel = :type_materiel, numero_serie = :numero_serie, usage_materiel = :usage_materiel WHERE id = :id
    [params] => Array
        (
            [0] => :marque
            [1] => :modele
            [2] => :type_materiel
            [3] => :numero_serie
            [4] => :usage_materiel
            [5] => :id
        )

)

--------------------------------------------------------------------------------
[2026-09-30 09:30:34] Mise à jour réussie ID: 1532
--------------------------------------------------------------------------------
[2026-09-30 09:30:34] Réponse
Array
(
    [status] => partial
    [message] => 3 ligne(s) mise(s) à jour
    [updated] => 3
    [total_rows] => 5
    [errors] => Array
        (
            [0] => Ligne 3 (ID 1530): le numéro de série « 18626742020 » existe déjà (sony FW50BZ30L)
            [1] => Ligne 4 (ID 1531): le numéro de série « 18626742020 » existe déjà (sony FW50BZ30L)
        )

)

--------------------------------------------------------------------------------
[2026-09-30 09:30:34] === FIN ===
--------------------------------------------------------------------------------
[2026-09-30 09:40:08] === DÉBUT ===
--------------------------------------------------------------------------------
[2026-09-30 09:40:08] Input reçu
Array
(
    [raw_length] => 722
    [has_data] => 1
)

--------------------------------------------------------------------------------
[2026-09-30 09:40:08] Connexion BDD OK
--------------------------------------------------------------------------------
[2026-09-30 09:40:08] Traitement ID: 4491
--------------------------------------------------------------------------------
[2026-09-30 09:40:08] SQL
Array
(
    [sql] => UPDATE materiel SET marque = :marque, modele = :modele, numero_serie = :numero_serie WHERE id = :id
    [params] => Array
        (
            [0] => :marque
            [1] => :modele
            [2] => :numero_serie
            [3] => :id
        )

)

--------------------------------------------------------------------------------
[2026-09-30 09:40:08] Mise à jour réussie ID: 4491
--------------------------------------------------------------------------------
[2026-09-30 09:40:08] Réponse
Array
(
    [status] => success
    [message] => 1 ligne(s) mise(s) à jour
    [updated] => 1
    [total_rows] => 1
    [errors] => Array
        (
        )

)

--------------------------------------------------------------------------------
[2026-09-30 09:40:08] === FIN ===
--------------------------------------------------------------------------------
[2026-09-30 09:42:33] === DÉBUT ===
--------------------------------------------------------------------------------
[2026-09-30 09:42:33] Input reçu
Array
(
    [raw_length] => 13554
    [has_data] => 1
)

--------------------------------------------------------------------------------
[2026-09-30 09:42:33] Connexion BDD OK
--------------------------------------------------------------------------------
[2026-09-30 09:42:33] Traitement ID: 72
--------------------------------------------------------------------------------
[2026-09-30 09:42:33] SQL
Array
(
    [sql] => UPDATE materiel SET marque = :marque, modele = :modele, type_materiel = :type_materiel, numero_serie = :numero_serie, adresse_ip = :adresse_ip, adresse_mac = :adresse_mac, masque = :masque, passerelle = :passerelle WHERE id = :id
    [params] => Array
        (
            [0] => :marque
            [1] => :modele
            [2] => :type_materiel
            [3] => :numero_serie
            [4] => :adresse_ip
            [5] => :adresse_mac
            [6] => :masque
            [7] => :passerelle
            [8] => :id
        )

)

--------------------------------------------------------------------------------
[2026-09-30 09:42:33] Mise à jour réussie ID: 72
--------------------------------------------------------------------------------
[2026-09-30 09:42:33] Traitement ID: 62
--------------------------------------------------------------------------------
[2026-09-30 09:42:33] SQL
Array
(
    [sql] => UPDATE materiel SET marque = :marque, modele = :modele, type_materiel = :type_materiel, numero_serie = :numero_serie, adresse_ip = :adresse_ip, masque = :masque, passerelle = :passerelle WHERE id = :id
    [params] => Array
        (
            [0] => :marque
            [1] => :modele
            [2] => :type_materiel
            [3] => :numero_serie
            [4] => :adresse_ip
            [5] => :masque
            [6] => :passerelle
            [7] => :id
        )

)

--------------------------------------------------------------------------------
[2026-09-30 09:42:33] Mise à jour réussie ID: 62
--------------------------------------------------------------------------------
[2026-09-30 09:42:33] Traitement ID: 66
--------------------------------------------------------------------------------
[2026-09-30 09:42:33] SQL
Array
(
    [sql] => UPDATE materiel SET marque = :marque, modele = :modele, type_materiel = :type_materiel, numero_serie = :numero_serie, version_firmware = :version_firmware, adresse_ip = :adresse_ip, adresse_mac = :adresse_mac, masque = :masque, passerelle = :passerelle WHERE id = :id
    [params] => Array
        (
            [0] => :marque
            [1] => :modele
            [2] => :type_materiel
            [3] => :numero_serie
            [4] => :version_firmware
            [5] => :adresse_ip
            [6] => :adresse_mac
            [7] => :masque
            [8] => :passerelle
            [9] => :id
        )

)

--------------------------------------------------------------------------------
[2026-09-30 09:42:33] Mise à jour réussie ID: 66
--------------------------------------------------------------------------------
[2026-09-30 09:42:33] Traitement ID: 67
--------------------------------------------------------------------------------
[2026-09-30 09:42:33] SQL
Array
(
    [sql] => UPDATE materiel SET marque = :marque, modele = :modele, numero_serie = :numero_serie, version_firmware = :version_firmware, adresse_ip = :adresse_ip, adresse_mac = :adresse_mac, masque = :masque, passerelle = :passerelle, login = :login, password = :password WHERE id = :id
    [params] => Array
        (
            [0] => :marque
            [1] => :modele
            [2] => :numero_serie
            [3] => :version_firmware
            [4] => :adresse_ip
            [5] => :adresse_mac
            [6] => :masque
            [7] => :passerelle
            [8] => :login
            [9] => :password
            [10] => :id
        )

)

--------------------------------------------------------------------------------
[2026-09-30 09:42:33] Mise à jour réussie ID: 67
--------------------------------------------------------------------------------
[2026-09-30 09:42:33] Traitement ID: 76
--------------------------------------------------------------------------------
[2026-09-30 09:42:33] SQL
Array
(
    [sql] => UPDATE materiel SET marque = :marque, modele = :modele, type_materiel = :type_materiel, numero_serie = :numero_serie, version_firmware = :version_firmware, adresse_ip = :adresse_ip, adresse_mac = :adresse_mac, ancien_firmware = :ancien_firmware, masque = :masque, passerelle = :passerelle, password_wifi = :password_wifi WHERE id = :id
    [params] => Array
        (
            [0] => :marque
            [1] => :modele
            [2] => :type_materiel
            [3] => :numero_serie
            [4] => :version_firmware
            [5] => :adresse_ip
            [6] => :adresse_mac
            [7] => :ancien_firmware
            [8] => :masque
            [9] => :passerelle
            [10] => :password_wifi
            [11] => :id
        )

)

--------------------------------------------------------------------------------
[2026-09-30 09:42:33] Mise à jour réussie ID: 76
--------------------------------------------------------------------------------
[2026-09-30 09:42:33] Traitement ID: 308
--------------------------------------------------------------------------------
[2026-09-30 09:42:33] SQL
Array
(
    [sql] => UPDATE materiel SET marque = :marque, modele = :modele, type_materiel = :type_materiel, numero_serie = :numero_serie, version_firmware = :version_firmware, adresse_ip = :adresse_ip, adresse_mac = :adresse_mac, masque = :masque, passerelle = :passerelle, password = :password, ssid = :ssid, password_wifi = :password_wifi WHERE id = :id
    [params] => Array
        (
            [0] => :marque
            [1] => :modele
            [2] => :type_materiel
            [3] => :numero_serie
            [4] => :version_firmware
            [5] => :adresse_ip
            [6] => :adresse_mac
            [7] => :masque
            [8] => :passerelle
            [9] => :password
            [10] => :ssid
            [11] => :password_wifi
            [12] => :id
        )

)

--------------------------------------------------------------------------------
[2026-09-30 09:42:33] Mise à jour réussie ID: 308
--------------------------------------------------------------------------------
[2026-09-30 09:42:33] Traitement ID: 63
--------------------------------------------------------------------------------
[2026-09-30 09:42:33] SQL
Array
(
    [sql] => UPDATE materiel SET marque = :marque, modele = :modele, type_materiel = :type_materiel, numero_serie = :numero_serie, version_firmware = :version_firmware, adresse_ip = :adresse_ip, adresse_mac = :adresse_mac, masque = :masque, passerelle = :passerelle, login = :login, password = :password, password_wifi = :password_wifi WHERE id = :id
    [params] => Array
        (
            [0] => :marque
            [1] => :modele
            [2] => :type_materiel
            [3] => :numero_serie
            [4] => :version_firmware
            [5] => :adresse_ip
            [6] => :adresse_mac
            [7] => :masque
            [8] => :passerelle
            [9] => :login
            [10] => :password
            [11] => :password_wifi
            [12] => :id
        )

)

--------------------------------------------------------------------------------
[2026-09-30 09:42:33] Mise à jour réussie ID: 63
--------------------------------------------------------------------------------
[2026-09-30 09:42:33] Traitement ID: 75
--------------------------------------------------------------------------------
[2026-09-30 09:42:33] SQL
Array
(
    [sql] => UPDATE materiel SET marque = :marque, modele = :modele, type_materiel = :type_materiel, numero_serie = :numero_serie, version_firmware = :version_firmware, adresse_ip = :adresse_ip, adresse_mac = :adresse_mac, masque = :masque, passerelle = :passerelle WHERE id = :id
    [params] => Array
        (
            [0] => :marque
            [1] => :modele
            [2] => :type_materiel
            [3] => :numero_serie
            [4] => :version_firmware
            [5] => :adresse_ip
            [6] => :adresse_mac
            [7] => :masque
            [8] => :passerelle
            [9] => :id
        )

)

--------------------------------------------------------------------------------
[2026-09-30 09:42:33] Mise à jour réussie ID: 75
--------------------------------------------------------------------------------
[2026-09-30 09:42:33] Traitement ID: 60
--------------------------------------------------------------------------------
[2026-09-30 09:42:33] SQL
Array
(
    [sql] => UPDATE materiel SET marque = :marque, modele = :modele, type_materiel = :type_materiel, numero_serie = :numero_serie, version_firmware = :version_firmware, adresse_ip = :adresse_ip, adresse_mac = :adresse_mac, masque = :masque, passerelle = :passerelle WHERE id = :id
    [params] => Array
        (
            [0] => :marque
            [1] => :modele
            [2] => :type_materiel
            [3] => :numero_serie
            [4] => :version_firmware
            [5] => :adresse_ip
            [6] => :adresse_mac
            [7] => :masque
            [8] => :passerelle
            [9] => :id
        )

)

--------------------------------------------------------------------------------
[2026-09-30 09:42:33] Mise à jour réussie ID: 60
--------------------------------------------------------------------------------
[2026-09-30 09:42:33] Traitement ID: 61
--------------------------------------------------------------------------------
[2026-09-30 09:42:33] SQL
Array
(
    [sql] => UPDATE materiel SET marque = :marque, modele = :modele, type_materiel = :type_materiel, numero_serie = :numero_serie, adresse_ip = :adresse_ip, adresse_mac = :adresse_mac, masque = :masque, passerelle = :passerelle WHERE id = :id
    [params] => Array
        (
            [0] => :marque
            [1] => :modele
            [2] => :type_materiel
            [3] => :numero_serie
            [4] => :adresse_ip
            [5] => :adresse_mac
            [6] => :masque
            [7] => :passerelle
            [8] => :id
        )

)

--------------------------------------------------------------------------------
[2026-09-30 09:42:33] Mise à jour réussie ID: 61
--------------------------------------------------------------------------------
[2026-09-30 09:42:33] Traitement ID: 71
--------------------------------------------------------------------------------
[2026-09-30 09:42:33] SQL
Array
(
    [sql] => UPDATE materiel SET marque = :marque, modele = :modele, type_materiel = :type_materiel, adresse_ip = :adresse_ip, adresse_mac = :adresse_mac, masque = :masque, passerelle = :passerelle WHERE id = :id
    [params] => Array
        (
            [0] => :marque
            [1] => :modele
            [2] => :type_materiel
            [3] => :adresse_ip
            [4] => :adresse_mac
            [5] => :masque
            [6] => :passerelle
            [7] => :id
        )

)

--------------------------------------------------------------------------------
[2026-09-30 09:42:33] Mise à jour réussie ID: 71
--------------------------------------------------------------------------------
[2026-09-30 09:42:33] Traitement ID: 68
--------------------------------------------------------------------------------
[2026-09-30 09:42:33] SQL
Array
(
    [sql] => UPDATE materiel SET marque = :marque, modele = :modele, type_materiel = :type_materiel, numero_serie = :numero_serie, adresse_ip = :adresse_ip, adresse_mac = :adresse_mac, masque = :masque, passerelle = :passerelle WHERE id = :id
    [params] => Array
        (
            [0] => :marque
            [1] => :modele
            [2] => :type_materiel
            [3] => :numero_serie
            [4] => :adresse_ip
            [5] => :adresse_mac
            [6] => :masque
            [7] => :passerelle
            [8] => :id
        )

)

--------------------------------------------------------------------------------
[2026-09-30 09:42:33] Mise à jour réussie ID: 68
--------------------------------------------------------------------------------
[2026-09-30 09:42:33] Traitement ID: 69
--------------------------------------------------------------------------------
[2026-09-30 09:42:33] SQL
Array
(
    [sql] => UPDATE materiel SET marque = :marque, modele = :modele, type_materiel = :type_materiel, numero_serie = :numero_serie, adresse_ip = :adresse_ip, adresse_mac = :adresse_mac, masque = :masque, passerelle = :passerelle WHERE id = :id
    [params] => Array
        (
            [0] => :marque
            [1] => :modele
            [2] => :type_materiel
            [3] => :numero_serie
            [4] => :adresse_ip
            [5] => :adresse_mac
            [6] => :masque
            [7] => :passerelle
            [8] => :id
        )

)

--------------------------------------------------------------------------------
[2026-09-30 09:42:33] Mise à jour réussie ID: 69
--------------------------------------------------------------------------------
[2026-09-30 09:42:33] Traitement ID: 70
--------------------------------------------------------------------------------
[2026-09-30 09:42:33] SQL
Array
(
    [sql] => UPDATE materiel SET marque = :marque, modele = :modele, type_materiel = :type_materiel, numero_serie = :numero_serie, adresse_ip = :adresse_ip, adresse_mac = :adresse_mac, masque = :masque, passerelle = :passerelle WHERE id = :id
    [params] => Array
        (
            [0] => :marque
            [1] => :modele
            [2] => :type_materiel
            [3] => :numero_serie
            [4] => :adresse_ip
            [5] => :adresse_mac
            [6] => :masque
            [7] => :passerelle
            [8] => :id
        )

)

--------------------------------------------------------------------------------
[2026-09-30 09:42:33] Mise à jour réussie ID: 70
--------------------------------------------------------------------------------
[2026-09-30 09:42:33] Traitement ID: 74
--------------------------------------------------------------------------------
[2026-09-30 09:42:33] SQL
Array
(
    [sql] => UPDATE materiel SET marque = :marque, modele = :modele, type_materiel = :type_materiel, numero_serie = :numero_serie, adresse_ip = :adresse_ip, masque = :masque, passerelle = :passerelle WHERE id = :id
    [params] => Array
        (
            [0] => :marque
            [1] => :modele
            [2] => :type_materiel
            [3] => :numero_serie
            [4] => :adresse_ip
            [5] => :masque
            [6] => :passerelle
            [7] => :id
        )

)

--------------------------------------------------------------------------------
[2026-09-30 09:42:33] Mise à jour réussie ID: 74
--------------------------------------------------------------------------------
[2026-09-30 09:42:33] Traitement ID: 73
--------------------------------------------------------------------------------
[2026-09-30 09:42:33] SQL
Array
(
    [sql] => UPDATE materiel SET marque = :marque, modele = :modele, type_materiel = :type_materiel, adresse_ip = :adresse_ip, masque = :masque, passerelle = :passerelle WHERE id = :id
    [params] => Array
        (
            [0] => :marque
            [1] => :modele
            [2] => :type_materiel
            [3] => :adresse_ip
            [4] => :masque
            [5] => :passerelle
            [6] => :id
        )

)

--------------------------------------------------------------------------------
[2026-09-30 09:42:33] Mise à jour réussie ID: 73
--------------------------------------------------------------------------------
[2026-09-30 09:42:33] Traitement ID: 64
--------------------------------------------------------------------------------
[2026-09-30 09:42:33] SQL
Array
(
    [sql] => UPDATE materiel SET marque = :marque, modele = :modele, type_materiel = :type_materiel, numero_serie = :numero_serie, version_firmware = :version_firmware, adresse_ip = :adresse_ip, adresse_mac = :adresse_mac, masque = :masque, passerelle = :passerelle, login = :login, password = :password WHERE id = :id
    [params] => Array
        (
            [0] => :marque
            [1] => :modele
            [2] => :type_materiel
            [3] => :numero_serie
            [4] => :version_firmware
            [5] => :adresse_ip
            [6] => :adresse_mac
            [7] => :masque
            [8] => :passerelle
            [9] => :login
            [10] => :password
            [11] => :id
        )

)

--------------------------------------------------------------------------------
[2026-09-30 09:42:33] Mise à jour réussie ID: 64
--------------------------------------------------------------------------------
[2026-09-30 09:42:33] Traitement ID: 202
--------------------------------------------------------------------------------
[2026-09-30 09:42:33] SQL
Array
(
    [sql] => UPDATE materiel SET marque = :marque, modele = :modele, numero_serie = :numero_serie WHERE id = :id
    [params] => Array
        (
            [0] => :marque
            [1] => :modele
            [2] => :numero_serie
            [3] => :id
        )

)

--------------------------------------------------------------------------------
[2026-09-30 09:42:33] Mise à jour réussie ID: 202
--------------------------------------------------------------------------------
[2026-09-30 09:42:33] Traitement ID: 65
--------------------------------------------------------------------------------
[2026-09-30 09:42:33] SQL
Array
(
    [sql] => UPDATE materiel SET marque = :marque, modele = :modele, type_materiel = :type_materiel, numero_serie = :numero_serie, adresse_ip = :adresse_ip, adresse_mac = :adresse_mac, masque = :masque, passerelle = :passerelle, login = :login, password = :password WHERE id = :id
    [params] => Array
        (
            [0] => :marque
            [1] => :modele
            [2] => :type_materiel
            [3] => :numero_serie
            [4] => :adresse_ip
            [5] => :adresse_mac
            [6] => :masque
            [7] => :passerelle
            [8] => :login
            [9] => :password
            [10] => :id
        )

)

--------------------------------------------------------------------------------
[2026-09-30 09:42:33] Mise à jour réussie ID: 65
--------------------------------------------------------------------------------
[2026-09-30 09:42:33] Réponse
Array
(
    [status] => success
    [message] => 19 ligne(s) mise(s) à jour
    [updated] => 19
    [total_rows] => 19
    [errors] => Array
        (
        )

)

--------------------------------------------------------------------------------
[2026-09-30 09:42:33] === FIN ===
--------------------------------------------------------------------------------
[2026-09-30 09:42:33] === DÉBUT ===
--------------------------------------------------------------------------------
[2026-09-30 09:42:33] Input reçu
Array
(
    [raw_length] => 9459
    [has_data] => 1
)

--------------------------------------------------------------------------------
[2026-09-30 09:42:33] Connexion BDD OK
--------------------------------------------------------------------------------
[2026-09-30 09:42:33] Traitement ID: 2706
--------------------------------------------------------------------------------
[2026-09-30 09:42:33] SQL
Array
(
    [sql] => UPDATE materiel SET marque = :marque, modele = :modele, type_materiel = :type_materiel, numero_serie = :numero_serie, adresse_ip = :adresse_ip WHERE id = :id
    [params] => Array
        (
            [0] => :marque
            [1] => :modele
            [2] => :type_materiel
            [3] => :numero_serie
            [4] => :adresse_ip
            [5] => :id
        )

)

--------------------------------------------------------------------------------
[2026-09-30 09:42:33] Mise à jour réussie ID: 2706
--------------------------------------------------------------------------------
[2026-09-30 09:42:33] Traitement ID: 2697
--------------------------------------------------------------------------------
[2026-09-30 09:42:33] Traitement ID: 2700
--------------------------------------------------------------------------------
[2026-09-30 09:42:33] SQL
Array
(
    [sql] => UPDATE materiel SET marque = :marque, modele = :modele, type_materiel = :type_materiel, adresse_ip = :adresse_ip, login = :login, password = :password WHERE id = :id
    [params] => Array
        (
            [0] => :marque
            [1] => :modele
            [2] => :type_materiel
            [3] => :adresse_ip
            [4] => :login
            [5] => :password
            [6] => :id
        )

)

--------------------------------------------------------------------------------
[2026-09-30 09:42:33] Mise à jour réussie ID: 2700
--------------------------------------------------------------------------------
[2026-09-30 09:42:33] Traitement ID: 2698
--------------------------------------------------------------------------------
[2026-09-30 09:42:33] SQL
Array
(
    [sql] => UPDATE materiel SET marque = :marque, modele = :modele, type_materiel = :type_materiel, adresse_ip = :adresse_ip, login = :login, password = :password WHERE id = :id
    [params] => Array
        (
            [0] => :marque
            [1] => :modele
            [2] => :type_materiel
            [3] => :adresse_ip
            [4] => :login
            [5] => :password
            [6] => :id
        )

)

--------------------------------------------------------------------------------
[2026-09-30 09:42:33] Mise à jour réussie ID: 2698
--------------------------------------------------------------------------------
[2026-09-30 09:42:33] Traitement ID: 2699
--------------------------------------------------------------------------------
[2026-09-30 09:42:33] SQL
Array
(
    [sql] => UPDATE materiel SET marque = :marque, modele = :modele, type_materiel = :type_materiel, adresse_ip = :adresse_ip WHERE id = :id
    [params] => Array
        (
            [0] => :marque
            [1] => :modele
            [2] => :type_materiel
            [3] => :adresse_ip
            [4] => :id
        )

)

--------------------------------------------------------------------------------
[2026-09-30 09:42:33] Mise à jour réussie ID: 2699
--------------------------------------------------------------------------------
[2026-09-30 09:42:33] Traitement ID: 2707
--------------------------------------------------------------------------------
[2026-09-30 09:42:33] SQL
Array
(
    [sql] => UPDATE materiel SET marque = :marque, modele = :modele, type_materiel = :type_materiel, adresse_ip = :adresse_ip, login = :login, password = :password WHERE id = :id
    [params] => Array
        (
            [0] => :marque
            [1] => :modele
            [2] => :type_materiel
            [3] => :adresse_ip
            [4] => :login
            [5] => :password
            [6] => :id
        )

)

--------------------------------------------------------------------------------
[2026-09-30 09:42:33] Mise à jour réussie ID: 2707
--------------------------------------------------------------------------------
[2026-09-30 09:42:33] Traitement ID: 4491
--------------------------------------------------------------------------------
[2026-09-30 09:42:33] SQL
Array
(
    [sql] => UPDATE materiel SET marque = :marque, modele = :modele, numero_serie = :numero_serie WHERE id = :id
    [params] => Array
        (
            [0] => :marque
            [1] => :modele
            [2] => :numero_serie
            [3] => :id
        )

)

--------------------------------------------------------------------------------
[2026-09-30 09:42:33] Mise à jour réussie ID: 4491
--------------------------------------------------------------------------------
[2026-09-30 09:42:33] Traitement ID: 2708
--------------------------------------------------------------------------------
[2026-09-30 09:42:33] SQL
Array
(
    [sql] => UPDATE materiel SET marque = :marque, modele = :modele, type_materiel = :type_materiel, numero_serie = :numero_serie, adresse_ip = :adresse_ip WHERE id = :id
    [params] => Array
        (
            [0] => :marque
            [1] => :modele
            [2] => :type_materiel
            [3] => :numero_serie
            [4] => :adresse_ip
            [5] => :id
        )

)

--------------------------------------------------------------------------------
[2026-09-30 09:42:33] Mise à jour réussie ID: 2708
--------------------------------------------------------------------------------
[2026-09-30 09:42:33] Traitement ID: 2701
--------------------------------------------------------------------------------
[2026-09-30 09:42:33] SQL
Array
(
    [sql] => UPDATE materiel SET marque = :marque, modele = :modele, type_materiel = :type_materiel, adresse_ip = :adresse_ip, login = :login, password = :password WHERE id = :id
    [params] => Array
        (
            [0] => :marque
            [1] => :modele
            [2] => :type_materiel
            [3] => :adresse_ip
            [4] => :login
            [5] => :password
            [6] => :id
        )

)

--------------------------------------------------------------------------------
[2026-09-30 09:42:33] Mise à jour réussie ID: 2701
--------------------------------------------------------------------------------
[2026-09-30 09:42:33] Traitement ID: 2702
--------------------------------------------------------------------------------
[2026-09-30 09:42:33] SQL
Array
(
    [sql] => UPDATE materiel SET marque = :marque, modele = :modele, type_materiel = :type_materiel, adresse_ip = :adresse_ip, login = :login, password = :password WHERE id = :id
    [params] => Array
        (
            [0] => :marque
            [1] => :modele
            [2] => :type_materiel
            [3] => :adresse_ip
            [4] => :login
            [5] => :password
            [6] => :id
        )

)

--------------------------------------------------------------------------------
[2026-09-30 09:42:33] Mise à jour réussie ID: 2702
--------------------------------------------------------------------------------
[2026-09-30 09:42:33] Traitement ID: 2704
--------------------------------------------------------------------------------
[2026-09-30 09:42:33] SQL
Array
(
    [sql] => UPDATE materiel SET marque = :marque, modele = :modele, type_materiel = :type_materiel, adresse_ip = :adresse_ip WHERE id = :id
    [params] => Array
        (
            [0] => :marque
            [1] => :modele
            [2] => :type_materiel
            [3] => :adresse_ip
            [4] => :id
        )

)

--------------------------------------------------------------------------------
[2026-09-30 09:42:33] Mise à jour réussie ID: 2704
--------------------------------------------------------------------------------
[2026-09-30 09:42:33] Traitement ID: 2705
--------------------------------------------------------------------------------
[2026-09-30 09:42:33] SQL
Array
(
    [sql] => UPDATE materiel SET marque = :marque, modele = :modele, type_materiel = :type_materiel, adresse_ip = :adresse_ip WHERE id = :id
    [params] => Array
        (
            [0] => :marque
            [1] => :modele
            [2] => :type_materiel
            [3] => :adresse_ip
            [4] => :id
        )

)

--------------------------------------------------------------------------------
[2026-09-30 09:42:33] Mise à jour réussie ID: 2705
--------------------------------------------------------------------------------
[2026-09-30 09:42:33] Traitement ID: 2703
--------------------------------------------------------------------------------
[2026-09-30 09:42:33] SQL
Array
(
    [sql] => UPDATE materiel SET marque = :marque, modele = :modele, type_materiel = :type_materiel, adresse_ip = :adresse_ip WHERE id = :id
    [params] => Array
        (
            [0] => :marque
            [1] => :modele
            [2] => :type_materiel
            [3] => :adresse_ip
            [4] => :id
        )

)

--------------------------------------------------------------------------------
[2026-09-30 09:42:33] Mise à jour réussie ID: 2703
--------------------------------------------------------------------------------
[2026-09-30 09:42:33] Traitement ID: 4492
--------------------------------------------------------------------------------
[2026-09-30 09:42:33] SQL
Array
(
    [sql] => UPDATE materiel SET marque = :marque, modele = :modele, numero_serie = :numero_serie WHERE id = :id
    [params] => Array
        (
            [0] => :marque
            [1] => :modele
            [2] => :numero_serie
            [3] => :id
        )

)

--------------------------------------------------------------------------------
[2026-09-30 09:42:33] Mise à jour réussie ID: 4492
--------------------------------------------------------------------------------
[2026-09-30 09:42:33] Réponse
Array
(
    [status] => partial
    [message] => 13 ligne(s) mise(s) à jour
    [updated] => 13
    [total_rows] => 14
    [errors] => Array
        (
            [0] => Ligne 2 (ID 2697): le numéro de série « 18626742020 » existe déjà (sony FW50BZ30L)
        )

)

--------------------------------------------------------------------------------
[2026-09-30 09:42:33] === FIN ===
--------------------------------------------------------------------------------
