[2026-08-12 12:40:16] === DÉBUT ===
--------------------------------------------------------------------------------
[2026-08-12 12:40:16] Input reçu
Array
(
    [raw_length] => 23630
    [has_data] => 1
)

--------------------------------------------------------------------------------
[2026-08-12 12:40:16] Connexion BDD OK
--------------------------------------------------------------------------------
[2026-08-12 12:40:16] Traitement ID: 1660
--------------------------------------------------------------------------------
[2026-08-12 12:40:16] SQL
Array
(
    [sql] => UPDATE materiel SET marque = :marque, modele = :modele, type_materiel = :type_materiel, numero_serie = :numero_serie, version_firmware = :version_firmware, adresse_ip = :adresse_ip, masque = :masque, passerelle = :passerelle, login = :login, password = :password, commentaire = :commentaire WHERE id = :id
    [params] => Array
        (
            [0] => :marque
            [1] => :modele
            [2] => :type_materiel
            [3] => :numero_serie
            [4] => :version_firmware
            [5] => :adresse_ip
            [6] => :masque
            [7] => :passerelle
            [8] => :login
            [9] => :password
            [10] => :commentaire
            [11] => :id
        )

)

--------------------------------------------------------------------------------
[2026-08-12 12:40:16] Mise à jour réussie ID: 1660
--------------------------------------------------------------------------------
[2026-08-12 12:40:16] Traitement ID: 1661
--------------------------------------------------------------------------------
[2026-08-12 12:40:16] SQL
Array
(
    [sql] => UPDATE materiel SET marque = :marque, modele = :modele, type_materiel = :type_materiel, adresse_ip = :adresse_ip, masque = :masque, passerelle = :passerelle, login = :login, password = :password, date_fin_garantie = :date_fin_garantie, date_fin_maintenance = :date_fin_maintenance, date_derniere_inter = :date_derniere_inter, commentaire = :commentaire WHERE id = :id
    [params] => Array
        (
            [0] => :marque
            [1] => :modele
            [2] => :type_materiel
            [3] => :adresse_ip
            [4] => :masque
            [5] => :passerelle
            [6] => :login
            [7] => :password
            [8] => :date_fin_garantie
            [9] => :date_fin_maintenance
            [10] => :date_derniere_inter
            [11] => :commentaire
            [12] => :id
        )

)

--------------------------------------------------------------------------------
[2026-08-12 12:40:16] Mise à jour réussie ID: 1661
--------------------------------------------------------------------------------
[2026-08-12 12:40:16] Traitement ID: 1662
--------------------------------------------------------------------------------
[2026-08-12 12:40:16] SQL
Array
(
    [sql] => UPDATE materiel SET marque = :marque, modele = :modele, type_materiel = :type_materiel, adresse_ip = :adresse_ip, usage_materiel = :usage_materiel, masque = :masque, passerelle = :passerelle WHERE id = :id
    [params] => Array
        (
            [0] => :marque
            [1] => :modele
            [2] => :type_materiel
            [3] => :adresse_ip
            [4] => :usage_materiel
            [5] => :masque
            [6] => :passerelle
            [7] => :id
        )

)

--------------------------------------------------------------------------------
[2026-08-12 12:40:16] Mise à jour réussie ID: 1662
--------------------------------------------------------------------------------
[2026-08-12 12:40:16] Traitement ID: 1663
--------------------------------------------------------------------------------
[2026-08-12 12:40:16] SQL
Array
(
    [sql] => UPDATE materiel SET marque = :marque, modele = :modele, type_materiel = :type_materiel, numero_serie = :numero_serie, version_firmware = :version_firmware, adresse_ip = :adresse_ip, adresse_mac = :adresse_mac, usage_materiel = :usage_materiel, masque = :masque, passerelle = :passerelle WHERE id = :id
    [params] => Array
        (
            [0] => :marque
            [1] => :modele
            [2] => :type_materiel
            [3] => :numero_serie
            [4] => :version_firmware
            [5] => :adresse_ip
            [6] => :adresse_mac
            [7] => :usage_materiel
            [8] => :masque
            [9] => :passerelle
            [10] => :id
        )

)

--------------------------------------------------------------------------------
[2026-08-12 12:40:16] Mise à jour réussie ID: 1663
--------------------------------------------------------------------------------
[2026-08-12 12:40:16] Traitement ID: 1664
--------------------------------------------------------------------------------
[2026-08-12 12:40:16] SQL
Array
(
    [sql] => UPDATE materiel SET marque = :marque, modele = :modele, type_materiel = :type_materiel, numero_serie = :numero_serie, adresse_ip = :adresse_ip, adresse_mac = :adresse_mac, usage_materiel = :usage_materiel, masque = :masque, passerelle = :passerelle, login = :login, password = :password WHERE id = :id
    [params] => Array
        (
            [0] => :marque
            [1] => :modele
            [2] => :type_materiel
            [3] => :numero_serie
            [4] => :adresse_ip
            [5] => :adresse_mac
            [6] => :usage_materiel
            [7] => :masque
            [8] => :passerelle
            [9] => :login
            [10] => :password
            [11] => :id
        )

)

--------------------------------------------------------------------------------
[2026-08-12 12:40:16] Mise à jour réussie ID: 1664
--------------------------------------------------------------------------------
[2026-08-12 12:40:16] Traitement ID: 1665
--------------------------------------------------------------------------------
[2026-08-12 12:40:16] SQL
Array
(
    [sql] => UPDATE materiel SET marque = :marque, modele = :modele, type_materiel = :type_materiel, adresse_ip = :adresse_ip, usage_materiel = :usage_materiel, masque = :masque, passerelle = :passerelle WHERE id = :id
    [params] => Array
        (
            [0] => :marque
            [1] => :modele
            [2] => :type_materiel
            [3] => :adresse_ip
            [4] => :usage_materiel
            [5] => :masque
            [6] => :passerelle
            [7] => :id
        )

)

--------------------------------------------------------------------------------
[2026-08-12 12:40:16] Mise à jour réussie ID: 1665
--------------------------------------------------------------------------------
[2026-08-12 12:40:16] Traitement ID: 1666
--------------------------------------------------------------------------------
[2026-08-12 12:40:16] SQL
Array
(
    [sql] => UPDATE materiel SET marque = :marque, modele = :modele, type_materiel = :type_materiel, adresse_ip = :adresse_ip, usage_materiel = :usage_materiel, masque = :masque, passerelle = :passerelle WHERE id = :id
    [params] => Array
        (
            [0] => :marque
            [1] => :modele
            [2] => :type_materiel
            [3] => :adresse_ip
            [4] => :usage_materiel
            [5] => :masque
            [6] => :passerelle
            [7] => :id
        )

)

--------------------------------------------------------------------------------
[2026-08-12 12:40:16] Mise à jour réussie ID: 1666
--------------------------------------------------------------------------------
[2026-08-12 12:40:16] Traitement ID: 1667
--------------------------------------------------------------------------------
[2026-08-12 12:40:16] SQL
Array
(
    [sql] => UPDATE materiel SET marque = :marque, modele = :modele, type_materiel = :type_materiel, numero_serie = :numero_serie, version_firmware = :version_firmware, adresse_ip = :adresse_ip, adresse_mac = :adresse_mac, ancien_firmware = :ancien_firmware, masque = :masque, login = :login, password = :password, commentaire = :commentaire WHERE id = :id
    [params] => Array
        (
            [0] => :marque
            [1] => :modele
            [2] => :type_materiel
            [3] => :numero_serie
            [4] => :version_firmware
            [5] => :adresse_ip
            [6] => :adresse_mac
            [7] => :ancien_firmware
            [8] => :masque
            [9] => :login
            [10] => :password
            [11] => :commentaire
            [12] => :id
        )

)

--------------------------------------------------------------------------------
[2026-08-12 12:40:16] Mise à jour réussie ID: 1667
--------------------------------------------------------------------------------
[2026-08-12 12:40:16] Traitement ID: 1668
--------------------------------------------------------------------------------
[2026-08-12 12:40:16] SQL
Array
(
    [sql] => UPDATE materiel SET marque = :marque, modele = :modele, numero_serie = :numero_serie, date_fin_garantie = :date_fin_garantie, date_fin_maintenance = :date_fin_maintenance, date_derniere_inter = :date_derniere_inter, commentaire = :commentaire WHERE id = :id
    [params] => Array
        (
            [0] => :marque
            [1] => :modele
            [2] => :numero_serie
            [3] => :date_fin_garantie
            [4] => :date_fin_maintenance
            [5] => :date_derniere_inter
            [6] => :commentaire
            [7] => :id
        )

)

--------------------------------------------------------------------------------
[2026-08-12 12:40:16] Mise à jour réussie ID: 1668
--------------------------------------------------------------------------------
[2026-08-12 12:40:16] Traitement ID: 1669
--------------------------------------------------------------------------------
[2026-08-12 12:40:16] SQL
Array
(
    [sql] => UPDATE materiel SET marque = :marque, modele = :modele, numero_serie = :numero_serie, date_fin_garantie = :date_fin_garantie, date_fin_maintenance = :date_fin_maintenance, date_derniere_inter = :date_derniere_inter, commentaire = :commentaire WHERE id = :id
    [params] => Array
        (
            [0] => :marque
            [1] => :modele
            [2] => :numero_serie
            [3] => :date_fin_garantie
            [4] => :date_fin_maintenance
            [5] => :date_derniere_inter
            [6] => :commentaire
            [7] => :id
        )

)

--------------------------------------------------------------------------------
[2026-08-12 12:40:16] Mise à jour réussie ID: 1669
--------------------------------------------------------------------------------
[2026-08-12 12:40:16] Traitement ID: 1670
--------------------------------------------------------------------------------
[2026-08-12 12:40:16] SQL
Array
(
    [sql] => UPDATE materiel SET marque = :marque, modele = :modele, type_materiel = :type_materiel, numero_serie = :numero_serie, adresse_ip = :adresse_ip, adresse_mac = :adresse_mac, usage_materiel = :usage_materiel, masque = :masque, passerelle = :passerelle WHERE id = :id
    [params] => Array
        (
            [0] => :marque
            [1] => :modele
            [2] => :type_materiel
            [3] => :numero_serie
            [4] => :adresse_ip
            [5] => :adresse_mac
            [6] => :usage_materiel
            [7] => :masque
            [8] => :passerelle
            [9] => :id
        )

)

--------------------------------------------------------------------------------
[2026-08-12 12:40:16] Mise à jour réussie ID: 1670
--------------------------------------------------------------------------------
[2026-08-12 12:40:16] Traitement ID: 1671
--------------------------------------------------------------------------------
[2026-08-12 12:40:16] SQL
Array
(
    [sql] => UPDATE materiel SET marque = :marque, modele = :modele, type_materiel = :type_materiel, numero_serie = :numero_serie, adresse_ip = :adresse_ip, adresse_mac = :adresse_mac, usage_materiel = :usage_materiel, masque = :masque, passerelle = :passerelle WHERE id = :id
    [params] => Array
        (
            [0] => :marque
            [1] => :modele
            [2] => :type_materiel
            [3] => :numero_serie
            [4] => :adresse_ip
            [5] => :adresse_mac
            [6] => :usage_materiel
            [7] => :masque
            [8] => :passerelle
            [9] => :id
        )

)

--------------------------------------------------------------------------------
[2026-08-12 12:40:16] Mise à jour réussie ID: 1671
--------------------------------------------------------------------------------
[2026-08-12 12:40:16] Traitement ID: 1672
--------------------------------------------------------------------------------
[2026-08-12 12:40:16] SQL
Array
(
    [sql] => UPDATE materiel SET marque = :marque, modele = :modele, type_materiel = :type_materiel, numero_serie = :numero_serie, adresse_ip = :adresse_ip, adresse_mac = :adresse_mac, usage_materiel = :usage_materiel, masque = :masque, passerelle = :passerelle WHERE id = :id
    [params] => Array
        (
            [0] => :marque
            [1] => :modele
            [2] => :type_materiel
            [3] => :numero_serie
            [4] => :adresse_ip
            [5] => :adresse_mac
            [6] => :usage_materiel
            [7] => :masque
            [8] => :passerelle
            [9] => :id
        )

)

--------------------------------------------------------------------------------
[2026-08-12 12:40:16] Mise à jour réussie ID: 1672
--------------------------------------------------------------------------------
[2026-08-12 12:40:16] Traitement ID: 1673
--------------------------------------------------------------------------------
[2026-08-12 12:40:16] SQL
Array
(
    [sql] => UPDATE materiel SET marque = :marque, modele = :modele, type_materiel = :type_materiel, numero_serie = :numero_serie, adresse_ip = :adresse_ip, adresse_mac = :adresse_mac, usage_materiel = :usage_materiel, masque = :masque, passerelle = :passerelle WHERE id = :id
    [params] => Array
        (
            [0] => :marque
            [1] => :modele
            [2] => :type_materiel
            [3] => :numero_serie
            [4] => :adresse_ip
            [5] => :adresse_mac
            [6] => :usage_materiel
            [7] => :masque
            [8] => :passerelle
            [9] => :id
        )

)

--------------------------------------------------------------------------------
[2026-08-12 12:40:16] Mise à jour réussie ID: 1673
--------------------------------------------------------------------------------
[2026-08-12 12:40:16] Traitement ID: 1674
--------------------------------------------------------------------------------
[2026-08-12 12:40:16] SQL
Array
(
    [sql] => UPDATE materiel SET marque = :marque, modele = :modele, type_materiel = :type_materiel, numero_serie = :numero_serie, adresse_ip = :adresse_ip, adresse_mac = :adresse_mac, usage_materiel = :usage_materiel, masque = :masque, passerelle = :passerelle WHERE id = :id
    [params] => Array
        (
            [0] => :marque
            [1] => :modele
            [2] => :type_materiel
            [3] => :numero_serie
            [4] => :adresse_ip
            [5] => :adresse_mac
            [6] => :usage_materiel
            [7] => :masque
            [8] => :passerelle
            [9] => :id
        )

)

--------------------------------------------------------------------------------
[2026-08-12 12:40:16] Mise à jour réussie ID: 1674
--------------------------------------------------------------------------------
[2026-08-12 12:40:16] Traitement ID: 1675
--------------------------------------------------------------------------------
[2026-08-12 12:40:16] SQL
Array
(
    [sql] => UPDATE materiel SET marque = :marque, modele = :modele, type_materiel = :type_materiel, numero_serie = :numero_serie, adresse_ip = :adresse_ip, adresse_mac = :adresse_mac, usage_materiel = :usage_materiel, masque = :masque, passerelle = :passerelle WHERE id = :id
    [params] => Array
        (
            [0] => :marque
            [1] => :modele
            [2] => :type_materiel
            [3] => :numero_serie
            [4] => :adresse_ip
            [5] => :adresse_mac
            [6] => :usage_materiel
            [7] => :masque
            [8] => :passerelle
            [9] => :id
        )

)

--------------------------------------------------------------------------------
[2026-08-12 12:40:16] Mise à jour réussie ID: 1675
--------------------------------------------------------------------------------
[2026-08-12 12:40:16] Traitement ID: 1676
--------------------------------------------------------------------------------
[2026-08-12 12:40:16] SQL
Array
(
    [sql] => UPDATE materiel SET marque = :marque, modele = :modele, type_materiel = :type_materiel, numero_serie = :numero_serie, adresse_ip = :adresse_ip, adresse_mac = :adresse_mac, usage_materiel = :usage_materiel, masque = :masque, passerelle = :passerelle WHERE id = :id
    [params] => Array
        (
            [0] => :marque
            [1] => :modele
            [2] => :type_materiel
            [3] => :numero_serie
            [4] => :adresse_ip
            [5] => :adresse_mac
            [6] => :usage_materiel
            [7] => :masque
            [8] => :passerelle
            [9] => :id
        )

)

--------------------------------------------------------------------------------
[2026-08-12 12:40:16] Mise à jour réussie ID: 1676
--------------------------------------------------------------------------------
[2026-08-12 12:40:16] Traitement ID: 1677
--------------------------------------------------------------------------------
[2026-08-12 12:40:16] SQL
Array
(
    [sql] => UPDATE materiel SET marque = :marque, modele = :modele, type_materiel = :type_materiel, numero_serie = :numero_serie, adresse_ip = :adresse_ip, adresse_mac = :adresse_mac, usage_materiel = :usage_materiel, masque = :masque, passerelle = :passerelle WHERE id = :id
    [params] => Array
        (
            [0] => :marque
            [1] => :modele
            [2] => :type_materiel
            [3] => :numero_serie
            [4] => :adresse_ip
            [5] => :adresse_mac
            [6] => :usage_materiel
            [7] => :masque
            [8] => :passerelle
            [9] => :id
        )

)

--------------------------------------------------------------------------------
[2026-08-12 12:40:16] Mise à jour réussie ID: 1677
--------------------------------------------------------------------------------
[2026-08-12 12:40:16] Traitement ID: 1678
--------------------------------------------------------------------------------
[2026-08-12 12:40:16] SQL
Array
(
    [sql] => UPDATE materiel SET marque = :marque, modele = :modele, type_materiel = :type_materiel, numero_serie = :numero_serie, adresse_ip = :adresse_ip, adresse_mac = :adresse_mac, usage_materiel = :usage_materiel, masque = :masque, passerelle = :passerelle WHERE id = :id
    [params] => Array
        (
            [0] => :marque
            [1] => :modele
            [2] => :type_materiel
            [3] => :numero_serie
            [4] => :adresse_ip
            [5] => :adresse_mac
            [6] => :usage_materiel
            [7] => :masque
            [8] => :passerelle
            [9] => :id
        )

)

--------------------------------------------------------------------------------
[2026-08-12 12:40:16] Mise à jour réussie ID: 1678
--------------------------------------------------------------------------------
[2026-08-12 12:40:16] Traitement ID: 1679
--------------------------------------------------------------------------------
[2026-08-12 12:40:16] SQL
Array
(
    [sql] => UPDATE materiel SET marque = :marque, modele = :modele, type_materiel = :type_materiel, numero_serie = :numero_serie, adresse_ip = :adresse_ip, adresse_mac = :adresse_mac, usage_materiel = :usage_materiel, masque = :masque, passerelle = :passerelle WHERE id = :id
    [params] => Array
        (
            [0] => :marque
            [1] => :modele
            [2] => :type_materiel
            [3] => :numero_serie
            [4] => :adresse_ip
            [5] => :adresse_mac
            [6] => :usage_materiel
            [7] => :masque
            [8] => :passerelle
            [9] => :id
        )

)

--------------------------------------------------------------------------------
[2026-08-12 12:40:16] Mise à jour réussie ID: 1679
--------------------------------------------------------------------------------
[2026-08-12 12:40:16] Traitement ID: 1680
--------------------------------------------------------------------------------
[2026-08-12 12:40:16] SQL
Array
(
    [sql] => UPDATE materiel SET marque = :marque, modele = :modele, type_materiel = :type_materiel, numero_serie = :numero_serie, adresse_ip = :adresse_ip, adresse_mac = :adresse_mac, usage_materiel = :usage_materiel, masque = :masque, passerelle = :passerelle WHERE id = :id
    [params] => Array
        (
            [0] => :marque
            [1] => :modele
            [2] => :type_materiel
            [3] => :numero_serie
            [4] => :adresse_ip
            [5] => :adresse_mac
            [6] => :usage_materiel
            [7] => :masque
            [8] => :passerelle
            [9] => :id
        )

)

--------------------------------------------------------------------------------
[2026-08-12 12:40:16] Mise à jour réussie ID: 1680
--------------------------------------------------------------------------------
[2026-08-12 12:40:16] Traitement ID: 1681
--------------------------------------------------------------------------------
[2026-08-12 12:40:16] SQL
Array
(
    [sql] => UPDATE materiel SET marque = :marque, modele = :modele, type_materiel = :type_materiel, numero_serie = :numero_serie, adresse_ip = :adresse_ip, adresse_mac = :adresse_mac, usage_materiel = :usage_materiel, masque = :masque, passerelle = :passerelle WHERE id = :id
    [params] => Array
        (
            [0] => :marque
            [1] => :modele
            [2] => :type_materiel
            [3] => :numero_serie
            [4] => :adresse_ip
            [5] => :adresse_mac
            [6] => :usage_materiel
            [7] => :masque
            [8] => :passerelle
            [9] => :id
        )

)

--------------------------------------------------------------------------------
[2026-08-12 12:40:16] Mise à jour réussie ID: 1681
--------------------------------------------------------------------------------
[2026-08-12 12:40:16] Traitement ID: 1682
--------------------------------------------------------------------------------
[2026-08-12 12:40:16] SQL
Array
(
    [sql] => UPDATE materiel SET marque = :marque, modele = :modele, type_materiel = :type_materiel, numero_serie = :numero_serie, adresse_ip = :adresse_ip, adresse_mac = :adresse_mac, usage_materiel = :usage_materiel, masque = :masque, passerelle = :passerelle WHERE id = :id
    [params] => Array
        (
            [0] => :marque
            [1] => :modele
            [2] => :type_materiel
            [3] => :numero_serie
            [4] => :adresse_ip
            [5] => :adresse_mac
            [6] => :usage_materiel
            [7] => :masque
            [8] => :passerelle
            [9] => :id
        )

)

--------------------------------------------------------------------------------
[2026-08-12 12:40:16] Mise à jour réussie ID: 1682
--------------------------------------------------------------------------------
[2026-08-12 12:40:16] Traitement ID: 1683
--------------------------------------------------------------------------------
[2026-08-12 12:40:16] SQL
Array
(
    [sql] => UPDATE materiel SET marque = :marque, modele = :modele, type_materiel = :type_materiel, numero_serie = :numero_serie, adresse_ip = :adresse_ip, adresse_mac = :adresse_mac, usage_materiel = :usage_materiel, masque = :masque, passerelle = :passerelle WHERE id = :id
    [params] => Array
        (
            [0] => :marque
            [1] => :modele
            [2] => :type_materiel
            [3] => :numero_serie
            [4] => :adresse_ip
            [5] => :adresse_mac
            [6] => :usage_materiel
            [7] => :masque
            [8] => :passerelle
            [9] => :id
        )

)

--------------------------------------------------------------------------------
[2026-08-12 12:40:16] Mise à jour réussie ID: 1683
--------------------------------------------------------------------------------
[2026-08-12 12:40:16] Traitement ID: 1684
--------------------------------------------------------------------------------
[2026-08-12 12:40:16] SQL
Array
(
    [sql] => UPDATE materiel SET marque = :marque, modele = :modele, type_materiel = :type_materiel, numero_serie = :numero_serie, adresse_ip = :adresse_ip, adresse_mac = :adresse_mac, usage_materiel = :usage_materiel, masque = :masque, passerelle = :passerelle WHERE id = :id
    [params] => Array
        (
            [0] => :marque
            [1] => :modele
            [2] => :type_materiel
            [3] => :numero_serie
            [4] => :adresse_ip
            [5] => :adresse_mac
            [6] => :usage_materiel
            [7] => :masque
            [8] => :passerelle
            [9] => :id
        )

)

--------------------------------------------------------------------------------
[2026-08-12 12:40:16] Mise à jour réussie ID: 1684
--------------------------------------------------------------------------------
[2026-08-12 12:40:16] Traitement ID: 1685
--------------------------------------------------------------------------------
[2026-08-12 12:40:16] SQL
Array
(
    [sql] => UPDATE materiel SET marque = :marque, modele = :modele, type_materiel = :type_materiel, adresse_ip = :adresse_ip, usage_materiel = :usage_materiel, masque = :masque, passerelle = :passerelle WHERE id = :id
    [params] => Array
        (
            [0] => :marque
            [1] => :modele
            [2] => :type_materiel
            [3] => :adresse_ip
            [4] => :usage_materiel
            [5] => :masque
            [6] => :passerelle
            [7] => :id
        )

)

--------------------------------------------------------------------------------
[2026-08-12 12:40:16] Mise à jour réussie ID: 1685
--------------------------------------------------------------------------------
[2026-08-12 12:40:16] Traitement ID: 1686
--------------------------------------------------------------------------------
[2026-08-12 12:40:16] SQL
Array
(
    [sql] => UPDATE materiel SET marque = :marque, modele = :modele, type_materiel = :type_materiel, adresse_ip = :adresse_ip, usage_materiel = :usage_materiel, masque = :masque, passerelle = :passerelle WHERE id = :id
    [params] => Array
        (
            [0] => :marque
            [1] => :modele
            [2] => :type_materiel
            [3] => :adresse_ip
            [4] => :usage_materiel
            [5] => :masque
            [6] => :passerelle
            [7] => :id
        )

)

--------------------------------------------------------------------------------
[2026-08-12 12:40:16] Mise à jour réussie ID: 1686
--------------------------------------------------------------------------------
[2026-08-12 12:40:16] Traitement ID: 1687
--------------------------------------------------------------------------------
[2026-08-12 12:40:16] SQL
Array
(
    [sql] => UPDATE materiel SET marque = :marque, modele = :modele, type_materiel = :type_materiel, adresse_ip = :adresse_ip, adresse_mac = :adresse_mac, usage_materiel = :usage_materiel WHERE id = :id
    [params] => Array
        (
            [0] => :marque
            [1] => :modele
            [2] => :type_materiel
            [3] => :adresse_ip
            [4] => :adresse_mac
            [5] => :usage_materiel
            [6] => :id
        )

)

--------------------------------------------------------------------------------
[2026-08-12 12:40:16] Mise à jour réussie ID: 1687
--------------------------------------------------------------------------------
[2026-08-12 12:40:16] Traitement ID: 1688
--------------------------------------------------------------------------------
[2026-08-12 12:40:16] SQL
Array
(
    [sql] => UPDATE materiel SET marque = :marque, modele = :modele, type_materiel = :type_materiel, adresse_ip = :adresse_ip, adresse_mac = :adresse_mac, usage_materiel = :usage_materiel WHERE id = :id
    [params] => Array
        (
            [0] => :marque
            [1] => :modele
            [2] => :type_materiel
            [3] => :adresse_ip
            [4] => :adresse_mac
            [5] => :usage_materiel
            [6] => :id
        )

)

--------------------------------------------------------------------------------
[2026-08-12 12:40:16] Mise à jour réussie ID: 1688
--------------------------------------------------------------------------------
[2026-08-12 12:40:16] Traitement ID: 1689
--------------------------------------------------------------------------------
[2026-08-12 12:40:16] SQL
Array
(
    [sql] => UPDATE materiel SET marque = :marque, modele = :modele, type_materiel = :type_materiel, numero_serie = :numero_serie, version_firmware = :version_firmware, adresse_ip = :adresse_ip, adresse_mac = :adresse_mac, usage_materiel = :usage_materiel, masque = :masque, passerelle = :passerelle WHERE id = :id
    [params] => Array
        (
            [0] => :marque
            [1] => :modele
            [2] => :type_materiel
            [3] => :numero_serie
            [4] => :version_firmware
            [5] => :adresse_ip
            [6] => :adresse_mac
            [7] => :usage_materiel
            [8] => :masque
            [9] => :passerelle
            [10] => :id
        )

)

--------------------------------------------------------------------------------
[2026-08-12 12:40:16] Mise à jour réussie ID: 1689
--------------------------------------------------------------------------------
[2026-08-12 12:40:16] Traitement ID: 1690
--------------------------------------------------------------------------------
[2026-08-12 12:40:16] SQL
Array
(
    [sql] => UPDATE materiel SET marque = :marque, modele = :modele, type_materiel = :type_materiel, numero_serie = :numero_serie, version_firmware = :version_firmware, adresse_ip = :adresse_ip, adresse_mac = :adresse_mac, usage_materiel = :usage_materiel, masque = :masque, passerelle = :passerelle WHERE id = :id
    [params] => Array
        (
            [0] => :marque
            [1] => :modele
            [2] => :type_materiel
            [3] => :numero_serie
            [4] => :version_firmware
            [5] => :adresse_ip
            [6] => :adresse_mac
            [7] => :usage_materiel
            [8] => :masque
            [9] => :passerelle
            [10] => :id
        )

)

--------------------------------------------------------------------------------
[2026-08-12 12:40:16] Mise à jour réussie ID: 1690
--------------------------------------------------------------------------------
[2026-08-12 12:40:16] Traitement ID: 1691
--------------------------------------------------------------------------------
[2026-08-12 12:40:16] SQL
Array
(
    [sql] => UPDATE materiel SET marque = :marque, modele = :modele, type_materiel = :type_materiel, numero_serie = :numero_serie, version_firmware = :version_firmware, adresse_ip = :adresse_ip, usage_materiel = :usage_materiel, masque = :masque, passerelle = :passerelle WHERE id = :id
    [params] => Array
        (
            [0] => :marque
            [1] => :modele
            [2] => :type_materiel
            [3] => :numero_serie
            [4] => :version_firmware
            [5] => :adresse_ip
            [6] => :usage_materiel
            [7] => :masque
            [8] => :passerelle
            [9] => :id
        )

)

--------------------------------------------------------------------------------
[2026-08-12 12:40:16] Mise à jour réussie ID: 1691
--------------------------------------------------------------------------------
[2026-08-12 12:40:16] Traitement ID: 1692
--------------------------------------------------------------------------------
[2026-08-12 12:40:16] SQL
Array
(
    [sql] => UPDATE materiel SET marque = :marque, modele = :modele, type_materiel = :type_materiel, version_firmware = :version_firmware, adresse_ip = :adresse_ip, adresse_mac = :adresse_mac, usage_materiel = :usage_materiel, masque = :masque, passerelle = :passerelle WHERE id = :id
    [params] => Array
        (
            [0] => :marque
            [1] => :modele
            [2] => :type_materiel
            [3] => :version_firmware
            [4] => :adresse_ip
            [5] => :adresse_mac
            [6] => :usage_materiel
            [7] => :masque
            [8] => :passerelle
            [9] => :id
        )

)

--------------------------------------------------------------------------------
[2026-08-12 12:40:16] Mise à jour réussie ID: 1692
--------------------------------------------------------------------------------
[2026-08-12 12:40:16] Réponse
Array
(
    [status] => success
    [message] => 33 ligne(s) mise(s) à jour
    [updated] => 33
    [total_rows] => 33
    [errors] => Array
        (
        )

)

--------------------------------------------------------------------------------
[2026-08-12 12:40:16] === FIN ===
--------------------------------------------------------------------------------
[2026-08-12 12:40:50] === DÉBUT ===
--------------------------------------------------------------------------------
[2026-08-12 12:40:50] Input reçu
Array
(
    [raw_length] => 24274
    [has_data] => 1
)

--------------------------------------------------------------------------------
[2026-08-12 12:40:50] Connexion BDD OK
--------------------------------------------------------------------------------
[2026-08-12 12:40:50] Traitement ID: 1660
--------------------------------------------------------------------------------
[2026-08-12 12:40:50] SQL
Array
(
    [sql] => UPDATE materiel SET marque = :marque, modele = :modele, type_materiel = :type_materiel, numero_serie = :numero_serie, version_firmware = :version_firmware, adresse_ip = :adresse_ip, masque = :masque, passerelle = :passerelle, login = :login, password = :password, commentaire = :commentaire WHERE id = :id
    [params] => Array
        (
            [0] => :marque
            [1] => :modele
            [2] => :type_materiel
            [3] => :numero_serie
            [4] => :version_firmware
            [5] => :adresse_ip
            [6] => :masque
            [7] => :passerelle
            [8] => :login
            [9] => :password
            [10] => :commentaire
            [11] => :id
        )

)

--------------------------------------------------------------------------------
[2026-08-12 12:40:50] Mise à jour réussie ID: 1660
--------------------------------------------------------------------------------
[2026-08-12 12:40:50] Traitement ID: 1661
--------------------------------------------------------------------------------
[2026-08-12 12:40:50] SQL
Array
(
    [sql] => UPDATE materiel SET marque = :marque, modele = :modele, type_materiel = :type_materiel, adresse_ip = :adresse_ip, masque = :masque, passerelle = :passerelle, login = :login, password = :password, date_fin_garantie = :date_fin_garantie, date_fin_maintenance = :date_fin_maintenance, date_derniere_inter = :date_derniere_inter, commentaire = :commentaire WHERE id = :id
    [params] => Array
        (
            [0] => :marque
            [1] => :modele
            [2] => :type_materiel
            [3] => :adresse_ip
            [4] => :masque
            [5] => :passerelle
            [6] => :login
            [7] => :password
            [8] => :date_fin_garantie
            [9] => :date_fin_maintenance
            [10] => :date_derniere_inter
            [11] => :commentaire
            [12] => :id
        )

)

--------------------------------------------------------------------------------
[2026-08-12 12:40:50] Mise à jour réussie ID: 1661
--------------------------------------------------------------------------------
[2026-08-12 12:40:50] Traitement ID: 1662
--------------------------------------------------------------------------------
[2026-08-12 12:40:50] SQL
Array
(
    [sql] => UPDATE materiel SET marque = :marque, modele = :modele, type_materiel = :type_materiel, adresse_ip = :adresse_ip, usage_materiel = :usage_materiel, masque = :masque, passerelle = :passerelle WHERE id = :id
    [params] => Array
        (
            [0] => :marque
            [1] => :modele
            [2] => :type_materiel
            [3] => :adresse_ip
            [4] => :usage_materiel
            [5] => :masque
            [6] => :passerelle
            [7] => :id
        )

)

--------------------------------------------------------------------------------
[2026-08-12 12:40:50] Mise à jour réussie ID: 1662
--------------------------------------------------------------------------------
[2026-08-12 12:40:50] Traitement ID: 1663
--------------------------------------------------------------------------------
[2026-08-12 12:40:50] SQL
Array
(
    [sql] => UPDATE materiel SET marque = :marque, modele = :modele, type_materiel = :type_materiel, numero_serie = :numero_serie, version_firmware = :version_firmware, adresse_ip = :adresse_ip, adresse_mac = :adresse_mac, usage_materiel = :usage_materiel, masque = :masque, passerelle = :passerelle WHERE id = :id
    [params] => Array
        (
            [0] => :marque
            [1] => :modele
            [2] => :type_materiel
            [3] => :numero_serie
            [4] => :version_firmware
            [5] => :adresse_ip
            [6] => :adresse_mac
            [7] => :usage_materiel
            [8] => :masque
            [9] => :passerelle
            [10] => :id
        )

)

--------------------------------------------------------------------------------
[2026-08-12 12:40:50] Mise à jour réussie ID: 1663
--------------------------------------------------------------------------------
[2026-08-12 12:40:50] Traitement ID: 1664
--------------------------------------------------------------------------------
[2026-08-12 12:40:50] SQL
Array
(
    [sql] => UPDATE materiel SET marque = :marque, modele = :modele, type_materiel = :type_materiel, numero_serie = :numero_serie, adresse_ip = :adresse_ip, adresse_mac = :adresse_mac, usage_materiel = :usage_materiel, masque = :masque, passerelle = :passerelle, login = :login, password = :password WHERE id = :id
    [params] => Array
        (
            [0] => :marque
            [1] => :modele
            [2] => :type_materiel
            [3] => :numero_serie
            [4] => :adresse_ip
            [5] => :adresse_mac
            [6] => :usage_materiel
            [7] => :masque
            [8] => :passerelle
            [9] => :login
            [10] => :password
            [11] => :id
        )

)

--------------------------------------------------------------------------------
[2026-08-12 12:40:50] Mise à jour réussie ID: 1664
--------------------------------------------------------------------------------
[2026-08-12 12:40:50] Traitement ID: 1665
--------------------------------------------------------------------------------
[2026-08-12 12:40:50] SQL
Array
(
    [sql] => UPDATE materiel SET marque = :marque, modele = :modele, type_materiel = :type_materiel, adresse_ip = :adresse_ip, usage_materiel = :usage_materiel, masque = :masque, passerelle = :passerelle WHERE id = :id
    [params] => Array
        (
            [0] => :marque
            [1] => :modele
            [2] => :type_materiel
            [3] => :adresse_ip
            [4] => :usage_materiel
            [5] => :masque
            [6] => :passerelle
            [7] => :id
        )

)

--------------------------------------------------------------------------------
[2026-08-12 12:40:50] Mise à jour réussie ID: 1665
--------------------------------------------------------------------------------
[2026-08-12 12:40:50] Traitement ID: 1666
--------------------------------------------------------------------------------
[2026-08-12 12:40:50] SQL
Array
(
    [sql] => UPDATE materiel SET marque = :marque, modele = :modele, type_materiel = :type_materiel, adresse_ip = :adresse_ip, usage_materiel = :usage_materiel, masque = :masque, passerelle = :passerelle WHERE id = :id
    [params] => Array
        (
            [0] => :marque
            [1] => :modele
            [2] => :type_materiel
            [3] => :adresse_ip
            [4] => :usage_materiel
            [5] => :masque
            [6] => :passerelle
            [7] => :id
        )

)

--------------------------------------------------------------------------------
[2026-08-12 12:40:50] Mise à jour réussie ID: 1666
--------------------------------------------------------------------------------
[2026-08-12 12:40:50] Traitement ID: 1667
--------------------------------------------------------------------------------
[2026-08-12 12:40:50] SQL
Array
(
    [sql] => UPDATE materiel SET marque = :marque, modele = :modele, type_materiel = :type_materiel, numero_serie = :numero_serie, version_firmware = :version_firmware, adresse_ip = :adresse_ip, adresse_mac = :adresse_mac, ancien_firmware = :ancien_firmware, masque = :masque, login = :login, password = :password, commentaire = :commentaire WHERE id = :id
    [params] => Array
        (
            [0] => :marque
            [1] => :modele
            [2] => :type_materiel
            [3] => :numero_serie
            [4] => :version_firmware
            [5] => :adresse_ip
            [6] => :adresse_mac
            [7] => :ancien_firmware
            [8] => :masque
            [9] => :login
            [10] => :password
            [11] => :commentaire
            [12] => :id
        )

)

--------------------------------------------------------------------------------
[2026-08-12 12:40:50] Mise à jour réussie ID: 1667
--------------------------------------------------------------------------------
[2026-08-12 12:40:50] Traitement ID: 1668
--------------------------------------------------------------------------------
[2026-08-12 12:40:50] SQL
Array
(
    [sql] => UPDATE materiel SET marque = :marque, modele = :modele, numero_serie = :numero_serie, date_fin_garantie = :date_fin_garantie, date_fin_maintenance = :date_fin_maintenance, date_derniere_inter = :date_derniere_inter, commentaire = :commentaire WHERE id = :id
    [params] => Array
        (
            [0] => :marque
            [1] => :modele
            [2] => :numero_serie
            [3] => :date_fin_garantie
            [4] => :date_fin_maintenance
            [5] => :date_derniere_inter
            [6] => :commentaire
            [7] => :id
        )

)

--------------------------------------------------------------------------------
[2026-08-12 12:40:50] Mise à jour réussie ID: 1668
--------------------------------------------------------------------------------
[2026-08-12 12:40:50] Traitement ID: 1669
--------------------------------------------------------------------------------
[2026-08-12 12:40:50] SQL
Array
(
    [sql] => UPDATE materiel SET marque = :marque, modele = :modele, numero_serie = :numero_serie, date_fin_garantie = :date_fin_garantie, date_fin_maintenance = :date_fin_maintenance, date_derniere_inter = :date_derniere_inter, commentaire = :commentaire WHERE id = :id
    [params] => Array
        (
            [0] => :marque
            [1] => :modele
            [2] => :numero_serie
            [3] => :date_fin_garantie
            [4] => :date_fin_maintenance
            [5] => :date_derniere_inter
            [6] => :commentaire
            [7] => :id
        )

)

--------------------------------------------------------------------------------
[2026-08-12 12:40:50] Mise à jour réussie ID: 1669
--------------------------------------------------------------------------------
[2026-08-12 12:40:50] Traitement ID: 1670
--------------------------------------------------------------------------------
[2026-08-12 12:40:50] SQL
Array
(
    [sql] => UPDATE materiel SET marque = :marque, modele = :modele, type_materiel = :type_materiel, numero_serie = :numero_serie, adresse_ip = :adresse_ip, adresse_mac = :adresse_mac, usage_materiel = :usage_materiel, masque = :masque, passerelle = :passerelle WHERE id = :id
    [params] => Array
        (
            [0] => :marque
            [1] => :modele
            [2] => :type_materiel
            [3] => :numero_serie
            [4] => :adresse_ip
            [5] => :adresse_mac
            [6] => :usage_materiel
            [7] => :masque
            [8] => :passerelle
            [9] => :id
        )

)

--------------------------------------------------------------------------------
[2026-08-12 12:40:50] Mise à jour réussie ID: 1670
--------------------------------------------------------------------------------
[2026-08-12 12:40:50] Traitement ID: 1671
--------------------------------------------------------------------------------
[2026-08-12 12:40:50] SQL
Array
(
    [sql] => UPDATE materiel SET marque = :marque, modele = :modele, type_materiel = :type_materiel, numero_serie = :numero_serie, adresse_ip = :adresse_ip, adresse_mac = :adresse_mac, usage_materiel = :usage_materiel, masque = :masque, passerelle = :passerelle WHERE id = :id
    [params] => Array
        (
            [0] => :marque
            [1] => :modele
            [2] => :type_materiel
            [3] => :numero_serie
            [4] => :adresse_ip
            [5] => :adresse_mac
            [6] => :usage_materiel
            [7] => :masque
            [8] => :passerelle
            [9] => :id
        )

)

--------------------------------------------------------------------------------
[2026-08-12 12:40:50] Mise à jour réussie ID: 1671
--------------------------------------------------------------------------------
[2026-08-12 12:40:50] Traitement ID: 1672
--------------------------------------------------------------------------------
[2026-08-12 12:40:50] SQL
Array
(
    [sql] => UPDATE materiel SET marque = :marque, modele = :modele, type_materiel = :type_materiel, numero_serie = :numero_serie, adresse_ip = :adresse_ip, adresse_mac = :adresse_mac, usage_materiel = :usage_materiel, masque = :masque, passerelle = :passerelle WHERE id = :id
    [params] => Array
        (
            [0] => :marque
            [1] => :modele
            [2] => :type_materiel
            [3] => :numero_serie
            [4] => :adresse_ip
            [5] => :adresse_mac
            [6] => :usage_materiel
            [7] => :masque
            [8] => :passerelle
            [9] => :id
        )

)

--------------------------------------------------------------------------------
[2026-08-12 12:40:50] Mise à jour réussie ID: 1672
--------------------------------------------------------------------------------
[2026-08-12 12:40:50] Traitement ID: 1673
--------------------------------------------------------------------------------
[2026-08-12 12:40:50] SQL
Array
(
    [sql] => UPDATE materiel SET marque = :marque, modele = :modele, type_materiel = :type_materiel, numero_serie = :numero_serie, adresse_ip = :adresse_ip, adresse_mac = :adresse_mac, usage_materiel = :usage_materiel, masque = :masque, passerelle = :passerelle WHERE id = :id
    [params] => Array
        (
            [0] => :marque
            [1] => :modele
            [2] => :type_materiel
            [3] => :numero_serie
            [4] => :adresse_ip
            [5] => :adresse_mac
            [6] => :usage_materiel
            [7] => :masque
            [8] => :passerelle
            [9] => :id
        )

)

--------------------------------------------------------------------------------
[2026-08-12 12:40:50] Mise à jour réussie ID: 1673
--------------------------------------------------------------------------------
[2026-08-12 12:40:50] Traitement ID: 1674
--------------------------------------------------------------------------------
[2026-08-12 12:40:50] SQL
Array
(
    [sql] => UPDATE materiel SET marque = :marque, modele = :modele, type_materiel = :type_materiel, numero_serie = :numero_serie, adresse_ip = :adresse_ip, adresse_mac = :adresse_mac, usage_materiel = :usage_materiel, masque = :masque, passerelle = :passerelle WHERE id = :id
    [params] => Array
        (
            [0] => :marque
            [1] => :modele
            [2] => :type_materiel
            [3] => :numero_serie
            [4] => :adresse_ip
            [5] => :adresse_mac
            [6] => :usage_materiel
            [7] => :masque
            [8] => :passerelle
            [9] => :id
        )

)

--------------------------------------------------------------------------------
[2026-08-12 12:40:50] Mise à jour réussie ID: 1674
--------------------------------------------------------------------------------
[2026-08-12 12:40:50] Traitement ID: 1675
--------------------------------------------------------------------------------
[2026-08-12 12:40:50] SQL
Array
(
    [sql] => UPDATE materiel SET marque = :marque, modele = :modele, type_materiel = :type_materiel, numero_serie = :numero_serie, adresse_ip = :adresse_ip, adresse_mac = :adresse_mac, usage_materiel = :usage_materiel, masque = :masque, passerelle = :passerelle WHERE id = :id
    [params] => Array
        (
            [0] => :marque
            [1] => :modele
            [2] => :type_materiel
            [3] => :numero_serie
            [4] => :adresse_ip
            [5] => :adresse_mac
            [6] => :usage_materiel
            [7] => :masque
            [8] => :passerelle
            [9] => :id
        )

)

--------------------------------------------------------------------------------
[2026-08-12 12:40:50] Mise à jour réussie ID: 1675
--------------------------------------------------------------------------------
[2026-08-12 12:40:50] Traitement ID: 1676
--------------------------------------------------------------------------------
[2026-08-12 12:40:50] SQL
Array
(
    [sql] => UPDATE materiel SET marque = :marque, modele = :modele, type_materiel = :type_materiel, numero_serie = :numero_serie, adresse_ip = :adresse_ip, adresse_mac = :adresse_mac, usage_materiel = :usage_materiel, masque = :masque, passerelle = :passerelle WHERE id = :id
    [params] => Array
        (
            [0] => :marque
            [1] => :modele
            [2] => :type_materiel
            [3] => :numero_serie
            [4] => :adresse_ip
            [5] => :adresse_mac
            [6] => :usage_materiel
            [7] => :masque
            [8] => :passerelle
            [9] => :id
        )

)

--------------------------------------------------------------------------------
[2026-08-12 12:40:50] Mise à jour réussie ID: 1676
--------------------------------------------------------------------------------
[2026-08-12 12:40:50] Traitement ID: 1677
--------------------------------------------------------------------------------
[2026-08-12 12:40:50] SQL
Array
(
    [sql] => UPDATE materiel SET marque = :marque, modele = :modele, type_materiel = :type_materiel, numero_serie = :numero_serie, adresse_ip = :adresse_ip, adresse_mac = :adresse_mac, usage_materiel = :usage_materiel, masque = :masque, passerelle = :passerelle WHERE id = :id
    [params] => Array
        (
            [0] => :marque
            [1] => :modele
            [2] => :type_materiel
            [3] => :numero_serie
            [4] => :adresse_ip
            [5] => :adresse_mac
            [6] => :usage_materiel
            [7] => :masque
            [8] => :passerelle
            [9] => :id
        )

)

--------------------------------------------------------------------------------
[2026-08-12 12:40:50] Mise à jour réussie ID: 1677
--------------------------------------------------------------------------------
[2026-08-12 12:40:50] Traitement ID: 1678
--------------------------------------------------------------------------------
[2026-08-12 12:40:50] SQL
Array
(
    [sql] => UPDATE materiel SET marque = :marque, modele = :modele, type_materiel = :type_materiel, numero_serie = :numero_serie, adresse_ip = :adresse_ip, adresse_mac = :adresse_mac, usage_materiel = :usage_materiel, masque = :masque, passerelle = :passerelle WHERE id = :id
    [params] => Array
        (
            [0] => :marque
            [1] => :modele
            [2] => :type_materiel
            [3] => :numero_serie
            [4] => :adresse_ip
            [5] => :adresse_mac
            [6] => :usage_materiel
            [7] => :masque
            [8] => :passerelle
            [9] => :id
        )

)

--------------------------------------------------------------------------------
[2026-08-12 12:40:50] Mise à jour réussie ID: 1678
--------------------------------------------------------------------------------
[2026-08-12 12:40:50] Traitement ID: 1679
--------------------------------------------------------------------------------
[2026-08-12 12:40:50] SQL
Array
(
    [sql] => UPDATE materiel SET marque = :marque, modele = :modele, type_materiel = :type_materiel, numero_serie = :numero_serie, adresse_ip = :adresse_ip, adresse_mac = :adresse_mac, usage_materiel = :usage_materiel, masque = :masque, passerelle = :passerelle WHERE id = :id
    [params] => Array
        (
            [0] => :marque
            [1] => :modele
            [2] => :type_materiel
            [3] => :numero_serie
            [4] => :adresse_ip
            [5] => :adresse_mac
            [6] => :usage_materiel
            [7] => :masque
            [8] => :passerelle
            [9] => :id
        )

)

--------------------------------------------------------------------------------
[2026-08-12 12:40:50] Mise à jour réussie ID: 1679
--------------------------------------------------------------------------------
[2026-08-12 12:40:50] Traitement ID: 1680
--------------------------------------------------------------------------------
[2026-08-12 12:40:50] SQL
Array
(
    [sql] => UPDATE materiel SET marque = :marque, modele = :modele, type_materiel = :type_materiel, numero_serie = :numero_serie, adresse_ip = :adresse_ip, adresse_mac = :adresse_mac, usage_materiel = :usage_materiel, masque = :masque, passerelle = :passerelle WHERE id = :id
    [params] => Array
        (
            [0] => :marque
            [1] => :modele
            [2] => :type_materiel
            [3] => :numero_serie
            [4] => :adresse_ip
            [5] => :adresse_mac
            [6] => :usage_materiel
            [7] => :masque
            [8] => :passerelle
            [9] => :id
        )

)

--------------------------------------------------------------------------------
[2026-08-12 12:40:50] Mise à jour réussie ID: 1680
--------------------------------------------------------------------------------
[2026-08-12 12:40:50] Traitement ID: 1681
--------------------------------------------------------------------------------
[2026-08-12 12:40:50] SQL
Array
(
    [sql] => UPDATE materiel SET marque = :marque, modele = :modele, type_materiel = :type_materiel, numero_serie = :numero_serie, adresse_ip = :adresse_ip, adresse_mac = :adresse_mac, usage_materiel = :usage_materiel, masque = :masque, passerelle = :passerelle WHERE id = :id
    [params] => Array
        (
            [0] => :marque
            [1] => :modele
            [2] => :type_materiel
            [3] => :numero_serie
            [4] => :adresse_ip
            [5] => :adresse_mac
            [6] => :usage_materiel
            [7] => :masque
            [8] => :passerelle
            [9] => :id
        )

)

--------------------------------------------------------------------------------
[2026-08-12 12:40:50] Mise à jour réussie ID: 1681
--------------------------------------------------------------------------------
[2026-08-12 12:40:50] Traitement ID: 1682
--------------------------------------------------------------------------------
[2026-08-12 12:40:50] SQL
Array
(
    [sql] => UPDATE materiel SET marque = :marque, modele = :modele, type_materiel = :type_materiel, numero_serie = :numero_serie, adresse_ip = :adresse_ip, adresse_mac = :adresse_mac, usage_materiel = :usage_materiel, masque = :masque, passerelle = :passerelle WHERE id = :id
    [params] => Array
        (
            [0] => :marque
            [1] => :modele
            [2] => :type_materiel
            [3] => :numero_serie
            [4] => :adresse_ip
            [5] => :adresse_mac
            [6] => :usage_materiel
            [7] => :masque
            [8] => :passerelle
            [9] => :id
        )

)

--------------------------------------------------------------------------------
[2026-08-12 12:40:50] Mise à jour réussie ID: 1682
--------------------------------------------------------------------------------
[2026-08-12 12:40:50] Traitement ID: 1683
--------------------------------------------------------------------------------
[2026-08-12 12:40:50] SQL
Array
(
    [sql] => UPDATE materiel SET marque = :marque, modele = :modele, type_materiel = :type_materiel, numero_serie = :numero_serie, adresse_ip = :adresse_ip, adresse_mac = :adresse_mac, usage_materiel = :usage_materiel, masque = :masque, passerelle = :passerelle WHERE id = :id
    [params] => Array
        (
            [0] => :marque
            [1] => :modele
            [2] => :type_materiel
            [3] => :numero_serie
            [4] => :adresse_ip
            [5] => :adresse_mac
            [6] => :usage_materiel
            [7] => :masque
            [8] => :passerelle
            [9] => :id
        )

)

--------------------------------------------------------------------------------
[2026-08-12 12:40:50] Mise à jour réussie ID: 1683
--------------------------------------------------------------------------------
[2026-08-12 12:40:50] Traitement ID: 1684
--------------------------------------------------------------------------------
[2026-08-12 12:40:50] SQL
Array
(
    [sql] => UPDATE materiel SET marque = :marque, modele = :modele, type_materiel = :type_materiel, numero_serie = :numero_serie, adresse_ip = :adresse_ip, adresse_mac = :adresse_mac, usage_materiel = :usage_materiel, masque = :masque, passerelle = :passerelle WHERE id = :id
    [params] => Array
        (
            [0] => :marque
            [1] => :modele
            [2] => :type_materiel
            [3] => :numero_serie
            [4] => :adresse_ip
            [5] => :adresse_mac
            [6] => :usage_materiel
            [7] => :masque
            [8] => :passerelle
            [9] => :id
        )

)

--------------------------------------------------------------------------------
[2026-08-12 12:40:50] Mise à jour réussie ID: 1684
--------------------------------------------------------------------------------
[2026-08-12 12:40:50] Traitement ID: 1685
--------------------------------------------------------------------------------
[2026-08-12 12:40:50] SQL
Array
(
    [sql] => UPDATE materiel SET marque = :marque, modele = :modele, type_materiel = :type_materiel, adresse_ip = :adresse_ip, usage_materiel = :usage_materiel, masque = :masque, passerelle = :passerelle WHERE id = :id
    [params] => Array
        (
            [0] => :marque
            [1] => :modele
            [2] => :type_materiel
            [3] => :adresse_ip
            [4] => :usage_materiel
            [5] => :masque
            [6] => :passerelle
            [7] => :id
        )

)

--------------------------------------------------------------------------------
[2026-08-12 12:40:50] Mise à jour réussie ID: 1685
--------------------------------------------------------------------------------
[2026-08-12 12:40:50] Traitement ID: 1686
--------------------------------------------------------------------------------
[2026-08-12 12:40:50] SQL
Array
(
    [sql] => UPDATE materiel SET marque = :marque, modele = :modele, type_materiel = :type_materiel, adresse_ip = :adresse_ip, usage_materiel = :usage_materiel, masque = :masque, passerelle = :passerelle WHERE id = :id
    [params] => Array
        (
            [0] => :marque
            [1] => :modele
            [2] => :type_materiel
            [3] => :adresse_ip
            [4] => :usage_materiel
            [5] => :masque
            [6] => :passerelle
            [7] => :id
        )

)

--------------------------------------------------------------------------------
[2026-08-12 12:40:50] Mise à jour réussie ID: 1686
--------------------------------------------------------------------------------
[2026-08-12 12:40:50] Traitement ID: 3441
--------------------------------------------------------------------------------
[2026-08-12 12:40:50] SQL
Array
(
    [sql] => UPDATE materiel SET marque = :marque, modele = :modele, type_materiel = :type_materiel WHERE id = :id
    [params] => Array
        (
            [0] => :marque
            [1] => :modele
            [2] => :type_materiel
            [3] => :id
        )

)

--------------------------------------------------------------------------------
[2026-08-12 12:40:50] Mise à jour réussie ID: 3441
--------------------------------------------------------------------------------
[2026-08-12 12:40:50] Traitement ID: 1687
--------------------------------------------------------------------------------
[2026-08-12 12:40:50] SQL
Array
(
    [sql] => UPDATE materiel SET marque = :marque, modele = :modele, type_materiel = :type_materiel, adresse_ip = :adresse_ip, adresse_mac = :adresse_mac, usage_materiel = :usage_materiel WHERE id = :id
    [params] => Array
        (
            [0] => :marque
            [1] => :modele
            [2] => :type_materiel
            [3] => :adresse_ip
            [4] => :adresse_mac
            [5] => :usage_materiel
            [6] => :id
        )

)

--------------------------------------------------------------------------------
[2026-08-12 12:40:50] Mise à jour réussie ID: 1687
--------------------------------------------------------------------------------
[2026-08-12 12:40:50] Traitement ID: 1688
--------------------------------------------------------------------------------
[2026-08-12 12:40:50] SQL
Array
(
    [sql] => UPDATE materiel SET marque = :marque, modele = :modele, type_materiel = :type_materiel, adresse_ip = :adresse_ip, adresse_mac = :adresse_mac, usage_materiel = :usage_materiel WHERE id = :id
    [params] => Array
        (
            [0] => :marque
            [1] => :modele
            [2] => :type_materiel
            [3] => :adresse_ip
            [4] => :adresse_mac
            [5] => :usage_materiel
            [6] => :id
        )

)

--------------------------------------------------------------------------------
[2026-08-12 12:40:50] Mise à jour réussie ID: 1688
--------------------------------------------------------------------------------
[2026-08-12 12:40:50] Traitement ID: 1689
--------------------------------------------------------------------------------
[2026-08-12 12:40:50] SQL
Array
(
    [sql] => UPDATE materiel SET marque = :marque, modele = :modele, type_materiel = :type_materiel, numero_serie = :numero_serie, version_firmware = :version_firmware, adresse_ip = :adresse_ip, adresse_mac = :adresse_mac, usage_materiel = :usage_materiel, masque = :masque, passerelle = :passerelle WHERE id = :id
    [params] => Array
        (
            [0] => :marque
            [1] => :modele
            [2] => :type_materiel
            [3] => :numero_serie
            [4] => :version_firmware
            [5] => :adresse_ip
            [6] => :adresse_mac
            [7] => :usage_materiel
            [8] => :masque
            [9] => :passerelle
            [10] => :id
        )

)

--------------------------------------------------------------------------------
[2026-08-12 12:40:50] Mise à jour réussie ID: 1689
--------------------------------------------------------------------------------
[2026-08-12 12:40:50] Traitement ID: 1690
--------------------------------------------------------------------------------
[2026-08-12 12:40:50] SQL
Array
(
    [sql] => UPDATE materiel SET marque = :marque, modele = :modele, type_materiel = :type_materiel, numero_serie = :numero_serie, version_firmware = :version_firmware, adresse_ip = :adresse_ip, adresse_mac = :adresse_mac, usage_materiel = :usage_materiel, masque = :masque, passerelle = :passerelle WHERE id = :id
    [params] => Array
        (
            [0] => :marque
            [1] => :modele
            [2] => :type_materiel
            [3] => :numero_serie
            [4] => :version_firmware
            [5] => :adresse_ip
            [6] => :adresse_mac
            [7] => :usage_materiel
            [8] => :masque
            [9] => :passerelle
            [10] => :id
        )

)

--------------------------------------------------------------------------------
[2026-08-12 12:40:50] Mise à jour réussie ID: 1690
--------------------------------------------------------------------------------
[2026-08-12 12:40:50] Traitement ID: 1691
--------------------------------------------------------------------------------
[2026-08-12 12:40:50] SQL
Array
(
    [sql] => UPDATE materiel SET marque = :marque, modele = :modele, type_materiel = :type_materiel, numero_serie = :numero_serie, version_firmware = :version_firmware, adresse_ip = :adresse_ip, usage_materiel = :usage_materiel, masque = :masque, passerelle = :passerelle WHERE id = :id
    [params] => Array
        (
            [0] => :marque
            [1] => :modele
            [2] => :type_materiel
            [3] => :numero_serie
            [4] => :version_firmware
            [5] => :adresse_ip
            [6] => :usage_materiel
            [7] => :masque
            [8] => :passerelle
            [9] => :id
        )

)

--------------------------------------------------------------------------------
[2026-08-12 12:40:50] Mise à jour réussie ID: 1691
--------------------------------------------------------------------------------
[2026-08-12 12:40:50] Traitement ID: 1692
--------------------------------------------------------------------------------
[2026-08-12 12:40:50] SQL
Array
(
    [sql] => UPDATE materiel SET marque = :marque, modele = :modele, type_materiel = :type_materiel, version_firmware = :version_firmware, adresse_ip = :adresse_ip, adresse_mac = :adresse_mac, usage_materiel = :usage_materiel, masque = :masque, passerelle = :passerelle WHERE id = :id
    [params] => Array
        (
            [0] => :marque
            [1] => :modele
            [2] => :type_materiel
            [3] => :version_firmware
            [4] => :adresse_ip
            [5] => :adresse_mac
            [6] => :usage_materiel
            [7] => :masque
            [8] => :passerelle
            [9] => :id
        )

)

--------------------------------------------------------------------------------
[2026-08-12 12:40:50] Mise à jour réussie ID: 1692
--------------------------------------------------------------------------------
[2026-08-12 12:40:50] Réponse
Array
(
    [status] => success
    [message] => 34 ligne(s) mise(s) à jour
    [updated] => 34
    [total_rows] => 34
    [errors] => Array
        (
        )

)

--------------------------------------------------------------------------------
[2026-08-12 12:40:50] === FIN ===
--------------------------------------------------------------------------------
