[2026-07-23 08:12:31] === DÉBUT ===
--------------------------------------------------------------------------------
[2026-07-23 08:12:31] Input reçu
Array
(
    [raw_length] => 718
    [has_data] => 1
)

--------------------------------------------------------------------------------
[2026-07-23 08:12:31] Connexion BDD OK
--------------------------------------------------------------------------------
[2026-07-23 08:12:31] Traitement ID: 3434
--------------------------------------------------------------------------------
[2026-07-23 08:12:31] SQL
Array
(
    [sql] => UPDATE materiel SET marque = :marque, modele = :modele WHERE id = :id
    [params] => Array
        (
            [0] => :marque
            [1] => :modele
            [2] => :id
        )

)

--------------------------------------------------------------------------------
[2026-07-23 08:12:31] Mise à jour réussie ID: 3434
--------------------------------------------------------------------------------
[2026-07-23 08:12:31] Réponse
Array
(
    [status] => success
    [message] => 1 ligne(s) mise(s) à jour
    [updated] => 1
    [total_rows] => 1
    [errors] => Array
        (
        )

)

--------------------------------------------------------------------------------
[2026-07-23 08:12:31] === FIN ===
--------------------------------------------------------------------------------
[2026-07-23 08:13:05] === DÉBUT ===
--------------------------------------------------------------------------------
[2026-07-23 08:13:05] Input reçu
Array
(
    [raw_length] => 739
    [has_data] => 1
)

--------------------------------------------------------------------------------
[2026-07-23 08:13:05] Connexion BDD OK
--------------------------------------------------------------------------------
[2026-07-23 08:13:05] Traitement ID: 3434
--------------------------------------------------------------------------------
[2026-07-23 08:13:05] SQL
Array
(
    [sql] => UPDATE materiel SET marque = :marque, modele = :modele WHERE id = :id
    [params] => Array
        (
            [0] => :marque
            [1] => :modele
            [2] => :id
        )

)

--------------------------------------------------------------------------------
[2026-07-23 08:13:05] Mise à jour réussie ID: 3434
--------------------------------------------------------------------------------
[2026-07-23 08:13:05] Réponse
Array
(
    [status] => success
    [message] => 1 ligne(s) mise(s) à jour
    [updated] => 1
    [total_rows] => 1
    [errors] => Array
        (
        )

)

--------------------------------------------------------------------------------
[2026-07-23 08:13:05] === FIN ===
--------------------------------------------------------------------------------
[2026-07-23 08:14:17] === DÉBUT ===
--------------------------------------------------------------------------------
[2026-07-23 08:14:17] Input reçu
Array
(
    [raw_length] => 1376
    [has_data] => 1
)

--------------------------------------------------------------------------------
[2026-07-23 08:14:17] Connexion BDD OK
--------------------------------------------------------------------------------
[2026-07-23 08:14:17] Traitement ID: 2715
--------------------------------------------------------------------------------
[2026-07-23 08:14:17] SQL
Array
(
    [sql] => UPDATE materiel SET modele = :modele, type_materiel = :type_materiel WHERE id = :id
    [params] => Array
        (
            [0] => :modele
            [1] => :type_materiel
            [2] => :id
        )

)

--------------------------------------------------------------------------------
[2026-07-23 08:14:17] Mise à jour réussie ID: 2715
--------------------------------------------------------------------------------
[2026-07-23 08:14:17] Traitement ID: 2716
--------------------------------------------------------------------------------
[2026-07-23 08:14:17] SQL
Array
(
    [sql] => UPDATE materiel SET marque = :marque, modele = :modele, type_materiel = :type_materiel WHERE id = :id
    [params] => Array
        (
            [0] => :marque
            [1] => :modele
            [2] => :type_materiel
            [3] => :id
        )

)

--------------------------------------------------------------------------------
[2026-07-23 08:14:17] Mise à jour réussie ID: 2716
--------------------------------------------------------------------------------
[2026-07-23 08:14:17] Réponse
Array
(
    [status] => success
    [message] => 2 ligne(s) mise(s) à jour
    [updated] => 2
    [total_rows] => 2
    [errors] => Array
        (
        )

)

--------------------------------------------------------------------------------
[2026-07-23 08:14:17] === FIN ===
--------------------------------------------------------------------------------
