2026-05-29 14:01:11
{
  "event_name": "signature_request.done",
  "event_time": "2026-05-29T13:00:00+00:00",
  "data": {
    "signature_request": {
      "id": "fa857588-3ae5-4029-8b0b-2aa797b94583"
    }
  }
}

EVENT = signature_request.done
REQUEST ID = fa857588-3ae5-4029-8b0b-2aa797b94583
PDF SIGNÉ SAUVEGARDÉ = C:\xampp\htdocs\avision\public\controllers/../../uploads/interventions/330/BI_signed_330_20260529_140114.pdf
UPDATE SUCCESS - intervention_id=330
2026-05-29 14:02:49
{
  "event_name": "signature_request.done",
  "event_time": "2026-05-29T13:00:00+00:00",
  "data": {
    "signature_request": {
      "id": "fa857588-3ae5-4029-8b0b-2aa797b94583"
    }
  }
}

EVENT = signature_request.done
REQUEST ID = fa857588-3ae5-4029-8b0b-2aa797b94583
PDF SIGNÉ SAUVEGARDÉ = C:\xampp\htdocs\avision\public\controllers/../../uploads/interventions/330/BI_signed_330_20260529_140253.pdf
UPDATE SUCCESS - intervention_id=330
2026-05-29 14:04:56
{
  "event_name": "signature_request.done",
  "event_time": "2026-05-29T13:00:00+00:00",
  "data": {
    "signature_request": {
      "id": "fa857588-3ae5-4029-8b0b-2aa797b94583"
    }
  }
}

EVENT = signature_request.done
REQUEST ID = fa857588-3ae5-4029-8b0b-2aa797b94583
PDF SIGNÉ SAUVEGARDÉ = C:\xampp\htdocs\avision\public\controllers/../../uploads/interventions/330/BI_signed_330_20260529_140501.pdf
UPDATE SUCCESS - intervention_id=330
2026-05-29 14:05:12
{
  "event_name": "signature_request.done",
  "event_time": "2026-05-29T13:00:00+00:00",
  "data": {
    "signature_request": {
      "id": "fa857588-3ae5-4029-8b0b-2aa797b94583"
    }
  }
}

EVENT = signature_request.done
REQUEST ID = fa857588-3ae5-4029-8b0b-2aa797b94583
PDF SIGNÉ SAUVEGARDÉ = C:\xampp\htdocs\avision\public\controllers/../../uploads/interventions/330/BI_signed_330_20260529_140517.pdf
UPDATE SUCCESS - intervention_id=330
2026-05-29 14:05:56
{
  "event_name": "signature_request.done",
  "event_time": "2026-05-29T13:00:00+00:00",
  "data": {
    "signature_request": {
      "id": "fa857588-3ae5-4029-8b0b-2aa797b94583"
    }
  }
}

EVENT = signature_request.done
REQUEST ID = fa857588-3ae5-4029-8b0b-2aa797b94583
PDF SIGNÉ SAUVEGARDÉ = C:\xampp\htdocs\avision\public\controllers/../../uploads/interventions/330/BI_signed_330_20260529_140600.pdf
UPDATE SUCCESS - intervention_id=330
2026-06-01 08:52:33
{
  "event_name": "signature_request.done",
  "event_time": "2026-06-01 08:29:50",
  "data": {
    "signature_request": {
      "id": "ad0cfa5e-7025-414b-88bd-40aefc8b7910"
    }
  }
}

EVENT = signature_request.done
REQUEST ID = ad0cfa5e-7025-414b-88bd-40aefc8b7910
AUCUNE SIGNATURE TROUVÉE POUR REQUEST ID = ad0cfa5e-7025-414b-88bd-40aefc8b7910
2026-06-01 08:52:55
{
  "event_name": "signature_request.done",
  "event_time": "2026-06-01T13:00:00+00:00",
  "data": {
    "signature_request": {
      "id": "ad0cfa5e-7025-414b-88bd-40aefc8b7910"
    }
  }
}

EVENT = signature_request.done
REQUEST ID = ad0cfa5e-7025-414b-88bd-40aefc8b7910
AUCUNE SIGNATURE TROUVÉE POUR REQUEST ID = ad0cfa5e-7025-414b-88bd-40aefc8b7910
2026-06-01 08:54:09
{
  "event_name": "signature_request.done",
  "event_time": "2026-06-01T13:00:00+00:00",
  "data": {
    "signature_request": {
      "id": "a95d6347-9e0a-4848-9552-1387ed1c7946"
    }
  }
}

EVENT = signature_request.done
REQUEST ID = a95d6347-9e0a-4848-9552-1387ed1c7946
PDF SIGNÉ SAUVEGARDÉ = C:\xampp\htdocs\avision\public\controllers/../../uploads/interventions/330/BI_signed_330_20260601_085413.pdf
UPDATE SUCCESS - intervention_id=330
